<?xml version="1.0" encoding="utf-8"?>
<TestRun id="985ffec2-28c8-4ca1-b8ea-7fc15b2a2ecd" name="LECG Arquitectura@DESKTOP-1FAV1F2 2026-09-09 00:05:36" runUser="DESKTOP-1FAV1F2\LECG Arquitectura" xmlns="http://microsoft.com/schemas/VisualStudio/TeamTest/2010">
  <Times creation="2026-09-09T00:05:36.6038946-06:00" queuing="2026-09-09T00:05:36.6038948-06:00" start="2026-09-09T00:05:00.3321351-06:00" finish="2026-09-09T00:05:59.5766620-06:00" />
  <TestSettings name="default" id="c2c6a6db-f165-42c3-8e4f-30091aaf63f5">
    <Deployment runDeploymentRoot="LECG_Arquitectura_DESKTOP-1FAV1F2_2026-09-09_00_05_36" />
  </TestSettings>
  <Results>
    <UnitTestResult executionId="fe1baac4-e32b-4430-bf4a-a4ff2c65e801" testId="5d2e78ee-2b6d-6e93-7151-fea24f0e6937" testName="SnapshotIncludesAllTargetValuesAndOnlyWritableNonTargetValues" computerName="DESKTOP-1FAV1F2" duration="00:00:00.0011299" startTime="2026-09-09T00:05:35.8586312-06:00" endTime="2026-09-09T00:05:35.8586465-06:00" testType="13cdc9d9-ddb5-4fa4-a97d-d965ccfc6d4b" outcome="Passed" testListId="8c84fa94-04c1-424b-9868-57a2d4851a1d" relativeResultsDirectory="fe1baac4-e32b-4430-bf4a-a4ff2c65e801">
      <Output></Output>
    </UnitTestResult>
    <UnitTestResult executionId="49bc0d6b-b907-43c9-9807-d051b1e96cc6" testId="92c7207b-fd5b-f76e-4019-d807491dc670" testName="InspectNoWriteRestoration" computerName="DESKTOP-1FAV1F2" duration="00:00:20.7579900" startTime="2026-09-09T00:05:56.7727870-06:00" endTime="2026-09-09T00:05:56.7727874-06:00" testType="13cdc9d9-ddb5-4fa4-a97d-d965ccfc6d4b" outcome="Passed" testListId="8c84fa94-04c1-424b-9868-57a2d4851a1d" relativeResultsDirectory="49bc0d6b-b907-43c9-9807-d051b1e96cc6">
      <Output></Output>
    </UnitTestResult>
  </Results>
  <TestDefinitions>
    <UnitTest name="SnapshotIncludesAllTargetValuesAndOnlyWritableNonTargetValues" storage="c:\lecg\revitaddins\lecg\tools\settervalidationprobe\bin\x64\debug\net10.0-windows\settervalidationprobe.dll" id="5d2e78ee-2b6d-6e93-7151-fea24f0e6937">
      <Execution id="fe1baac4-e32b-4430-bf4a-a4ff2c65e801" />
      <TestMethod codeBase="C:\LECG\RevitAddins\LECG\tools\SetterValidationProbe\bin\x64\Debug\net10.0-windows\SetterValidationProbe.dll" adapterTypeName="executor://ricaun.revittest.testexecutor/v1" className="LECG.SetterValidationProbe.CompatibilityProbe" name="SnapshotIncludesAllTargetValuesAndOnlyWritableNonTargetValues" />
    </UnitTest>
    <UnitTest name="InspectNoWriteRestoration" storage="c:\lecg\revitaddins\lecg\tools\settervalidationprobe\bin\x64\debug\net10.0-windows\settervalidationprobe.dll" id="92c7207b-fd5b-f76e-4019-d807491dc670">
      <Execution id="49bc0d6b-b907-43c9-9807-d051b1e96cc6" />
      <TestMethod codeBase="C:\LECG\RevitAddins\LECG\tools\SetterValidationProbe\bin\x64\Debug\net10.0-windows\SetterValidationProbe.dll" adapterTypeName="executor://ricaun.revittest.testexecutor/v1" className="LECG.SetterValidationProbe.RestorationDiagnostic" name="InspectNoWriteRestoration" />
    </UnitTest>
  </TestDefinitions>
  <TestEntries>
    <TestEntry testId="5d2e78ee-2b6d-6e93-7151-fea24f0e6937" executionId="fe1baac4-e32b-4430-bf4a-a4ff2c65e801" testListId="8c84fa94-04c1-424b-9868-57a2d4851a1d" />
    <TestEntry testId="92c7207b-fd5b-f76e-4019-d807491dc670" executionId="49bc0d6b-b907-43c9-9807-d051b1e96cc6" testListId="8c84fa94-04c1-424b-9868-57a2d4851a1d" />
  </TestEntries>
  <TestLists>
    <TestList name="Results Not in a List" id="8c84fa94-04c1-424b-9868-57a2d4851a1d" />
    <TestList name="All Loaded Results" id="19431567-8539-422a-85d7-44ee4e166bda" />
  </TestLists>
  <ResultSummary outcome="Completed">
    <Counters total="2" executed="2" passed="2" failed="0" error="0" timeout="0" aborted="0" inconclusive="0" passedButRunAborted="0" notRunnable="0" notExecuted="0" disconnected="0" warning="0" completed="0" inProgress="0" pending="0" />
    <Output>
      <StdOut>TestAdapter: ricaun.RevitTest.TestAdapter 	1.11.1 	[Net Core]&#xD;
RunTest: C:\LECG\RevitAddins\LECG\tools\SetterValidationProbe\bin\x64\Debug\net10.0-windows\SetterValidationProbe.dll [TestCase: 2]&#xD;
Test: LECG.SetterValidationProbe.CompatibilityProbe.SnapshotIncludesAllTargetValuesAndOnlyWritableNonTargetValues.SnapshotIncludesAllTargetValuesAndOnlyWritableNonTargetValues&#xD;
Test: LECG.SetterValidationProbe.RestorationDiagnostic.InspectNoWriteRestoration.InspectNoWriteRestoration&#xD;
Metadata: NUnit.Version 	 2026&#xD;
Metadata: NUnit.Open 	 true&#xD;
Metadata: NUnit.Close 	 true&#xD;
Metadata: NUnit.Timeout 	 45&#xD;
Metadata: NUnit.Verbosity 	 2&#xD;
AdapterSettings: {"NUnit":{"Version":"2026","Language":null,"Open":true,"Close":true,"Timeout":45.0,"Verbosity":2,"Application":null,"Metadata":true}}&#xD;
---------&#xD;
RevitTestConsole: &#xD;
---------&#xD;
Application: ricaun.RevitTest.Console.zip&#xD;
Application Download: ricaun.RevitTest.Console.zip&#xD;
Application Process: ricaun.RevitTest.Console.exe 1.11.1&#xD;
Application: ricaun.RevitTest.Console.exe&#xD;
Application: File Signed by ricaun Ltda [Verokey]&#xD;
Application: ricaun.RevitTest.Console.exe is trusted.&#xD;
	TestFilter: LECG.SetterValidationProbe.CompatibilityProbe.SnapshotIncludesAllTargetValuesAndOnlyWritableNonTargetValues.SnapshotIncludesAllTargetValuesAndOnlyWritableNonTargetValues&#xD;
	TestFilter: LECG.SetterValidationProbe.RestorationDiagnostic.InspectNoWriteRestoration.InspectNoWriteRestoration&#xD;
RunRevitTest: C:\LECG\RevitAddins\LECG\tools\SetterValidationProbe\bin\x64\Debug\net10.0-windows\SetterValidationProbe.dll [Version: 2026] [TestFilter: 2]&#xD;
OutputConsole:  -------------------------------&#xD;
OutputConsole:  ricaun.RevitTest.Command 1.11.1 [Net Core] [ricaun.NUnit 1.5.0 3.13.3]&#xD;
OutputConsole:  -------------------------------&#xD;
OutputConsole:  Revit 2026&#xD;
OutputConsole:  Revit 2026: Start /language ENU &#xD;
OutputConsole:  Revit 2026: ricaun.RevitTest.Application 1.11.1 [ricaun.NUnit 1.5.0 3.13.3]&#xD;
OutputConsole:  Revit 2026: TestFile: SetterValidationProbe.dll TestFilters:["LECG.SetterValidationProbe.CompatibilityProbe.SnapshotIncludesAllTargetValuesAndOnlyWritableNonTargetValues.SnapshotIncludesAllTargetValuesAndOnlyWritableNonTargetValues","LECG.SetterValidationProbe.RestorationDiagnostic.InspectNoWriteRestoration.InspectNoWriteRestoration"]&#xD;
OutputConsole:  Revit 2026: 1.13 	 SnapshotIncludesAllTargetValuesAndOnlyWritableNonTargetValues	 Passed	 &#xD;
	TestCase: LECG.SetterValidationProbe.CompatibilityProbe.SnapshotIncludesAllTargetValuesAndOnlyWritableNonTargetValues [SnapshotIncludesAllTargetValuesAndOnlyWritableNonTargetValues] 	5d2e78ee-2b6d-6e93-7151-fea24f0e6937&#xD;
OutputConsole:  Revit 2026: 20757.99 	 InspectNoWriteRestoration	 Passed	 &#xD;
	TestCase: LECG.SetterValidationProbe.RestorationDiagnostic.InspectNoWriteRestoration [InspectNoWriteRestoration] 	92c7207b-fd5b-f76e-4019-d807491dc670&#xD;
OutputConsole:  Revit 2026: 20968.63 	 SetterValidationProbe 2 True 100% 20968.63ms&#xD;
OutputConsole:  Revit 2026: Tests Finished&#xD;
OutputConsole:  Revit 2026: Exited&#xD;
OutputConsole:  Revit 2026: Finish&#xD;
Dispose: ricaun.RevitTest.Console.exe&#xD;
---------&#xD;
</StdOut>
    </Output>
  </ResultSummary>
</TestRun>