  Determining projects to restore...
  All projects are up-to-date for restore.
C:\Program Files\dotnet\sdk\8.0.415\Microsoft.Common.CurrentVersion.targets(2412,5): warning MSB3277: Found conflicts between different versions of "Microsoft.VisualBasic" that could not be resolved. [C:\LECG\RevitAddins\LECG\LECG.csproj]
C:\Program Files\dotnet\sdk\8.0.415\Microsoft.Common.CurrentVersion.targets(2412,5): warning MSB3277: There was a conflict between "Microsoft.VisualBasic, Version=10.0.0.0, Culture=neutral, PublicKeyToken=b03f5f7f11d50a3a" and "Microsoft.VisualBasic, Version=10.1.0.0, Culture=neutral, PublicKeyToken=b03f5f7f11d50a3a". [C:\LECG\RevitAddins\LECG\LECG.csproj]
C:\Program Files\dotnet\sdk\8.0.415\Microsoft.Common.CurrentVersion.targets(2412,5): warning MSB3277:     "Microsoft.VisualBasic, Version=10.0.0.0, Culture=neutral, PublicKeyToken=b03f5f7f11d50a3a" was chosen because it was primary and "Microsoft.VisualBasic, Version=10.1.0.0, Culture=neutral, PublicKeyToken=b03f5f7f11d50a3a" was not. [C:\LECG\RevitAddins\LECG\LECG.csproj]
C:\Program Files\dotnet\sdk\8.0.415\Microsoft.Common.CurrentVersion.targets(2412,5): warning MSB3277:     References which depend on "Microsoft.VisualBasic, Version=10.0.0.0, Culture=neutral, PublicKeyToken=b03f5f7f11d50a3a" [C:\Program Files\dotnet\packs\Microsoft.NETCore.App.Ref\8.0.21\ref\net8.0\Microsoft.VisualBasic.dll]. [C:\LECG\RevitAddins\LECG\LECG.csproj]
C:\Program Files\dotnet\sdk\8.0.415\Microsoft.Common.CurrentVersion.targets(2412,5): warning MSB3277:         C:\Program Files\dotnet\packs\Microsoft.NETCore.App.Ref\8.0.21\ref\net8.0\Microsoft.VisualBasic.dll [C:\LECG\RevitAddins\LECG\LECG.csproj]
C:\Program Files\dotnet\sdk\8.0.415\Microsoft.Common.CurrentVersion.targets(2412,5): warning MSB3277:           Project file item includes which caused reference "C:\Program Files\dotnet\packs\Microsoft.NETCore.App.Ref\8.0.21\ref\net8.0\Microsoft.VisualBasic.dll". [C:\LECG\RevitAddins\LECG\LECG.csproj]
C:\Program Files\dotnet\sdk\8.0.415\Microsoft.Common.CurrentVersion.targets(2412,5): warning MSB3277:             C:\Program Files\dotnet\packs\Microsoft.NETCore.App.Ref\8.0.21\ref/net8.0/Microsoft.VisualBasic.dll [C:\LECG\RevitAddins\LECG\LECG.csproj]
C:\Program Files\dotnet\sdk\8.0.415\Microsoft.Common.CurrentVersion.targets(2412,5): warning MSB3277:     References which depend on or have been unified to "Microsoft.VisualBasic, Version=10.1.0.0, Culture=neutral, PublicKeyToken=b03f5f7f11d50a3a" []. [C:\LECG\RevitAddins\LECG\LECG.csproj]
C:\Program Files\dotnet\sdk\8.0.415\Microsoft.Common.CurrentVersion.targets(2412,5): warning MSB3277:         C:\Program Files\Autodesk\Revit 2026\RevitAPI.dll [C:\LECG\RevitAddins\LECG\LECG.csproj]
C:\Program Files\dotnet\sdk\8.0.415\Microsoft.Common.CurrentVersion.targets(2412,5): warning MSB3277:           Project file item includes which caused reference "C:\Program Files\Autodesk\Revit 2026\RevitAPI.dll". [C:\LECG\RevitAddins\LECG\LECG.csproj]
C:\Program Files\dotnet\sdk\8.0.415\Microsoft.Common.CurrentVersion.targets(2412,5): warning MSB3277:             RevitAPI [C:\LECG\RevitAddins\LECG\LECG.csproj]
C:\Program Files\dotnet\sdk\8.0.415\Microsoft.Common.CurrentVersion.targets(2412,5): warning MSB3277:             RevitAPIUI [C:\LECG\RevitAddins\LECG\LECG.csproj]
C:\Program Files\dotnet\sdk\8.0.415\Microsoft.Common.CurrentVersion.targets(2412,5): warning MSB3277:         C:\Program Files\Autodesk\Revit 2026\RevitAPIUI.dll [C:\LECG\RevitAddins\LECG\LECG.csproj]
C:\Program Files\dotnet\sdk\8.0.415\Microsoft.Common.CurrentVersion.targets(2412,5): warning MSB3277:           Project file item includes which caused reference "C:\Program Files\Autodesk\Revit 2026\RevitAPIUI.dll". [C:\LECG\RevitAddins\LECG\LECG.csproj]
C:\Program Files\dotnet\sdk\8.0.415\Microsoft.Common.CurrentVersion.targets(2412,5): warning MSB3277:             RevitAPIUI [C:\LECG\RevitAddins\LECG\LECG.csproj]
C:\Program Files\dotnet\sdk\8.0.415\Microsoft.Common.CurrentVersion.targets(2412,5): warning MSB3277:         C:\Program Files\Autodesk\Revit 2026\AdskRcManaged.dll [C:\LECG\RevitAddins\LECG\LECG.csproj]
C:\Program Files\dotnet\sdk\8.0.415\Microsoft.Common.CurrentVersion.targets(2412,5): warning MSB3277:           Project file item includes which caused reference "C:\Program Files\Autodesk\Revit 2026\AdskRcManaged.dll". [C:\LECG\RevitAddins\LECG\LECG.csproj]
C:\Program Files\dotnet\sdk\8.0.415\Microsoft.Common.CurrentVersion.targets(2412,5): warning MSB3277:             RevitAPI [C:\LECG\RevitAddins\LECG\LECG.csproj]
C:\Program Files\dotnet\sdk\8.0.415\Microsoft.Common.CurrentVersion.targets(2412,5): warning MSB3277:             RevitAPIUI [C:\LECG\RevitAddins\LECG\LECG.csproj]
C:\Program Files\dotnet\sdk\8.0.415\Microsoft.Common.CurrentVersion.targets(2412,5): warning MSB3277:         C:\Program Files\Autodesk\Revit 2026\RevitAPIFoundation.dll [C:\LECG\RevitAddins\LECG\LECG.csproj]
C:\Program Files\dotnet\sdk\8.0.415\Microsoft.Common.CurrentVersion.targets(2412,5): warning MSB3277:           Project file item includes which caused reference "C:\Program Files\Autodesk\Revit 2026\RevitAPIFoundation.dll". [C:\LECG\RevitAddins\LECG\LECG.csproj]
C:\Program Files\dotnet\sdk\8.0.415\Microsoft.Common.CurrentVersion.targets(2412,5): warning MSB3277:             RevitAPI [C:\LECG\RevitAddins\LECG\LECG.csproj]
C:\Program Files\dotnet\sdk\8.0.415\Microsoft.Common.CurrentVersion.targets(2412,5): warning MSB3277:             RevitAPIUI [C:\LECG\RevitAddins\LECG\LECG.csproj]
C:\Program Files\dotnet\sdk\8.0.415\Microsoft.Common.CurrentVersion.targets(2412,5): warning MSB3277:         C:\Program Files\Autodesk\Revit 2026\RevitDBAPI.dll [C:\LECG\RevitAddins\LECG\LECG.csproj]
C:\Program Files\dotnet\sdk\8.0.415\Microsoft.Common.CurrentVersion.targets(2412,5): warning MSB3277:           Project file item includes which caused reference "C:\Program Files\Autodesk\Revit 2026\RevitDBAPI.dll". [C:\LECG\RevitAddins\LECG\LECG.csproj]
C:\Program Files\dotnet\sdk\8.0.415\Microsoft.Common.CurrentVersion.targets(2412,5): warning MSB3277:             RevitAPI [C:\LECG\RevitAddins\LECG\LECG.csproj]
C:\Program Files\dotnet\sdk\8.0.415\Microsoft.Common.CurrentVersion.targets(2412,5): warning MSB3277:             RevitAPIUI [C:\LECG\RevitAddins\LECG\LECG.csproj]
C:\Program Files\dotnet\sdk\8.0.415\Microsoft.Common.CurrentVersion.targets(2412,5): warning MSB3277:         C:\Program Files\Autodesk\Revit 2026\RevitDBCoreAPI.dll [C:\LECG\RevitAddins\LECG\LECG.csproj]
C:\Program Files\dotnet\sdk\8.0.415\Microsoft.Common.CurrentVersion.targets(2412,5): warning MSB3277:           Project file item includes which caused reference "C:\Program Files\Autodesk\Revit 2026\RevitDBCoreAPI.dll". [C:\LECG\RevitAddins\LECG\LECG.csproj]
C:\Program Files\dotnet\sdk\8.0.415\Microsoft.Common.CurrentVersion.targets(2412,5): warning MSB3277:             RevitAPI [C:\LECG\RevitAddins\LECG\LECG.csproj]
C:\Program Files\dotnet\sdk\8.0.415\Microsoft.Common.CurrentVersion.targets(2412,5): warning MSB3277:             RevitAPIUI [C:\LECG\RevitAddins\LECG\LECG.csproj]
C:\Program Files\dotnet\sdk\8.0.415\Microsoft.Common.CurrentVersion.targets(2412,5): warning MSB3277:         C:\Program Files\Autodesk\Revit 2026\PersistenceDBAPI.dll [C:\LECG\RevitAddins\LECG\LECG.csproj]
C:\Program Files\dotnet\sdk\8.0.415\Microsoft.Common.CurrentVersion.targets(2412,5): warning MSB3277:           Project file item includes which caused reference "C:\Program Files\Autodesk\Revit 2026\PersistenceDBAPI.dll". [C:\LECG\RevitAddins\LECG\LECG.csproj]
C:\Program Files\dotnet\sdk\8.0.415\Microsoft.Common.CurrentVersion.targets(2412,5): warning MSB3277:             RevitAPI [C:\LECG\RevitAddins\LECG\LECG.csproj]
C:\Program Files\dotnet\sdk\8.0.415\Microsoft.Common.CurrentVersion.targets(2412,5): warning MSB3277:             RevitAPIUI [C:\LECG\RevitAddins\LECG\LECG.csproj]
C:\Program Files\dotnet\sdk\8.0.415\Microsoft.Common.CurrentVersion.targets(2412,5): warning MSB3277:         C:\Program Files\Autodesk\Revit 2026\UtilityAPI.dll [C:\LECG\RevitAddins\LECG\LECG.csproj]
C:\Program Files\dotnet\sdk\8.0.415\Microsoft.Common.CurrentVersion.targets(2412,5): warning MSB3277:           Project file item includes which caused reference "C:\Program Files\Autodesk\Revit 2026\UtilityAPI.dll". [C:\LECG\RevitAddins\LECG\LECG.csproj]
C:\Program Files\dotnet\sdk\8.0.415\Microsoft.Common.CurrentVersion.targets(2412,5): warning MSB3277:             RevitAPI [C:\LECG\RevitAddins\LECG\LECG.csproj]
C:\Program Files\dotnet\sdk\8.0.415\Microsoft.Common.CurrentVersion.targets(2412,5): warning MSB3277:             RevitAPIUI [C:\LECG\RevitAddins\LECG\LECG.csproj]
C:\Program Files\dotnet\sdk\8.0.415\Microsoft.Common.CurrentVersion.targets(2412,5): warning MSB3277:         C:\Program Files\Autodesk\Revit 2026\APIDBAPI.dll [C:\LECG\RevitAddins\LECG\LECG.csproj]
C:\Program Files\dotnet\sdk\8.0.415\Microsoft.Common.CurrentVersion.targets(2412,5): warning MSB3277:           Project file item includes which caused reference "C:\Program Files\Autodesk\Revit 2026\APIDBAPI.dll". [C:\LECG\RevitAddins\LECG\LECG.csproj]
C:\Program Files\dotnet\sdk\8.0.415\Microsoft.Common.CurrentVersion.targets(2412,5): warning MSB3277:             RevitAPI [C:\LECG\RevitAddins\LECG\LECG.csproj]
C:\Program Files\dotnet\sdk\8.0.415\Microsoft.Common.CurrentVersion.targets(2412,5): warning MSB3277:             RevitAPIUI [C:\LECG\RevitAddins\LECG\LECG.csproj]
C:\Program Files\dotnet\sdk\8.0.415\Microsoft.Common.CurrentVersion.targets(2412,5): warning MSB3277:         C:\Program Files\Autodesk\Revit 2026\GraphicsAPI.dll [C:\LECG\RevitAddins\LECG\LECG.csproj]
C:\Program Files\dotnet\sdk\8.0.415\Microsoft.Common.CurrentVersion.targets(2412,5): warning MSB3277:           Project file item includes which caused reference "C:\Program Files\Autodesk\Revit 2026\GraphicsAPI.dll". [C:\LECG\RevitAddins\LECG\LECG.csproj]
C:\Program Files\dotnet\sdk\8.0.415\Microsoft.Common.CurrentVersion.targets(2412,5): warning MSB3277:             RevitAPI [C:\LECG\RevitAddins\LECG\LECG.csproj]
C:\Program Files\dotnet\sdk\8.0.415\Microsoft.Common.CurrentVersion.targets(2412,5): warning MSB3277:             RevitAPIUI [C:\LECG\RevitAddins\LECG\LECG.csproj]
C:\Program Files\dotnet\sdk\8.0.415\Microsoft.Common.CurrentVersion.targets(2412,5): warning MSB3277:         C:\Program Files\Autodesk\Revit 2026\ElementGroupDBAPI.dll [C:\LECG\RevitAddins\LECG\LECG.csproj]
C:\Program Files\dotnet\sdk\8.0.415\Microsoft.Common.CurrentVersion.targets(2412,5): warning MSB3277:           Project file item includes which caused reference "C:\Program Files\Autodesk\Revit 2026\ElementGroupDBAPI.dll". [C:\LECG\RevitAddins\LECG\LECG.csproj]
C:\Program Files\dotnet\sdk\8.0.415\Microsoft.Common.CurrentVersion.targets(2412,5): warning MSB3277:             RevitAPI [C:\LECG\RevitAddins\LECG\LECG.csproj]
C:\Program Files\dotnet\sdk\8.0.415\Microsoft.Common.CurrentVersion.targets(2412,5): warning MSB3277:             RevitAPIUI [C:\LECG\RevitAddins\LECG\LECG.csproj]
C:\Program Files\dotnet\sdk\8.0.415\Microsoft.Common.CurrentVersion.targets(2412,5): warning MSB3277:         C:\Program Files\Autodesk\Revit 2026\EssentialsDBAPI.dll [C:\LECG\RevitAddins\LECG\LECG.csproj]
C:\Program Files\dotnet\sdk\8.0.415\Microsoft.Common.CurrentVersion.targets(2412,5): warning MSB3277:           Project file item includes which caused reference "C:\Program Files\Autodesk\Revit 2026\EssentialsDBAPI.dll". [C:\LECG\RevitAddins\LECG\LECG.csproj]
C:\Program Files\dotnet\sdk\8.0.415\Microsoft.Common.CurrentVersion.targets(2412,5): warning MSB3277:             RevitAPI [C:\LECG\RevitAddins\LECG\LECG.csproj]
C:\Program Files\dotnet\sdk\8.0.415\Microsoft.Common.CurrentVersion.targets(2412,5): warning MSB3277:             RevitAPIUI [C:\LECG\RevitAddins\LECG\LECG.csproj]
C:\Program Files\dotnet\sdk\8.0.415\Microsoft.Common.CurrentVersion.targets(2412,5): warning MSB3277:         C:\Program Files\Autodesk\Revit 2026\GeomUtilAPI.dll [C:\LECG\RevitAddins\LECG\LECG.csproj]
C:\Program Files\dotnet\sdk\8.0.415\Microsoft.Common.CurrentVersion.targets(2412,5): warning MSB3277:           Project file item includes which caused reference "C:\Program Files\Autodesk\Revit 2026\GeomUtilAPI.dll". [C:\LECG\RevitAddins\LECG\LECG.csproj]
C:\Program Files\dotnet\sdk\8.0.415\Microsoft.Common.CurrentVersion.targets(2412,5): warning MSB3277:             RevitAPI [C:\LECG\RevitAddins\LECG\LECG.csproj]
C:\Program Files\dotnet\sdk\8.0.415\Microsoft.Common.CurrentVersion.targets(2412,5): warning MSB3277:             RevitAPIUI [C:\LECG\RevitAddins\LECG\LECG.csproj]
C:\Program Files\dotnet\sdk\8.0.415\Microsoft.Common.CurrentVersion.targets(2412,5): warning MSB3277:         C:\Program Files\Autodesk\Revit 2026\FamilyDBAPI.dll [C:\LECG\RevitAddins\LECG\LECG.csproj]
C:\Program Files\dotnet\sdk\8.0.415\Microsoft.Common.CurrentVersion.targets(2412,5): warning MSB3277:           Project file item includes which caused reference "C:\Program Files\Autodesk\Revit 2026\FamilyDBAPI.dll". [C:\LECG\RevitAddins\LECG\LECG.csproj]
C:\Program Files\dotnet\sdk\8.0.415\Microsoft.Common.CurrentVersion.targets(2412,5): warning MSB3277:             RevitAPI [C:\LECG\RevitAddins\LECG\LECG.csproj]
C:\Program Files\dotnet\sdk\8.0.415\Microsoft.Common.CurrentVersion.targets(2412,5): warning MSB3277:             RevitAPIUI [C:\LECG\RevitAddins\LECG\LECG.csproj]
C:\Program Files\dotnet\sdk\8.0.415\Microsoft.Common.CurrentVersion.targets(2412,5): warning MSB3277:         C:\Program Files\Autodesk\Revit 2026\DetailDBAPI.dll [C:\LECG\RevitAddins\LECG\LECG.csproj]
C:\Program Files\dotnet\sdk\8.0.415\Microsoft.Common.CurrentVersion.targets(2412,5): warning MSB3277:           Project file item includes which caused reference "C:\Program Files\Autodesk\Revit 2026\DetailDBAPI.dll". [C:\LECG\RevitAddins\LECG\LECG.csproj]
C:\Program Files\dotnet\sdk\8.0.415\Microsoft.Common.CurrentVersion.targets(2412,5): warning MSB3277:             RevitAPI [C:\LECG\RevitAddins\LECG\LECG.csproj]
C:\Program Files\dotnet\sdk\8.0.415\Microsoft.Common.CurrentVersion.targets(2412,5): warning MSB3277:             RevitAPIUI [C:\LECG\RevitAddins\LECG\LECG.csproj]
C:\Program Files\dotnet\sdk\8.0.415\Microsoft.Common.CurrentVersion.targets(2412,5): warning MSB3277:         C:\Program Files\Autodesk\Revit 2026\CurtainGridFamilyDBAPI.dll [C:\LECG\RevitAddins\LECG\LECG.csproj]
C:\Program Files\dotnet\sdk\8.0.415\Microsoft.Common.CurrentVersion.targets(2412,5): warning MSB3277:           Project file item includes which caused reference "C:\Program Files\Autodesk\Revit 2026\CurtainGridFamilyDBAPI.dll". [C:\LECG\RevitAddins\LECG\LECG.csproj]
C:\Program Files\dotnet\sdk\8.0.415\Microsoft.Common.CurrentVersion.targets(2412,5): warning MSB3277:             RevitAPI [C:\LECG\RevitAddins\LECG\LECG.csproj]
C:\Program Files\dotnet\sdk\8.0.415\Microsoft.Common.CurrentVersion.targets(2412,5): warning MSB3277:             RevitAPIUI [C:\LECG\RevitAddins\LECG\LECG.csproj]
C:\Program Files\dotnet\sdk\8.0.415\Microsoft.Common.CurrentVersion.targets(2412,5): warning MSB3277:         C:\Program Files\Autodesk\Revit 2026\ArrayElemsDBAPI.dll [C:\LECG\RevitAddins\LECG\LECG.csproj]
C:\Program Files\dotnet\sdk\8.0.415\Microsoft.Common.CurrentVersion.targets(2412,5): warning MSB3277:           Project file item includes which caused reference "C:\Program Files\Autodesk\Revit 2026\ArrayElemsDBAPI.dll". [C:\LECG\RevitAddins\LECG\LECG.csproj]
C:\Program Files\dotnet\sdk\8.0.415\Microsoft.Common.CurrentVersion.targets(2412,5): warning MSB3277:             RevitAPI [C:\LECG\RevitAddins\LECG\LECG.csproj]
C:\Program Files\dotnet\sdk\8.0.415\Microsoft.Common.CurrentVersion.targets(2412,5): warning MSB3277:             RevitAPIUI [C:\LECG\RevitAddins\LECG\LECG.csproj]
C:\Program Files\dotnet\sdk\8.0.415\Microsoft.Common.CurrentVersion.targets(2412,5): warning MSB3277:         C:\Program Files\Autodesk\Revit 2026\EnergyAnalysisDBAPI.dll [C:\LECG\RevitAddins\LECG\LECG.csproj]
C:\Program Files\dotnet\sdk\8.0.415\Microsoft.Common.CurrentVersion.targets(2412,5): warning MSB3277:           Project file item includes which caused reference "C:\Program Files\Autodesk\Revit 2026\EnergyAnalysisDBAPI.dll". [C:\LECG\RevitAddins\LECG\LECG.csproj]
C:\Program Files\dotnet\sdk\8.0.415\Microsoft.Common.CurrentVersion.targets(2412,5): warning MSB3277:             RevitAPI [C:\LECG\RevitAddins\LECG\LECG.csproj]
C:\Program Files\dotnet\sdk\8.0.415\Microsoft.Common.CurrentVersion.targets(2412,5): warning MSB3277:             RevitAPIUI [C:\LECG\RevitAddins\LECG\LECG.csproj]
C:\Program Files\dotnet\sdk\8.0.415\Microsoft.Common.CurrentVersion.targets(2412,5): warning MSB3277:         C:\Program Files\Autodesk\Revit 2026\BuildingSystemsDBAPI.dll [C:\LECG\RevitAddins\LECG\LECG.csproj]
C:\Program Files\dotnet\sdk\8.0.415\Microsoft.Common.CurrentVersion.targets(2412,5): warning MSB3277:           Project file item includes which caused reference "C:\Program Files\Autodesk\Revit 2026\BuildingSystemsDBAPI.dll". [C:\LECG\RevitAddins\LECG\LECG.csproj]
C:\Program Files\dotnet\sdk\8.0.415\Microsoft.Common.CurrentVersion.targets(2412,5): warning MSB3277:             RevitAPI [C:\LECG\RevitAddins\LECG\LECG.csproj]
C:\Program Files\dotnet\sdk\8.0.415\Microsoft.Common.CurrentVersion.targets(2412,5): warning MSB3277:             RevitAPIUI [C:\LECG\RevitAddins\LECG\LECG.csproj]
C:\Program Files\dotnet\sdk\8.0.415\Microsoft.Common.CurrentVersion.targets(2412,5): warning MSB3277:         C:\Program Files\Autodesk\Revit 2026\HostObjDBAPI.dll [C:\LECG\RevitAddins\LECG\LECG.csproj]
C:\Program Files\dotnet\sdk\8.0.415\Microsoft.Common.CurrentVersion.targets(2412,5): warning MSB3277:           Project file item includes which caused reference "C:\Program Files\Autodesk\Revit 2026\HostObjDBAPI.dll". [C:\LECG\RevitAddins\LECG\LECG.csproj]
C:\Program Files\dotnet\sdk\8.0.415\Microsoft.Common.CurrentVersion.targets(2412,5): warning MSB3277:             RevitAPI [C:\LECG\RevitAddins\LECG\LECG.csproj]
C:\Program Files\dotnet\sdk\8.0.415\Microsoft.Common.CurrentVersion.targets(2412,5): warning MSB3277:             RevitAPIUI [C:\LECG\RevitAddins\LECG\LECG.csproj]
C:\Program Files\dotnet\sdk\8.0.415\Microsoft.Common.CurrentVersion.targets(2412,5): warning MSB3277:         C:\Program Files\Autodesk\Revit 2026\RoomAreaPlanDBAPI.dll [C:\LECG\RevitAddins\LECG\LECG.csproj]
C:\Program Files\dotnet\sdk\8.0.415\Microsoft.Common.CurrentVersion.targets(2412,5): warning MSB3277:           Project file item includes which caused reference "C:\Program Files\Autodesk\Revit 2026\RoomAreaPlanDBAPI.dll". [C:\LECG\RevitAddins\LECG\LECG.csproj]
C:\Program Files\dotnet\sdk\8.0.415\Microsoft.Common.CurrentVersion.targets(2412,5): warning MSB3277:             RevitAPI [C:\LECG\RevitAddins\LECG\LECG.csproj]
C:\Program Files\dotnet\sdk\8.0.415\Microsoft.Common.CurrentVersion.targets(2412,5): warning MSB3277:             RevitAPIUI [C:\LECG\RevitAddins\LECG\LECG.csproj]
C:\Program Files\dotnet\sdk\8.0.415\Microsoft.Common.CurrentVersion.targets(2412,5): warning MSB3277:         C:\Program Files\Autodesk\Revit 2026\SiteDBAPI.dll [C:\LECG\RevitAddins\LECG\LECG.csproj]
C:\Program Files\dotnet\sdk\8.0.415\Microsoft.Common.CurrentVersion.targets(2412,5): warning MSB3277:           Project file item includes which caused reference "C:\Program Files\Autodesk\Revit 2026\SiteDBAPI.dll". [C:\LECG\RevitAddins\LECG\LECG.csproj]
C:\Program Files\dotnet\sdk\8.0.415\Microsoft.Common.CurrentVersion.targets(2412,5): warning MSB3277:             RevitAPI [C:\LECG\RevitAddins\LECG\LECG.csproj]
C:\Program Files\dotnet\sdk\8.0.415\Microsoft.Common.CurrentVersion.targets(2412,5): warning MSB3277:             RevitAPIUI [C:\LECG\RevitAddins\LECG\LECG.csproj]
C:\Program Files\dotnet\sdk\8.0.415\Microsoft.Common.CurrentVersion.targets(2412,5): warning MSB3277:         C:\Program Files\Autodesk\Revit 2026\SculptingDBAPI.dll [C:\LECG\RevitAddins\LECG\LECG.csproj]
C:\Program Files\dotnet\sdk\8.0.415\Microsoft.Common.CurrentVersion.targets(2412,5): warning MSB3277:           Project file item includes which caused reference "C:\Program Files\Autodesk\Revit 2026\SculptingDBAPI.dll". [C:\LECG\RevitAddins\LECG\LECG.csproj]
C:\Program Files\dotnet\sdk\8.0.415\Microsoft.Common.CurrentVersion.targets(2412,5): warning MSB3277:             RevitAPI [C:\LECG\RevitAddins\LECG\LECG.csproj]
C:\Program Files\dotnet\sdk\8.0.415\Microsoft.Common.CurrentVersion.targets(2412,5): warning MSB3277:             RevitAPIUI [C:\LECG\RevitAddins\LECG\LECG.csproj]
C:\Program Files\dotnet\sdk\8.0.415\Microsoft.Common.CurrentVersion.targets(2412,5): warning MSB3277:         C:\Program Files\Autodesk\Revit 2026\StructuralDBAPI.dll [C:\LECG\RevitAddins\LECG\LECG.csproj]
C:\Program Files\dotnet\sdk\8.0.415\Microsoft.Common.CurrentVersion.targets(2412,5): warning MSB3277:           Project file item includes which caused reference "C:\Program Files\Autodesk\Revit 2026\StructuralDBAPI.dll". [C:\LECG\RevitAddins\LECG\LECG.csproj]
C:\Program Files\dotnet\sdk\8.0.415\Microsoft.Common.CurrentVersion.targets(2412,5): warning MSB3277:             RevitAPI [C:\LECG\RevitAddins\LECG\LECG.csproj]
C:\Program Files\dotnet\sdk\8.0.415\Microsoft.Common.CurrentVersion.targets(2412,5): warning MSB3277:             RevitAPIUI [C:\LECG\RevitAddins\LECG\LECG.csproj]
C:\Program Files\dotnet\sdk\8.0.415\Microsoft.Common.CurrentVersion.targets(2412,5): warning MSB3277:         C:\Program Files\Autodesk\Revit 2026\InterfaceAPI.dll [C:\LECG\RevitAddins\LECG\LECG.csproj]
C:\Program Files\dotnet\sdk\8.0.415\Microsoft.Common.CurrentVersion.targets(2412,5): warning MSB3277:           Project file item includes which caused reference "C:\Program Files\Autodesk\Revit 2026\InterfaceAPI.dll". [C:\LECG\RevitAddins\LECG\LECG.csproj]
C:\Program Files\dotnet\sdk\8.0.415\Microsoft.Common.CurrentVersion.targets(2412,5): warning MSB3277:             RevitAPI [C:\LECG\RevitAddins\LECG\LECG.csproj]
C:\Program Files\dotnet\sdk\8.0.415\Microsoft.Common.CurrentVersion.targets(2412,5): warning MSB3277:             RevitAPIUI [C:\LECG\RevitAddins\LECG\LECG.csproj]
C:\Program Files\dotnet\sdk\8.0.415\Microsoft.Common.CurrentVersion.targets(2412,5): warning MSB3277:         C:\Program Files\Autodesk\Revit 2026\InterfaceUtilAPI.dll [C:\LECG\RevitAddins\LECG\LECG.csproj]
C:\Program Files\dotnet\sdk\8.0.415\Microsoft.Common.CurrentVersion.targets(2412,5): warning MSB3277:           Project file item includes which caused reference "C:\Program Files\Autodesk\Revit 2026\InterfaceUtilAPI.dll". [C:\LECG\RevitAddins\LECG\LECG.csproj]
C:\Program Files\dotnet\sdk\8.0.415\Microsoft.Common.CurrentVersion.targets(2412,5): warning MSB3277:             RevitAPI [C:\LECG\RevitAddins\LECG\LECG.csproj]
C:\Program Files\dotnet\sdk\8.0.415\Microsoft.Common.CurrentVersion.targets(2412,5): warning MSB3277:             RevitAPIUI [C:\LECG\RevitAddins\LECG\LECG.csproj]
C:\Program Files\dotnet\sdk\8.0.415\Microsoft.Common.CurrentVersion.targets(2412,5): warning MSB3277:         C:\Program Files\Autodesk\Revit 2026\RebarDBAPI.dll [C:\LECG\RevitAddins\LECG\LECG.csproj]
C:\Program Files\dotnet\sdk\8.0.415\Microsoft.Common.CurrentVersion.targets(2412,5): warning MSB3277:           Project file item includes which caused reference "C:\Program Files\Autodesk\Revit 2026\RebarDBAPI.dll". [C:\LECG\RevitAddins\LECG\LECG.csproj]
C:\Program Files\dotnet\sdk\8.0.415\Microsoft.Common.CurrentVersion.targets(2412,5): warning MSB3277:             RevitAPI [C:\LECG\RevitAddins\LECG\LECG.csproj]
C:\Program Files\dotnet\sdk\8.0.415\Microsoft.Common.CurrentVersion.targets(2412,5): warning MSB3277:             RevitAPIUI [C:\LECG\RevitAddins\LECG\LECG.csproj]
C:\Program Files\dotnet\sdk\8.0.415\Microsoft.Common.CurrentVersion.targets(2412,5): warning MSB3277:         C:\Program Files\Autodesk\Revit 2026\StructuralAnalysisDBAPI.dll [C:\LECG\RevitAddins\LECG\LECG.csproj]
C:\Program Files\dotnet\sdk\8.0.415\Microsoft.Common.CurrentVersion.targets(2412,5): warning MSB3277:           Project file item includes which caused reference "C:\Program Files\Autodesk\Revit 2026\StructuralAnalysisDBAPI.dll". [C:\LECG\RevitAddins\LECG\LECG.csproj]
C:\Program Files\dotnet\sdk\8.0.415\Microsoft.Common.CurrentVersion.targets(2412,5): warning MSB3277:             RevitAPI [C:\LECG\RevitAddins\LECG\LECG.csproj]
C:\Program Files\dotnet\sdk\8.0.415\Microsoft.Common.CurrentVersion.targets(2412,5): warning MSB3277:             RevitAPIUI [C:\LECG\RevitAddins\LECG\LECG.csproj]
C:\Program Files\dotnet\sdk\8.0.415\Microsoft.Common.CurrentVersion.targets(2412,5): warning MSB3277:         C:\Program Files\Autodesk\Revit 2026\MassingDBAPI.dll [C:\LECG\RevitAddins\LECG\LECG.csproj]
C:\Program Files\dotnet\sdk\8.0.415\Microsoft.Common.CurrentVersion.targets(2412,5): warning MSB3277:           Project file item includes which caused reference "C:\Program Files\Autodesk\Revit 2026\MassingDBAPI.dll". [C:\LECG\RevitAddins\LECG\LECG.csproj]
C:\Program Files\dotnet\sdk\8.0.415\Microsoft.Common.CurrentVersion.targets(2412,5): warning MSB3277:             RevitAPI [C:\LECG\RevitAddins\LECG\LECG.csproj]
C:\Program Files\dotnet\sdk\8.0.415\Microsoft.Common.CurrentVersion.targets(2412,5): warning MSB3277:             RevitAPIUI [C:\LECG\RevitAddins\LECG\LECG.csproj]
C:\Program Files\dotnet\sdk\8.0.415\Microsoft.Common.CurrentVersion.targets(2412,5): warning MSB3277:         C:\Program Files\Autodesk\Revit 2026\AssemblyDBAPI.dll [C:\LECG\RevitAddins\LECG\LECG.csproj]
C:\Program Files\dotnet\sdk\8.0.415\Microsoft.Common.CurrentVersion.targets(2412,5): warning MSB3277:           Project file item includes which caused reference "C:\Program Files\Autodesk\Revit 2026\AssemblyDBAPI.dll". [C:\LECG\RevitAddins\LECG\LECG.csproj]
C:\Program Files\dotnet\sdk\8.0.415\Microsoft.Common.CurrentVersion.targets(2412,5): warning MSB3277:             RevitAPI [C:\LECG\RevitAddins\LECG\LECG.csproj]
C:\Program Files\dotnet\sdk\8.0.415\Microsoft.Common.CurrentVersion.targets(2412,5): warning MSB3277:             RevitAPIUI [C:\LECG\RevitAddins\LECG\LECG.csproj]
C:\Program Files\dotnet\sdk\8.0.415\Microsoft.Common.CurrentVersion.targets(2412,5): warning MSB3277:         C:\Program Files\Autodesk\Revit 2026\DPartDBAPI.dll [C:\LECG\RevitAddins\LECG\LECG.csproj]
C:\Program Files\dotnet\sdk\8.0.415\Microsoft.Common.CurrentVersion.targets(2412,5): warning MSB3277:           Project file item includes which caused reference "C:\Program Files\Autodesk\Revit 2026\DPartDBAPI.dll". [C:\LECG\RevitAddins\LECG\LECG.csproj]
C:\Program Files\dotnet\sdk\8.0.415\Microsoft.Common.CurrentVersion.targets(2412,5): warning MSB3277:             RevitAPI [C:\LECG\RevitAddins\LECG\LECG.csproj]
C:\Program Files\dotnet\sdk\8.0.415\Microsoft.Common.CurrentVersion.targets(2412,5): warning MSB3277:             RevitAPIUI [C:\LECG\RevitAddins\LECG\LECG.csproj]
C:\Program Files\dotnet\sdk\8.0.415\Microsoft.Common.CurrentVersion.targets(2412,5): warning MSB3277:         C:\Program Files\Autodesk\Revit 2026\NumberingDBAPI.dll [C:\LECG\RevitAddins\LECG\LECG.csproj]
C:\Program Files\dotnet\sdk\8.0.415\Microsoft.Common.CurrentVersion.targets(2412,5): warning MSB3277:           Project file item includes which caused reference "C:\Program Files\Autodesk\Revit 2026\NumberingDBAPI.dll". [C:\LECG\RevitAddins\LECG\LECG.csproj]
C:\Program Files\dotnet\sdk\8.0.415\Microsoft.Common.CurrentVersion.targets(2412,5): warning MSB3277:             RevitAPI [C:\LECG\RevitAddins\LECG\LECG.csproj]
C:\Program Files\dotnet\sdk\8.0.415\Microsoft.Common.CurrentVersion.targets(2412,5): warning MSB3277:             RevitAPIUI [C:\LECG\RevitAddins\LECG\LECG.csproj]
C:\Program Files\dotnet\sdk\8.0.415\Microsoft.Common.CurrentVersion.targets(2412,5): warning MSB3277:         C:\Program Files\Autodesk\Revit 2026\PointCloudAccessAPI.dll [C:\LECG\RevitAddins\LECG\LECG.csproj]
C:\Program Files\dotnet\sdk\8.0.415\Microsoft.Common.CurrentVersion.targets(2412,5): warning MSB3277:           Project file item includes which caused reference "C:\Program Files\Autodesk\Revit 2026\PointCloudAccessAPI.dll". [C:\LECG\RevitAddins\LECG\LECG.csproj]
C:\Program Files\dotnet\sdk\8.0.415\Microsoft.Common.CurrentVersion.targets(2412,5): warning MSB3277:             RevitAPI [C:\LECG\RevitAddins\LECG\LECG.csproj]
C:\Program Files\dotnet\sdk\8.0.415\Microsoft.Common.CurrentVersion.targets(2412,5): warning MSB3277:             RevitAPIUI [C:\LECG\RevitAddins\LECG\LECG.csproj]
C:\Program Files\dotnet\sdk\8.0.415\Microsoft.Common.CurrentVersion.targets(2412,5): warning MSB3277:         C:\Program Files\Autodesk\Revit 2026\StairRampDBAPI.dll [C:\LECG\RevitAddins\LECG\LECG.csproj]
C:\Program Files\dotnet\sdk\8.0.415\Microsoft.Common.CurrentVersion.targets(2412,5): warning MSB3277:           Project file item includes which caused reference "C:\Program Files\Autodesk\Revit 2026\StairRampDBAPI.dll". [C:\LECG\RevitAddins\LECG\LECG.csproj]
C:\Program Files\dotnet\sdk\8.0.415\Microsoft.Common.CurrentVersion.targets(2412,5): warning MSB3277:             RevitAPI [C:\LECG\RevitAddins\LECG\LECG.csproj]
C:\Program Files\dotnet\sdk\8.0.415\Microsoft.Common.CurrentVersion.targets(2412,5): warning MSB3277:             RevitAPIUI [C:\LECG\RevitAddins\LECG\LECG.csproj]
C:\Program Files\dotnet\sdk\8.0.415\Microsoft.Common.CurrentVersion.targets(2412,5): warning MSB3277:         C:\Program Files\Autodesk\Revit 2026\AnalysisAppsDBAPI.dll [C:\LECG\RevitAddins\LECG\LECG.csproj]
C:\Program Files\dotnet\sdk\8.0.415\Microsoft.Common.CurrentVersion.targets(2412,5): warning MSB3277:           Project file item includes which caused reference "C:\Program Files\Autodesk\Revit 2026\AnalysisAppsDBAPI.dll". [C:\LECG\RevitAddins\LECG\LECG.csproj]
C:\Program Files\dotnet\sdk\8.0.415\Microsoft.Common.CurrentVersion.targets(2412,5): warning MSB3277:             RevitAPI [C:\LECG\RevitAddins\LECG\LECG.csproj]
C:\Program Files\dotnet\sdk\8.0.415\Microsoft.Common.CurrentVersion.targets(2412,5): warning MSB3277:             RevitAPIUI [C:\LECG\RevitAddins\LECG\LECG.csproj]
C:\Program Files\dotnet\sdk\8.0.415\Microsoft.Common.CurrentVersion.targets(2412,5): warning MSB3277:         C:\Program Files\Autodesk\Revit 2026\MaterialDBAPI.dll [C:\LECG\RevitAddins\LECG\LECG.csproj]
C:\Program Files\dotnet\sdk\8.0.415\Microsoft.Common.CurrentVersion.targets(2412,5): warning MSB3277:           Project file item includes which caused reference "C:\Program Files\Autodesk\Revit 2026\MaterialDBAPI.dll". [C:\LECG\RevitAddins\LECG\LECG.csproj]
C:\Program Files\dotnet\sdk\8.0.415\Microsoft.Common.CurrentVersion.targets(2412,5): warning MSB3277:             RevitAPI [C:\LECG\RevitAddins\LECG\LECG.csproj]
C:\Program Files\dotnet\sdk\8.0.415\Microsoft.Common.CurrentVersion.targets(2412,5): warning MSB3277:             RevitAPIUI [C:\LECG\RevitAddins\LECG\LECG.csproj]
C:\Program Files\dotnet\sdk\8.0.415\Microsoft.Common.CurrentVersion.targets(2412,5): warning MSB3277:         C:\Program Files\Autodesk\Revit 2026\IntfATFAPI.dll [C:\LECG\RevitAddins\LECG\LECG.csproj]
C:\Program Files\dotnet\sdk\8.0.415\Microsoft.Common.CurrentVersion.targets(2412,5): warning MSB3277:           Project file item includes which caused reference "C:\Program Files\Autodesk\Revit 2026\IntfATFAPI.dll". [C:\LECG\RevitAddins\LECG\LECG.csproj]
C:\Program Files\dotnet\sdk\8.0.415\Microsoft.Common.CurrentVersion.targets(2412,5): warning MSB3277:             RevitAPI [C:\LECG\RevitAddins\LECG\LECG.csproj]
C:\Program Files\dotnet\sdk\8.0.415\Microsoft.Common.CurrentVersion.targets(2412,5): warning MSB3277:             RevitAPIUI [C:\LECG\RevitAddins\LECG\LECG.csproj]
C:\Program Files\dotnet\sdk\8.0.415\Microsoft.Common.CurrentVersion.targets(2412,5): warning MSB3277:         C:\Program Files\Autodesk\Revit 2026\TextEngineAPI.dll [C:\LECG\RevitAddins\LECG\LECG.csproj]
C:\Program Files\dotnet\sdk\8.0.415\Microsoft.Common.CurrentVersion.targets(2412,5): warning MSB3277:           Project file item includes which caused reference "C:\Program Files\Autodesk\Revit 2026\TextEngineAPI.dll". [C:\LECG\RevitAddins\LECG\LECG.csproj]
C:\Program Files\dotnet\sdk\8.0.415\Microsoft.Common.CurrentVersion.targets(2412,5): warning MSB3277:             RevitAPI [C:\LECG\RevitAddins\LECG\LECG.csproj]
C:\Program Files\dotnet\sdk\8.0.415\Microsoft.Common.CurrentVersion.targets(2412,5): warning MSB3277:             RevitAPIUI [C:\LECG\RevitAddins\LECG\LECG.csproj]
C:\Program Files\dotnet\sdk\8.0.415\Microsoft.Common.CurrentVersion.targets(2412,5): warning MSB3277:         C:\Program Files\Autodesk\Revit 2026\InfrastructureDBAPI.dll [C:\LECG\RevitAddins\LECG\LECG.csproj]
C:\Program Files\dotnet\sdk\8.0.415\Microsoft.Common.CurrentVersion.targets(2412,5): warning MSB3277:           Project file item includes which caused reference "C:\Program Files\Autodesk\Revit 2026\InfrastructureDBAPI.dll". [C:\LECG\RevitAddins\LECG\LECG.csproj]
C:\Program Files\dotnet\sdk\8.0.415\Microsoft.Common.CurrentVersion.targets(2412,5): warning MSB3277:             RevitAPI [C:\LECG\RevitAddins\LECG\LECG.csproj]
C:\Program Files\dotnet\sdk\8.0.415\Microsoft.Common.CurrentVersion.targets(2412,5): warning MSB3277:             RevitAPIUI [C:\LECG\RevitAddins\LECG\LECG.csproj]
C:\Program Files\dotnet\sdk\8.0.415\Microsoft.Common.CurrentVersion.targets(2412,5): warning MSB3277:         C:\Program Files\Autodesk\Revit 2026\ATFRevitCoreAPI.dll [C:\LECG\RevitAddins\LECG\LECG.csproj]
C:\Program Files\dotnet\sdk\8.0.415\Microsoft.Common.CurrentVersion.targets(2412,5): warning MSB3277:           Project file item includes which caused reference "C:\Program Files\Autodesk\Revit 2026\ATFRevitCoreAPI.dll". [C:\LECG\RevitAddins\LECG\LECG.csproj]
C:\Program Files\dotnet\sdk\8.0.415\Microsoft.Common.CurrentVersion.targets(2412,5): warning MSB3277:             RevitAPI [C:\LECG\RevitAddins\LECG\LECG.csproj]
C:\Program Files\dotnet\sdk\8.0.415\Microsoft.Common.CurrentVersion.targets(2412,5): warning MSB3277:             RevitAPIUI [C:\LECG\RevitAddins\LECG\LECG.csproj]
C:\Program Files\dotnet\sdk\8.0.415\Microsoft.Common.CurrentVersion.targets(2412,5): warning MSB3277:         C:\Program Files\Autodesk\Revit 2026\DBManagedServices.dll [C:\LECG\RevitAddins\LECG\LECG.csproj]
C:\Program Files\dotnet\sdk\8.0.415\Microsoft.Common.CurrentVersion.targets(2412,5): warning MSB3277:           Project file item includes which caused reference "C:\Program Files\Autodesk\Revit 2026\DBManagedServices.dll". [C:\LECG\RevitAddins\LECG\LECG.csproj]
C:\Program Files\dotnet\sdk\8.0.415\Microsoft.Common.CurrentVersion.targets(2412,5): warning MSB3277:             RevitAPI [C:\LECG\RevitAddins\LECG\LECG.csproj]
C:\Program Files\dotnet\sdk\8.0.415\Microsoft.Common.CurrentVersion.targets(2412,5): warning MSB3277:             RevitAPIUI [C:\LECG\RevitAddins\LECG\LECG.csproj]
C:\Program Files\dotnet\sdk\8.0.415\Microsoft.Common.CurrentVersion.targets(2412,5): warning MSB3277:         C:\Program Files\Autodesk\Revit 2026\APIInterop.dll [C:\LECG\RevitAddins\LECG\LECG.csproj]
C:\Program Files\dotnet\sdk\8.0.415\Microsoft.Common.CurrentVersion.targets(2412,5): warning MSB3277:           Project file item includes which caused reference "C:\Program Files\Autodesk\Revit 2026\APIInterop.dll". [C:\LECG\RevitAddins\LECG\LECG.csproj]
C:\Program Files\dotnet\sdk\8.0.415\Microsoft.Common.CurrentVersion.targets(2412,5): warning MSB3277:             RevitAPIUI [C:\LECG\RevitAddins\LECG\LECG.csproj]
C:\Program Files\dotnet\sdk\8.0.415\Microsoft.Common.CurrentVersion.targets(2412,5): warning MSB3277:         C:\Program Files\Autodesk\Revit 2026\AddInManager.dll [C:\LECG\RevitAddins\LECG\LECG.csproj]
C:\Program Files\dotnet\sdk\8.0.415\Microsoft.Common.CurrentVersion.targets(2412,5): warning MSB3277:           Project file item includes which caused reference "C:\Program Files\Autodesk\Revit 2026\AddInManager.dll". [C:\LECG\RevitAddins\LECG\LECG.csproj]
C:\Program Files\dotnet\sdk\8.0.415\Microsoft.Common.CurrentVersion.targets(2412,5): warning MSB3277:             RevitAPIUI [C:\LECG\RevitAddins\LECG\LECG.csproj]
C:\Program Files\dotnet\sdk\8.0.415\Microsoft.Common.CurrentVersion.targets(2412,5): warning MSB3277:         C:\Program Files\Autodesk\Revit 2026\RevitUIAPI.dll [C:\LECG\RevitAddins\LECG\LECG.csproj]
C:\Program Files\dotnet\sdk\8.0.415\Microsoft.Common.CurrentVersion.targets(2412,5): warning MSB3277:           Project file item includes which caused reference "C:\Program Files\Autodesk\Revit 2026\RevitUIAPI.dll". [C:\LECG\RevitAddins\LECG\LECG.csproj]
C:\Program Files\dotnet\sdk\8.0.415\Microsoft.Common.CurrentVersion.targets(2412,5): warning MSB3277:             RevitAPIUI [C:\LECG\RevitAddins\LECG\LECG.csproj]
C:\Program Files\dotnet\sdk\8.0.415\Microsoft.Common.CurrentVersion.targets(2412,5): warning MSB3277:         C:\Program Files\Autodesk\Revit 2026\BuildingSystemsUIAPI.dll [C:\LECG\RevitAddins\LECG\LECG.csproj]
C:\Program Files\dotnet\sdk\8.0.415\Microsoft.Common.CurrentVersion.targets(2412,5): warning MSB3277:           Project file item includes which caused reference "C:\Program Files\Autodesk\Revit 2026\BuildingSystemsUIAPI.dll". [C:\LECG\RevitAddins\LECG\LECG.csproj]
C:\Program Files\dotnet\sdk\8.0.415\Microsoft.Common.CurrentVersion.targets(2412,5): warning MSB3277:             RevitAPIUI [C:\LECG\RevitAddins\LECG\LECG.csproj]
C:\Program Files\dotnet\sdk\8.0.415\Microsoft.Common.CurrentVersion.targets(2412,5): warning MSB3277:         C:\Program Files\Autodesk\Revit 2026\DesktopMFCAPI.dll [C:\LECG\RevitAddins\LECG\LECG.csproj]
C:\Program Files\dotnet\sdk\8.0.415\Microsoft.Common.CurrentVersion.targets(2412,5): warning MSB3277:           Project file item includes which caused reference "C:\Program Files\Autodesk\Revit 2026\DesktopMFCAPI.dll". [C:\LECG\RevitAddins\LECG\LECG.csproj]
C:\Program Files\dotnet\sdk\8.0.415\Microsoft.Common.CurrentVersion.targets(2412,5): warning MSB3277:             RevitAPIUI [C:\LECG\RevitAddins\LECG\LECG.csproj]
C:\Program Files\dotnet\sdk\8.0.415\Microsoft.Common.CurrentVersion.targets(2412,5): warning MSB3277:         C:\Program Files\Autodesk\Revit 2026\APIUIAPI.dll [C:\LECG\RevitAddins\LECG\LECG.csproj]
C:\Program Files\dotnet\sdk\8.0.415\Microsoft.Common.CurrentVersion.targets(2412,5): warning MSB3277:           Project file item includes which caused reference "C:\Program Files\Autodesk\Revit 2026\APIUIAPI.dll". [C:\LECG\RevitAddins\LECG\LECG.csproj]
C:\Program Files\dotnet\sdk\8.0.415\Microsoft.Common.CurrentVersion.targets(2412,5): warning MSB3277:             RevitAPIUI [C:\LECG\RevitAddins\LECG\LECG.csproj]
C:\Program Files\dotnet\sdk\8.0.415\Microsoft.Common.CurrentVersion.targets(2412,5): warning MSB3277:         C:\Program Files\Autodesk\Revit 2026\RevitMFCAPI.dll [C:\LECG\RevitAddins\LECG\LECG.csproj]
C:\Program Files\dotnet\sdk\8.0.415\Microsoft.Common.CurrentVersion.targets(2412,5): warning MSB3277:           Project file item includes which caused reference "C:\Program Files\Autodesk\Revit 2026\RevitMFCAPI.dll". [C:\LECG\RevitAddins\LECG\LECG.csproj]
C:\Program Files\dotnet\sdk\8.0.415\Microsoft.Common.CurrentVersion.targets(2412,5): warning MSB3277:             RevitAPIUI [C:\LECG\RevitAddins\LECG\LECG.csproj]
C:\Program Files\dotnet\sdk\8.0.415\Microsoft.Common.CurrentVersion.targets(2412,5): warning MSB3277:         C:\Program Files\Autodesk\Revit 2026\EssentialsUIAPI.dll [C:\LECG\RevitAddins\LECG\LECG.csproj]
C:\Program Files\dotnet\sdk\8.0.415\Microsoft.Common.CurrentVersion.targets(2412,5): warning MSB3277:           Project file item includes which caused reference "C:\Program Files\Autodesk\Revit 2026\EssentialsUIAPI.dll". [C:\LECG\RevitAddins\LECG\LECG.csproj]
C:\Program Files\dotnet\sdk\8.0.415\Microsoft.Common.CurrentVersion.targets(2412,5): warning MSB3277:             RevitAPIUI [C:\LECG\RevitAddins\LECG\LECG.csproj]
C:\Program Files\dotnet\sdk\8.0.415\Microsoft.Common.CurrentVersion.targets(2412,5): warning MSB3277:         C:\Program Files\Autodesk\Revit 2026\DetailUIAPI.dll [C:\LECG\RevitAddins\LECG\LECG.csproj]
C:\Program Files\dotnet\sdk\8.0.415\Microsoft.Common.CurrentVersion.targets(2412,5): warning MSB3277:           Project file item includes which caused reference "C:\Program Files\Autodesk\Revit 2026\DetailUIAPI.dll". [C:\LECG\RevitAddins\LECG\LECG.csproj]
C:\Program Files\dotnet\sdk\8.0.415\Microsoft.Common.CurrentVersion.targets(2412,5): warning MSB3277:             RevitAPIUI [C:\LECG\RevitAddins\LECG\LECG.csproj]
C:\Program Files\dotnet\sdk\8.0.415\Microsoft.Common.CurrentVersion.targets(2412,5): warning MSB3277:         C:\Program Files\Autodesk\Revit 2026\UIFrameworkServices.dll [C:\LECG\RevitAddins\LECG\LECG.csproj]
C:\Program Files\dotnet\sdk\8.0.415\Microsoft.Common.CurrentVersion.targets(2412,5): warning MSB3277:           Project file item includes which caused reference "C:\Program Files\Autodesk\Revit 2026\UIFrameworkServices.dll". [C:\LECG\RevitAddins\LECG\LECG.csproj]
C:\Program Files\dotnet\sdk\8.0.415\Microsoft.Common.CurrentVersion.targets(2412,5): warning MSB3277:             RevitAPIUI [C:\LECG\RevitAddins\LECG\LECG.csproj]
C:\Program Files\dotnet\sdk\8.0.415\Microsoft.Common.CurrentVersion.targets(2412,5): warning MSB3277:         C:\Program Files\Autodesk\Revit 2026\SSONET.dll [C:\LECG\RevitAddins\LECG\LECG.csproj]
C:\Program Files\dotnet\sdk\8.0.415\Microsoft.Common.CurrentVersion.targets(2412,5): warning MSB3277:           Project file item includes which caused reference "C:\Program Files\Autodesk\Revit 2026\SSONET.dll". [C:\LECG\RevitAddins\LECG\LECG.csproj]
C:\Program Files\dotnet\sdk\8.0.415\Microsoft.Common.CurrentVersion.targets(2412,5): warning MSB3277:             RevitAPIUI [C:\LECG\RevitAddins\LECG\LECG.csproj]
C:\Program Files\dotnet\sdk\8.0.415\Microsoft.Common.CurrentVersion.targets(2412,5): warning MSB3277: Found conflicts between different versions of "System.Drawing" that could not be resolved. [C:\LECG\RevitAddins\LECG\LECG.csproj]
C:\Program Files\dotnet\sdk\8.0.415\Microsoft.Common.CurrentVersion.targets(2412,5): warning MSB3277: There was a conflict between "System.Drawing, Version=4.0.0.0, Culture=neutral, PublicKeyToken=b03f5f7f11d50a3a" and "System.Drawing, Version=8.0.0.0, Culture=neutral, PublicKeyToken=b03f5f7f11d50a3a". [C:\LECG\RevitAddins\LECG\LECG.csproj]
C:\Program Files\dotnet\sdk\8.0.415\Microsoft.Common.CurrentVersion.targets(2412,5): warning MSB3277:     "System.Drawing, Version=4.0.0.0, Culture=neutral, PublicKeyToken=b03f5f7f11d50a3a" was chosen because it was primary and "System.Drawing, Version=8.0.0.0, Culture=neutral, PublicKeyToken=b03f5f7f11d50a3a" was not. [C:\LECG\RevitAddins\LECG\LECG.csproj]
C:\Program Files\dotnet\sdk\8.0.415\Microsoft.Common.CurrentVersion.targets(2412,5): warning MSB3277:     References which depend on "System.Drawing, Version=4.0.0.0, Culture=neutral, PublicKeyToken=b03f5f7f11d50a3a" [C:\Program Files\dotnet\packs\Microsoft.NETCore.App.Ref\8.0.21\ref\net8.0\System.Drawing.dll]. [C:\LECG\RevitAddins\LECG\LECG.csproj]
C:\Program Files\dotnet\sdk\8.0.415\Microsoft.Common.CurrentVersion.targets(2412,5): warning MSB3277:         C:\Program Files\dotnet\packs\Microsoft.NETCore.App.Ref\8.0.21\ref\net8.0\System.Drawing.dll [C:\LECG\RevitAddins\LECG\LECG.csproj]
C:\Program Files\dotnet\sdk\8.0.415\Microsoft.Common.CurrentVersion.targets(2412,5): warning MSB3277:           Project file item includes which caused reference "C:\Program Files\dotnet\packs\Microsoft.NETCore.App.Ref\8.0.21\ref\net8.0\System.Drawing.dll". [C:\LECG\RevitAddins\LECG\LECG.csproj]
C:\Program Files\dotnet\sdk\8.0.415\Microsoft.Common.CurrentVersion.targets(2412,5): warning MSB3277:             C:\Program Files\dotnet\packs\Microsoft.NETCore.App.Ref\8.0.21\ref/net8.0/System.Drawing.dll [C:\LECG\RevitAddins\LECG\LECG.csproj]
C:\Program Files\dotnet\sdk\8.0.415\Microsoft.Common.CurrentVersion.targets(2412,5): warning MSB3277:     References which depend on or have been unified to "System.Drawing, Version=8.0.0.0, Culture=neutral, PublicKeyToken=b03f5f7f11d50a3a" []. [C:\LECG\RevitAddins\LECG\LECG.csproj]
C:\Program Files\dotnet\sdk\8.0.415\Microsoft.Common.CurrentVersion.targets(2412,5): warning MSB3277:         C:\Program Files\Autodesk\Revit 2026\RevitAPI.dll [C:\LECG\RevitAddins\LECG\LECG.csproj]
C:\Program Files\dotnet\sdk\8.0.415\Microsoft.Common.CurrentVersion.targets(2412,5): warning MSB3277:           Project file item includes which caused reference "C:\Program Files\Autodesk\Revit 2026\RevitAPI.dll". [C:\LECG\RevitAddins\LECG\LECG.csproj]
C:\Program Files\dotnet\sdk\8.0.415\Microsoft.Common.CurrentVersion.targets(2412,5): warning MSB3277:             RevitAPI [C:\LECG\RevitAddins\LECG\LECG.csproj]
C:\Program Files\dotnet\sdk\8.0.415\Microsoft.Common.CurrentVersion.targets(2412,5): warning MSB3277:             RevitAPIUI [C:\LECG\RevitAddins\LECG\LECG.csproj]
C:\Program Files\dotnet\sdk\8.0.415\Microsoft.Common.CurrentVersion.targets(2412,5): warning MSB3277:         C:\Program Files\Autodesk\Revit 2026\RevitAPIUI.dll [C:\LECG\RevitAddins\LECG\LECG.csproj]
C:\Program Files\dotnet\sdk\8.0.415\Microsoft.Common.CurrentVersion.targets(2412,5): warning MSB3277:           Project file item includes which caused reference "C:\Program Files\Autodesk\Revit 2026\RevitAPIUI.dll". [C:\LECG\RevitAddins\LECG\LECG.csproj]
C:\Program Files\dotnet\sdk\8.0.415\Microsoft.Common.CurrentVersion.targets(2412,5): warning MSB3277:             RevitAPIUI [C:\LECG\RevitAddins\LECG\LECG.csproj]
C:\Program Files\dotnet\sdk\8.0.415\Microsoft.Common.CurrentVersion.targets(2412,5): warning MSB3277:         C:\Program Files\Autodesk\Revit 2026\AdskRcManaged.dll [C:\LECG\RevitAddins\LECG\LECG.csproj]
C:\Program Files\dotnet\sdk\8.0.415\Microsoft.Common.CurrentVersion.targets(2412,5): warning MSB3277:           Project file item includes which caused reference "C:\Program Files\Autodesk\Revit 2026\AdskRcManaged.dll". [C:\LECG\RevitAddins\LECG\LECG.csproj]
C:\Program Files\dotnet\sdk\8.0.415\Microsoft.Common.CurrentVersion.targets(2412,5): warning MSB3277:             RevitAPI [C:\LECG\RevitAddins\LECG\LECG.csproj]
C:\Program Files\dotnet\sdk\8.0.415\Microsoft.Common.CurrentVersion.targets(2412,5): warning MSB3277:             RevitAPIUI [C:\LECG\RevitAddins\LECG\LECG.csproj]
C:\Program Files\dotnet\sdk\8.0.415\Microsoft.Common.CurrentVersion.targets(2412,5): warning MSB3277:         C:\Program Files\Autodesk\Revit 2026\RevitAPIFoundation.dll [C:\LECG\RevitAddins\LECG\LECG.csproj]
C:\Program Files\dotnet\sdk\8.0.415\Microsoft.Common.CurrentVersion.targets(2412,5): warning MSB3277:           Project file item includes which caused reference "C:\Program Files\Autodesk\Revit 2026\RevitAPIFoundation.dll". [C:\LECG\RevitAddins\LECG\LECG.csproj]
C:\Program Files\dotnet\sdk\8.0.415\Microsoft.Common.CurrentVersion.targets(2412,5): warning MSB3277:             RevitAPI [C:\LECG\RevitAddins\LECG\LECG.csproj]
C:\Program Files\dotnet\sdk\8.0.415\Microsoft.Common.CurrentVersion.targets(2412,5): warning MSB3277:             RevitAPIUI [C:\LECG\RevitAddins\LECG\LECG.csproj]
C:\Program Files\dotnet\sdk\8.0.415\Microsoft.Common.CurrentVersion.targets(2412,5): warning MSB3277:         C:\Program Files\Autodesk\Revit 2026\RevitDBAPI.dll [C:\LECG\RevitAddins\LECG\LECG.csproj]
C:\Program Files\dotnet\sdk\8.0.415\Microsoft.Common.CurrentVersion.targets(2412,5): warning MSB3277:           Project file item includes which caused reference "C:\Program Files\Autodesk\Revit 2026\RevitDBAPI.dll". [C:\LECG\RevitAddins\LECG\LECG.csproj]
C:\Program Files\dotnet\sdk\8.0.415\Microsoft.Common.CurrentVersion.targets(2412,5): warning MSB3277:             RevitAPI [C:\LECG\RevitAddins\LECG\LECG.csproj]
C:\Program Files\dotnet\sdk\8.0.415\Microsoft.Common.CurrentVersion.targets(2412,5): warning MSB3277:             RevitAPIUI [C:\LECG\RevitAddins\LECG\LECG.csproj]
C:\Program Files\dotnet\sdk\8.0.415\Microsoft.Common.CurrentVersion.targets(2412,5): warning MSB3277:         C:\Program Files\Autodesk\Revit 2026\RevitDBCoreAPI.dll [C:\LECG\RevitAddins\LECG\LECG.csproj]
C:\Program Files\dotnet\sdk\8.0.415\Microsoft.Common.CurrentVersion.targets(2412,5): warning MSB3277:           Project file item includes which caused reference "C:\Program Files\Autodesk\Revit 2026\RevitDBCoreAPI.dll". [C:\LECG\RevitAddins\LECG\LECG.csproj]
C:\Program Files\dotnet\sdk\8.0.415\Microsoft.Common.CurrentVersion.targets(2412,5): warning MSB3277:             RevitAPI [C:\LECG\RevitAddins\LECG\LECG.csproj]
C:\Program Files\dotnet\sdk\8.0.415\Microsoft.Common.CurrentVersion.targets(2412,5): warning MSB3277:             RevitAPIUI [C:\LECG\RevitAddins\LECG\LECG.csproj]
C:\Program Files\dotnet\sdk\8.0.415\Microsoft.Common.CurrentVersion.targets(2412,5): warning MSB3277:         C:\Program Files\Autodesk\Revit 2026\PersistenceDBAPI.dll [C:\LECG\RevitAddins\LECG\LECG.csproj]
C:\Program Files\dotnet\sdk\8.0.415\Microsoft.Common.CurrentVersion.targets(2412,5): warning MSB3277:           Project file item includes which caused reference "C:\Program Files\Autodesk\Revit 2026\PersistenceDBAPI.dll". [C:\LECG\RevitAddins\LECG\LECG.csproj]
C:\Program Files\dotnet\sdk\8.0.415\Microsoft.Common.CurrentVersion.targets(2412,5): warning MSB3277:             RevitAPI [C:\LECG\RevitAddins\LECG\LECG.csproj]
C:\Program Files\dotnet\sdk\8.0.415\Microsoft.Common.CurrentVersion.targets(2412,5): warning MSB3277:             RevitAPIUI [C:\LECG\RevitAddins\LECG\LECG.csproj]
C:\Program Files\dotnet\sdk\8.0.415\Microsoft.Common.CurrentVersion.targets(2412,5): warning MSB3277:         C:\Program Files\Autodesk\Revit 2026\UtilityAPI.dll [C:\LECG\RevitAddins\LECG\LECG.csproj]
C:\Program Files\dotnet\sdk\8.0.415\Microsoft.Common.CurrentVersion.targets(2412,5): warning MSB3277:           Project file item includes which caused reference "C:\Program Files\Autodesk\Revit 2026\UtilityAPI.dll". [C:\LECG\RevitAddins\LECG\LECG.csproj]
C:\Program Files\dotnet\sdk\8.0.415\Microsoft.Common.CurrentVersion.targets(2412,5): warning MSB3277:             RevitAPI [C:\LECG\RevitAddins\LECG\LECG.csproj]
C:\Program Files\dotnet\sdk\8.0.415\Microsoft.Common.CurrentVersion.targets(2412,5): warning MSB3277:             RevitAPIUI [C:\LECG\RevitAddins\LECG\LECG.csproj]
C:\Program Files\dotnet\sdk\8.0.415\Microsoft.Common.CurrentVersion.targets(2412,5): warning MSB3277:         C:\Program Files\Autodesk\Revit 2026\APIDBAPI.dll [C:\LECG\RevitAddins\LECG\LECG.csproj]
C:\Program Files\dotnet\sdk\8.0.415\Microsoft.Common.CurrentVersion.targets(2412,5): warning MSB3277:           Project file item includes which caused reference "C:\Program Files\Autodesk\Revit 2026\APIDBAPI.dll". [C:\LECG\RevitAddins\LECG\LECG.csproj]
C:\Program Files\dotnet\sdk\8.0.415\Microsoft.Common.CurrentVersion.targets(2412,5): warning MSB3277:             RevitAPI [C:\LECG\RevitAddins\LECG\LECG.csproj]
C:\Program Files\dotnet\sdk\8.0.415\Microsoft.Common.CurrentVersion.targets(2412,5): warning MSB3277:             RevitAPIUI [C:\LECG\RevitAddins\LECG\LECG.csproj]
C:\Program Files\dotnet\sdk\8.0.415\Microsoft.Common.CurrentVersion.targets(2412,5): warning MSB3277:         C:\Program Files\Autodesk\Revit 2026\GraphicsAPI.dll [C:\LECG\RevitAddins\LECG\LECG.csproj]
C:\Program Files\dotnet\sdk\8.0.415\Microsoft.Common.CurrentVersion.targets(2412,5): warning MSB3277:           Project file item includes which caused reference "C:\Program Files\Autodesk\Revit 2026\GraphicsAPI.dll". [C:\LECG\RevitAddins\LECG\LECG.csproj]
C:\Program Files\dotnet\sdk\8.0.415\Microsoft.Common.CurrentVersion.targets(2412,5): warning MSB3277:             RevitAPI [C:\LECG\RevitAddins\LECG\LECG.csproj]
C:\Program Files\dotnet\sdk\8.0.415\Microsoft.Common.CurrentVersion.targets(2412,5): warning MSB3277:             RevitAPIUI [C:\LECG\RevitAddins\LECG\LECG.csproj]
C:\Program Files\dotnet\sdk\8.0.415\Microsoft.Common.CurrentVersion.targets(2412,5): warning MSB3277:         C:\Program Files\Autodesk\Revit 2026\ElementGroupDBAPI.dll [C:\LECG\RevitAddins\LECG\LECG.csproj]
C:\Program Files\dotnet\sdk\8.0.415\Microsoft.Common.CurrentVersion.targets(2412,5): warning MSB3277:           Project file item includes which caused reference "C:\Program Files\Autodesk\Revit 2026\ElementGroupDBAPI.dll". [C:\LECG\RevitAddins\LECG\LECG.csproj]
C:\Program Files\dotnet\sdk\8.0.415\Microsoft.Common.CurrentVersion.targets(2412,5): warning MSB3277:             RevitAPI [C:\LECG\RevitAddins\LECG\LECG.csproj]
C:\Program Files\dotnet\sdk\8.0.415\Microsoft.Common.CurrentVersion.targets(2412,5): warning MSB3277:             RevitAPIUI [C:\LECG\RevitAddins\LECG\LECG.csproj]
C:\Program Files\dotnet\sdk\8.0.415\Microsoft.Common.CurrentVersion.targets(2412,5): warning MSB3277:         C:\Program Files\Autodesk\Revit 2026\EssentialsDBAPI.dll [C:\LECG\RevitAddins\LECG\LECG.csproj]
C:\Program Files\dotnet\sdk\8.0.415\Microsoft.Common.CurrentVersion.targets(2412,5): warning MSB3277:           Project file item includes which caused reference "C:\Program Files\Autodesk\Revit 2026\EssentialsDBAPI.dll". [C:\LECG\RevitAddins\LECG\LECG.csproj]
C:\Program Files\dotnet\sdk\8.0.415\Microsoft.Common.CurrentVersion.targets(2412,5): warning MSB3277:             RevitAPI [C:\LECG\RevitAddins\LECG\LECG.csproj]
C:\Program Files\dotnet\sdk\8.0.415\Microsoft.Common.CurrentVersion.targets(2412,5): warning MSB3277:             RevitAPIUI [C:\LECG\RevitAddins\LECG\LECG.csproj]
C:\Program Files\dotnet\sdk\8.0.415\Microsoft.Common.CurrentVersion.targets(2412,5): warning MSB3277:         C:\Program Files\Autodesk\Revit 2026\GeomUtilAPI.dll [C:\LECG\RevitAddins\LECG\LECG.csproj]
C:\Program Files\dotnet\sdk\8.0.415\Microsoft.Common.CurrentVersion.targets(2412,5): warning MSB3277:           Project file item includes which caused reference "C:\Program Files\Autodesk\Revit 2026\GeomUtilAPI.dll". [C:\LECG\RevitAddins\LECG\LECG.csproj]
C:\Program Files\dotnet\sdk\8.0.415\Microsoft.Common.CurrentVersion.targets(2412,5): warning MSB3277:             RevitAPI [C:\LECG\RevitAddins\LECG\LECG.csproj]
C:\Program Files\dotnet\sdk\8.0.415\Microsoft.Common.CurrentVersion.targets(2412,5): warning MSB3277:             RevitAPIUI [C:\LECG\RevitAddins\LECG\LECG.csproj]
C:\Program Files\dotnet\sdk\8.0.415\Microsoft.Common.CurrentVersion.targets(2412,5): warning MSB3277:         C:\Program Files\Autodesk\Revit 2026\FamilyDBAPI.dll [C:\LECG\RevitAddins\LECG\LECG.csproj]
C:\Program Files\dotnet\sdk\8.0.415\Microsoft.Common.CurrentVersion.targets(2412,5): warning MSB3277:           Project file item includes which caused reference "C:\Program Files\Autodesk\Revit 2026\FamilyDBAPI.dll". [C:\LECG\RevitAddins\LECG\LECG.csproj]
C:\Program Files\dotnet\sdk\8.0.415\Microsoft.Common.CurrentVersion.targets(2412,5): warning MSB3277:             RevitAPI [C:\LECG\RevitAddins\LECG\LECG.csproj]
C:\Program Files\dotnet\sdk\8.0.415\Microsoft.Common.CurrentVersion.targets(2412,5): warning MSB3277:             RevitAPIUI [C:\LECG\RevitAddins\LECG\LECG.csproj]
C:\Program Files\dotnet\sdk\8.0.415\Microsoft.Common.CurrentVersion.targets(2412,5): warning MSB3277:         C:\Program Files\Autodesk\Revit 2026\DetailDBAPI.dll [C:\LECG\RevitAddins\LECG\LECG.csproj]
C:\Program Files\dotnet\sdk\8.0.415\Microsoft.Common.CurrentVersion.targets(2412,5): warning MSB3277:           Project file item includes which caused reference "C:\Program Files\Autodesk\Revit 2026\DetailDBAPI.dll". [C:\LECG\RevitAddins\LECG\LECG.csproj]
C:\Program Files\dotnet\sdk\8.0.415\Microsoft.Common.CurrentVersion.targets(2412,5): warning MSB3277:             RevitAPI [C:\LECG\RevitAddins\LECG\LECG.csproj]
C:\Program Files\dotnet\sdk\8.0.415\Microsoft.Common.CurrentVersion.targets(2412,5): warning MSB3277:             RevitAPIUI [C:\LECG\RevitAddins\LECG\LECG.csproj]
C:\Program Files\dotnet\sdk\8.0.415\Microsoft.Common.CurrentVersion.targets(2412,5): warning MSB3277:         C:\Program Files\Autodesk\Revit 2026\CurtainGridFamilyDBAPI.dll [C:\LECG\RevitAddins\LECG\LECG.csproj]
C:\Program Files\dotnet\sdk\8.0.415\Microsoft.Common.CurrentVersion.targets(2412,5): warning MSB3277:           Project file item includes which caused reference "C:\Program Files\Autodesk\Revit 2026\CurtainGridFamilyDBAPI.dll". [C:\LECG\RevitAddins\LECG\LECG.csproj]
C:\Program Files\dotnet\sdk\8.0.415\Microsoft.Common.CurrentVersion.targets(2412,5): warning MSB3277:             RevitAPI [C:\LECG\RevitAddins\LECG\LECG.csproj]
C:\Program Files\dotnet\sdk\8.0.415\Microsoft.Common.CurrentVersion.targets(2412,5): warning MSB3277:             RevitAPIUI [C:\LECG\RevitAddins\LECG\LECG.csproj]
C:\Program Files\dotnet\sdk\8.0.415\Microsoft.Common.CurrentVersion.targets(2412,5): warning MSB3277:         C:\Program Files\Autodesk\Revit 2026\ArrayElemsDBAPI.dll [C:\LECG\RevitAddins\LECG\LECG.csproj]
C:\Program Files\dotnet\sdk\8.0.415\Microsoft.Common.CurrentVersion.targets(2412,5): warning MSB3277:           Project file item includes which caused reference "C:\Program Files\Autodesk\Revit 2026\ArrayElemsDBAPI.dll". [C:\LECG\RevitAddins\LECG\LECG.csproj]
C:\Program Files\dotnet\sdk\8.0.415\Microsoft.Common.CurrentVersion.targets(2412,5): warning MSB3277:             RevitAPI [C:\LECG\RevitAddins\LECG\LECG.csproj]
C:\Program Files\dotnet\sdk\8.0.415\Microsoft.Common.CurrentVersion.targets(2412,5): warning MSB3277:             RevitAPIUI [C:\LECG\RevitAddins\LECG\LECG.csproj]
C:\Program Files\dotnet\sdk\8.0.415\Microsoft.Common.CurrentVersion.targets(2412,5): warning MSB3277:         C:\Program Files\Autodesk\Revit 2026\EnergyAnalysisDBAPI.dll [C:\LECG\RevitAddins\LECG\LECG.csproj]
C:\Program Files\dotnet\sdk\8.0.415\Microsoft.Common.CurrentVersion.targets(2412,5): warning MSB3277:           Project file item includes which caused reference "C:\Program Files\Autodesk\Revit 2026\EnergyAnalysisDBAPI.dll". [C:\LECG\RevitAddins\LECG\LECG.csproj]
C:\Program Files\dotnet\sdk\8.0.415\Microsoft.Common.CurrentVersion.targets(2412,5): warning MSB3277:             RevitAPI [C:\LECG\RevitAddins\LECG\LECG.csproj]
C:\Program Files\dotnet\sdk\8.0.415\Microsoft.Common.CurrentVersion.targets(2412,5): warning MSB3277:             RevitAPIUI [C:\LECG\RevitAddins\LECG\LECG.csproj]
C:\Program Files\dotnet\sdk\8.0.415\Microsoft.Common.CurrentVersion.targets(2412,5): warning MSB3277:         C:\Program Files\Autodesk\Revit 2026\BuildingSystemsDBAPI.dll [C:\LECG\RevitAddins\LECG\LECG.csproj]
C:\Program Files\dotnet\sdk\8.0.415\Microsoft.Common.CurrentVersion.targets(2412,5): warning MSB3277:           Project file item includes which caused reference "C:\Program Files\Autodesk\Revit 2026\BuildingSystemsDBAPI.dll". [C:\LECG\RevitAddins\LECG\LECG.csproj]
C:\Program Files\dotnet\sdk\8.0.415\Microsoft.Common.CurrentVersion.targets(2412,5): warning MSB3277:             RevitAPI [C:\LECG\RevitAddins\LECG\LECG.csproj]
C:\Program Files\dotnet\sdk\8.0.415\Microsoft.Common.CurrentVersion.targets(2412,5): warning MSB3277:             RevitAPIUI [C:\LECG\RevitAddins\LECG\LECG.csproj]
C:\Program Files\dotnet\sdk\8.0.415\Microsoft.Common.CurrentVersion.targets(2412,5): warning MSB3277:         C:\Program Files\Autodesk\Revit 2026\HostObjDBAPI.dll [C:\LECG\RevitAddins\LECG\LECG.csproj]
C:\Program Files\dotnet\sdk\8.0.415\Microsoft.Common.CurrentVersion.targets(2412,5): warning MSB3277:           Project file item includes which caused reference "C:\Program Files\Autodesk\Revit 2026\HostObjDBAPI.dll". [C:\LECG\RevitAddins\LECG\LECG.csproj]
C:\Program Files\dotnet\sdk\8.0.415\Microsoft.Common.CurrentVersion.targets(2412,5): warning MSB3277:             RevitAPI [C:\LECG\RevitAddins\LECG\LECG.csproj]
C:\Program Files\dotnet\sdk\8.0.415\Microsoft.Common.CurrentVersion.targets(2412,5): warning MSB3277:             RevitAPIUI [C:\LECG\RevitAddins\LECG\LECG.csproj]
C:\Program Files\dotnet\sdk\8.0.415\Microsoft.Common.CurrentVersion.targets(2412,5): warning MSB3277:         C:\Program Files\Autodesk\Revit 2026\RoomAreaPlanDBAPI.dll [C:\LECG\RevitAddins\LECG\LECG.csproj]
C:\Program Files\dotnet\sdk\8.0.415\Microsoft.Common.CurrentVersion.targets(2412,5): warning MSB3277:           Project file item includes which caused reference "C:\Program Files\Autodesk\Revit 2026\RoomAreaPlanDBAPI.dll". [C:\LECG\RevitAddins\LECG\LECG.csproj]
C:\Program Files\dotnet\sdk\8.0.415\Microsoft.Common.CurrentVersion.targets(2412,5): warning MSB3277:             RevitAPI [C:\LECG\RevitAddins\LECG\LECG.csproj]
C:\Program Files\dotnet\sdk\8.0.415\Microsoft.Common.CurrentVersion.targets(2412,5): warning MSB3277:             RevitAPIUI [C:\LECG\RevitAddins\LECG\LECG.csproj]
C:\Program Files\dotnet\sdk\8.0.415\Microsoft.Common.CurrentVersion.targets(2412,5): warning MSB3277:         C:\Program Files\Autodesk\Revit 2026\SiteDBAPI.dll [C:\LECG\RevitAddins\LECG\LECG.csproj]
C:\Program Files\dotnet\sdk\8.0.415\Microsoft.Common.CurrentVersion.targets(2412,5): warning MSB3277:           Project file item includes which caused reference "C:\Program Files\Autodesk\Revit 2026\SiteDBAPI.dll". [C:\LECG\RevitAddins\LECG\LECG.csproj]
C:\Program Files\dotnet\sdk\8.0.415\Microsoft.Common.CurrentVersion.targets(2412,5): warning MSB3277:             RevitAPI [C:\LECG\RevitAddins\LECG\LECG.csproj]
C:\Program Files\dotnet\sdk\8.0.415\Microsoft.Common.CurrentVersion.targets(2412,5): warning MSB3277:             RevitAPIUI [C:\LECG\RevitAddins\LECG\LECG.csproj]
C:\Program Files\dotnet\sdk\8.0.415\Microsoft.Common.CurrentVersion.targets(2412,5): warning MSB3277:         C:\Program Files\Autodesk\Revit 2026\SculptingDBAPI.dll [C:\LECG\RevitAddins\LECG\LECG.csproj]
C:\Program Files\dotnet\sdk\8.0.415\Microsoft.Common.CurrentVersion.targets(2412,5): warning MSB3277:           Project file item includes which caused reference "C:\Program Files\Autodesk\Revit 2026\SculptingDBAPI.dll". [C:\LECG\RevitAddins\LECG\LECG.csproj]
C:\Program Files\dotnet\sdk\8.0.415\Microsoft.Common.CurrentVersion.targets(2412,5): warning MSB3277:             RevitAPI [C:\LECG\RevitAddins\LECG\LECG.csproj]
C:\Program Files\dotnet\sdk\8.0.415\Microsoft.Common.CurrentVersion.targets(2412,5): warning MSB3277:             RevitAPIUI [C:\LECG\RevitAddins\LECG\LECG.csproj]
C:\Program Files\dotnet\sdk\8.0.415\Microsoft.Common.CurrentVersion.targets(2412,5): warning MSB3277:         C:\Program Files\Autodesk\Revit 2026\StructuralDBAPI.dll [C:\LECG\RevitAddins\LECG\LECG.csproj]
C:\Program Files\dotnet\sdk\8.0.415\Microsoft.Common.CurrentVersion.targets(2412,5): warning MSB3277:           Project file item includes which caused reference "C:\Program Files\Autodesk\Revit 2026\StructuralDBAPI.dll". [C:\LECG\RevitAddins\LECG\LECG.csproj]
C:\Program Files\dotnet\sdk\8.0.415\Microsoft.Common.CurrentVersion.targets(2412,5): warning MSB3277:             RevitAPI [C:\LECG\RevitAddins\LECG\LECG.csproj]
C:\Program Files\dotnet\sdk\8.0.415\Microsoft.Common.CurrentVersion.targets(2412,5): warning MSB3277:             RevitAPIUI [C:\LECG\RevitAddins\LECG\LECG.csproj]
C:\Program Files\dotnet\sdk\8.0.415\Microsoft.Common.CurrentVersion.targets(2412,5): warning MSB3277:         C:\Program Files\Autodesk\Revit 2026\InterfaceAPI.dll [C:\LECG\RevitAddins\LECG\LECG.csproj]
C:\Program Files\dotnet\sdk\8.0.415\Microsoft.Common.CurrentVersion.targets(2412,5): warning MSB3277:           Project file item includes which caused reference "C:\Program Files\Autodesk\Revit 2026\InterfaceAPI.dll". [C:\LECG\RevitAddins\LECG\LECG.csproj]
C:\Program Files\dotnet\sdk\8.0.415\Microsoft.Common.CurrentVersion.targets(2412,5): warning MSB3277:             RevitAPI [C:\LECG\RevitAddins\LECG\LECG.csproj]
C:\Program Files\dotnet\sdk\8.0.415\Microsoft.Common.CurrentVersion.targets(2412,5): warning MSB3277:             RevitAPIUI [C:\LECG\RevitAddins\LECG\LECG.csproj]
C:\Program Files\dotnet\sdk\8.0.415\Microsoft.Common.CurrentVersion.targets(2412,5): warning MSB3277:         C:\Program Files\Autodesk\Revit 2026\InterfaceUtilAPI.dll [C:\LECG\RevitAddins\LECG\LECG.csproj]
C:\Program Files\dotnet\sdk\8.0.415\Microsoft.Common.CurrentVersion.targets(2412,5): warning MSB3277:           Project file item includes which caused reference "C:\Program Files\Autodesk\Revit 2026\InterfaceUtilAPI.dll". [C:\LECG\RevitAddins\LECG\LECG.csproj]
C:\Program Files\dotnet\sdk\8.0.415\Microsoft.Common.CurrentVersion.targets(2412,5): warning MSB3277:             RevitAPI [C:\LECG\RevitAddins\LECG\LECG.csproj]
C:\Program Files\dotnet\sdk\8.0.415\Microsoft.Common.CurrentVersion.targets(2412,5): warning MSB3277:             RevitAPIUI [C:\LECG\RevitAddins\LECG\LECG.csproj]
C:\Program Files\dotnet\sdk\8.0.415\Microsoft.Common.CurrentVersion.targets(2412,5): warning MSB3277:         C:\Program Files\Autodesk\Revit 2026\RebarDBAPI.dll [C:\LECG\RevitAddins\LECG\LECG.csproj]
C:\Program Files\dotnet\sdk\8.0.415\Microsoft.Common.CurrentVersion.targets(2412,5): warning MSB3277:           Project file item includes which caused reference "C:\Program Files\Autodesk\Revit 2026\RebarDBAPI.dll". [C:\LECG\RevitAddins\LECG\LECG.csproj]
C:\Program Files\dotnet\sdk\8.0.415\Microsoft.Common.CurrentVersion.targets(2412,5): warning MSB3277:             RevitAPI [C:\LECG\RevitAddins\LECG\LECG.csproj]
C:\Program Files\dotnet\sdk\8.0.415\Microsoft.Common.CurrentVersion.targets(2412,5): warning MSB3277:             RevitAPIUI [C:\LECG\RevitAddins\LECG\LECG.csproj]
C:\Program Files\dotnet\sdk\8.0.415\Microsoft.Common.CurrentVersion.targets(2412,5): warning MSB3277:         C:\Program Files\Autodesk\Revit 2026\StructuralAnalysisDBAPI.dll [C:\LECG\RevitAddins\LECG\LECG.csproj]
C:\Program Files\dotnet\sdk\8.0.415\Microsoft.Common.CurrentVersion.targets(2412,5): warning MSB3277:           Project file item includes which caused reference "C:\Program Files\Autodesk\Revit 2026\StructuralAnalysisDBAPI.dll". [C:\LECG\RevitAddins\LECG\LECG.csproj]
C:\Program Files\dotnet\sdk\8.0.415\Microsoft.Common.CurrentVersion.targets(2412,5): warning MSB3277:             RevitAPI [C:\LECG\RevitAddins\LECG\LECG.csproj]
C:\Program Files\dotnet\sdk\8.0.415\Microsoft.Common.CurrentVersion.targets(2412,5): warning MSB3277:             RevitAPIUI [C:\LECG\RevitAddins\LECG\LECG.csproj]
C:\Program Files\dotnet\sdk\8.0.415\Microsoft.Common.CurrentVersion.targets(2412,5): warning MSB3277:         C:\Program Files\Autodesk\Revit 2026\MassingDBAPI.dll [C:\LECG\RevitAddins\LECG\LECG.csproj]
C:\Program Files\dotnet\sdk\8.0.415\Microsoft.Common.CurrentVersion.targets(2412,5): warning MSB3277:           Project file item includes which caused reference "C:\Program Files\Autodesk\Revit 2026\MassingDBAPI.dll". [C:\LECG\RevitAddins\LECG\LECG.csproj]
C:\Program Files\dotnet\sdk\8.0.415\Microsoft.Common.CurrentVersion.targets(2412,5): warning MSB3277:             RevitAPI [C:\LECG\RevitAddins\LECG\LECG.csproj]
C:\Program Files\dotnet\sdk\8.0.415\Microsoft.Common.CurrentVersion.targets(2412,5): warning MSB3277:             RevitAPIUI [C:\LECG\RevitAddins\LECG\LECG.csproj]
C:\Program Files\dotnet\sdk\8.0.415\Microsoft.Common.CurrentVersion.targets(2412,5): warning MSB3277:         C:\Program Files\Autodesk\Revit 2026\AssemblyDBAPI.dll [C:\LECG\RevitAddins\LECG\LECG.csproj]
C:\Program Files\dotnet\sdk\8.0.415\Microsoft.Common.CurrentVersion.targets(2412,5): warning MSB3277:           Project file item includes which caused reference "C:\Program Files\Autodesk\Revit 2026\AssemblyDBAPI.dll". [C:\LECG\RevitAddins\LECG\LECG.csproj]
C:\Program Files\dotnet\sdk\8.0.415\Microsoft.Common.CurrentVersion.targets(2412,5): warning MSB3277:             RevitAPI [C:\LECG\RevitAddins\LECG\LECG.csproj]
C:\Program Files\dotnet\sdk\8.0.415\Microsoft.Common.CurrentVersion.targets(2412,5): warning MSB3277:             RevitAPIUI [C:\LECG\RevitAddins\LECG\LECG.csproj]
C:\Program Files\dotnet\sdk\8.0.415\Microsoft.Common.CurrentVersion.targets(2412,5): warning MSB3277:         C:\Program Files\Autodesk\Revit 2026\DPartDBAPI.dll [C:\LECG\RevitAddins\LECG\LECG.csproj]
C:\Program Files\dotnet\sdk\8.0.415\Microsoft.Common.CurrentVersion.targets(2412,5): warning MSB3277:           Project file item includes which caused reference "C:\Program Files\Autodesk\Revit 2026\DPartDBAPI.dll". [C:\LECG\RevitAddins\LECG\LECG.csproj]
C:\Program Files\dotnet\sdk\8.0.415\Microsoft.Common.CurrentVersion.targets(2412,5): warning MSB3277:             RevitAPI [C:\LECG\RevitAddins\LECG\LECG.csproj]
C:\Program Files\dotnet\sdk\8.0.415\Microsoft.Common.CurrentVersion.targets(2412,5): warning MSB3277:             RevitAPIUI [C:\LECG\RevitAddins\LECG\LECG.csproj]
C:\Program Files\dotnet\sdk\8.0.415\Microsoft.Common.CurrentVersion.targets(2412,5): warning MSB3277:         C:\Program Files\Autodesk\Revit 2026\NumberingDBAPI.dll [C:\LECG\RevitAddins\LECG\LECG.csproj]
C:\Program Files\dotnet\sdk\8.0.415\Microsoft.Common.CurrentVersion.targets(2412,5): warning MSB3277:           Project file item includes which caused reference "C:\Program Files\Autodesk\Revit 2026\NumberingDBAPI.dll". [C:\LECG\RevitAddins\LECG\LECG.csproj]
C:\Program Files\dotnet\sdk\8.0.415\Microsoft.Common.CurrentVersion.targets(2412,5): warning MSB3277:             RevitAPI [C:\LECG\RevitAddins\LECG\LECG.csproj]
C:\Program Files\dotnet\sdk\8.0.415\Microsoft.Common.CurrentVersion.targets(2412,5): warning MSB3277:             RevitAPIUI [C:\LECG\RevitAddins\LECG\LECG.csproj]
C:\Program Files\dotnet\sdk\8.0.415\Microsoft.Common.CurrentVersion.targets(2412,5): warning MSB3277:         C:\Program Files\Autodesk\Revit 2026\PointCloudAccessAPI.dll [C:\LECG\RevitAddins\LECG\LECG.csproj]
C:\Program Files\dotnet\sdk\8.0.415\Microsoft.Common.CurrentVersion.targets(2412,5): warning MSB3277:           Project file item includes which caused reference "C:\Program Files\Autodesk\Revit 2026\PointCloudAccessAPI.dll". [C:\LECG\RevitAddins\LECG\LECG.csproj]
C:\Program Files\dotnet\sdk\8.0.415\Microsoft.Common.CurrentVersion.targets(2412,5): warning MSB3277:             RevitAPI [C:\LECG\RevitAddins\LECG\LECG.csproj]
C:\Program Files\dotnet\sdk\8.0.415\Microsoft.Common.CurrentVersion.targets(2412,5): warning MSB3277:             RevitAPIUI [C:\LECG\RevitAddins\LECG\LECG.csproj]
C:\Program Files\dotnet\sdk\8.0.415\Microsoft.Common.CurrentVersion.targets(2412,5): warning MSB3277:         C:\Program Files\Autodesk\Revit 2026\StairRampDBAPI.dll [C:\LECG\RevitAddins\LECG\LECG.csproj]
C:\Program Files\dotnet\sdk\8.0.415\Microsoft.Common.CurrentVersion.targets(2412,5): warning MSB3277:           Project file item includes which caused reference "C:\Program Files\Autodesk\Revit 2026\StairRampDBAPI.dll". [C:\LECG\RevitAddins\LECG\LECG.csproj]
C:\Program Files\dotnet\sdk\8.0.415\Microsoft.Common.CurrentVersion.targets(2412,5): warning MSB3277:             RevitAPI [C:\LECG\RevitAddins\LECG\LECG.csproj]
C:\Program Files\dotnet\sdk\8.0.415\Microsoft.Common.CurrentVersion.targets(2412,5): warning MSB3277:             RevitAPIUI [C:\LECG\RevitAddins\LECG\LECG.csproj]
C:\Program Files\dotnet\sdk\8.0.415\Microsoft.Common.CurrentVersion.targets(2412,5): warning MSB3277:         C:\Program Files\Autodesk\Revit 2026\AnalysisAppsDBAPI.dll [C:\LECG\RevitAddins\LECG\LECG.csproj]
C:\Program Files\dotnet\sdk\8.0.415\Microsoft.Common.CurrentVersion.targets(2412,5): warning MSB3277:           Project file item includes which caused reference "C:\Program Files\Autodesk\Revit 2026\AnalysisAppsDBAPI.dll". [C:\LECG\RevitAddins\LECG\LECG.csproj]
C:\Program Files\dotnet\sdk\8.0.415\Microsoft.Common.CurrentVersion.targets(2412,5): warning MSB3277:             RevitAPI [C:\LECG\RevitAddins\LECG\LECG.csproj]
C:\Program Files\dotnet\sdk\8.0.415\Microsoft.Common.CurrentVersion.targets(2412,5): warning MSB3277:             RevitAPIUI [C:\LECG\RevitAddins\LECG\LECG.csproj]
C:\Program Files\dotnet\sdk\8.0.415\Microsoft.Common.CurrentVersion.targets(2412,5): warning MSB3277:         C:\Program Files\Autodesk\Revit 2026\MaterialDBAPI.dll [C:\LECG\RevitAddins\LECG\LECG.csproj]
C:\Program Files\dotnet\sdk\8.0.415\Microsoft.Common.CurrentVersion.targets(2412,5): warning MSB3277:           Project file item includes which caused reference "C:\Program Files\Autodesk\Revit 2026\MaterialDBAPI.dll". [C:\LECG\RevitAddins\LECG\LECG.csproj]
C:\Program Files\dotnet\sdk\8.0.415\Microsoft.Common.CurrentVersion.targets(2412,5): warning MSB3277:             RevitAPI [C:\LECG\RevitAddins\LECG\LECG.csproj]
C:\Program Files\dotnet\sdk\8.0.415\Microsoft.Common.CurrentVersion.targets(2412,5): warning MSB3277:             RevitAPIUI [C:\LECG\RevitAddins\LECG\LECG.csproj]
C:\Program Files\dotnet\sdk\8.0.415\Microsoft.Common.CurrentVersion.targets(2412,5): warning MSB3277:         C:\Program Files\Autodesk\Revit 2026\IntfATFAPI.dll [C:\LECG\RevitAddins\LECG\LECG.csproj]
C:\Program Files\dotnet\sdk\8.0.415\Microsoft.Common.CurrentVersion.targets(2412,5): warning MSB3277:           Project file item includes which caused reference "C:\Program Files\Autodesk\Revit 2026\IntfATFAPI.dll". [C:\LECG\RevitAddins\LECG\LECG.csproj]
C:\Program Files\dotnet\sdk\8.0.415\Microsoft.Common.CurrentVersion.targets(2412,5): warning MSB3277:             RevitAPI [C:\LECG\RevitAddins\LECG\LECG.csproj]
C:\Program Files\dotnet\sdk\8.0.415\Microsoft.Common.CurrentVersion.targets(2412,5): warning MSB3277:             RevitAPIUI [C:\LECG\RevitAddins\LECG\LECG.csproj]
C:\Program Files\dotnet\sdk\8.0.415\Microsoft.Common.CurrentVersion.targets(2412,5): warning MSB3277:         C:\Program Files\Autodesk\Revit 2026\TextEngineAPI.dll [C:\LECG\RevitAddins\LECG\LECG.csproj]
C:\Program Files\dotnet\sdk\8.0.415\Microsoft.Common.CurrentVersion.targets(2412,5): warning MSB3277:           Project file item includes which caused reference "C:\Program Files\Autodesk\Revit 2026\TextEngineAPI.dll". [C:\LECG\RevitAddins\LECG\LECG.csproj]
C:\Program Files\dotnet\sdk\8.0.415\Microsoft.Common.CurrentVersion.targets(2412,5): warning MSB3277:             RevitAPI [C:\LECG\RevitAddins\LECG\LECG.csproj]
C:\Program Files\dotnet\sdk\8.0.415\Microsoft.Common.CurrentVersion.targets(2412,5): warning MSB3277:             RevitAPIUI [C:\LECG\RevitAddins\LECG\LECG.csproj]
C:\Program Files\dotnet\sdk\8.0.415\Microsoft.Common.CurrentVersion.targets(2412,5): warning MSB3277:         C:\Program Files\Autodesk\Revit 2026\InfrastructureDBAPI.dll [C:\LECG\RevitAddins\LECG\LECG.csproj]
C:\Program Files\dotnet\sdk\8.0.415\Microsoft.Common.CurrentVersion.targets(2412,5): warning MSB3277:           Project file item includes which caused reference "C:\Program Files\Autodesk\Revit 2026\InfrastructureDBAPI.dll". [C:\LECG\RevitAddins\LECG\LECG.csproj]
C:\Program Files\dotnet\sdk\8.0.415\Microsoft.Common.CurrentVersion.targets(2412,5): warning MSB3277:             RevitAPI [C:\LECG\RevitAddins\LECG\LECG.csproj]
C:\Program Files\dotnet\sdk\8.0.415\Microsoft.Common.CurrentVersion.targets(2412,5): warning MSB3277:             RevitAPIUI [C:\LECG\RevitAddins\LECG\LECG.csproj]
C:\Program Files\dotnet\sdk\8.0.415\Microsoft.Common.CurrentVersion.targets(2412,5): warning MSB3277:         C:\Program Files\Autodesk\Revit 2026\ATFRevitCoreAPI.dll [C:\LECG\RevitAddins\LECG\LECG.csproj]
C:\Program Files\dotnet\sdk\8.0.415\Microsoft.Common.CurrentVersion.targets(2412,5): warning MSB3277:           Project file item includes which caused reference "C:\Program Files\Autodesk\Revit 2026\ATFRevitCoreAPI.dll". [C:\LECG\RevitAddins\LECG\LECG.csproj]
C:\Program Files\dotnet\sdk\8.0.415\Microsoft.Common.CurrentVersion.targets(2412,5): warning MSB3277:             RevitAPI [C:\LECG\RevitAddins\LECG\LECG.csproj]
C:\Program Files\dotnet\sdk\8.0.415\Microsoft.Common.CurrentVersion.targets(2412,5): warning MSB3277:             RevitAPIUI [C:\LECG\RevitAddins\LECG\LECG.csproj]
C:\Program Files\dotnet\sdk\8.0.415\Microsoft.Common.CurrentVersion.targets(2412,5): warning MSB3277:         C:\Program Files\Autodesk\Revit 2026\DBManagedServices.dll [C:\LECG\RevitAddins\LECG\LECG.csproj]
C:\Program Files\dotnet\sdk\8.0.415\Microsoft.Common.CurrentVersion.targets(2412,5): warning MSB3277:           Project file item includes which caused reference "C:\Program Files\Autodesk\Revit 2026\DBManagedServices.dll". [C:\LECG\RevitAddins\LECG\LECG.csproj]
C:\Program Files\dotnet\sdk\8.0.415\Microsoft.Common.CurrentVersion.targets(2412,5): warning MSB3277:             RevitAPI [C:\LECG\RevitAddins\LECG\LECG.csproj]
C:\Program Files\dotnet\sdk\8.0.415\Microsoft.Common.CurrentVersion.targets(2412,5): warning MSB3277:             RevitAPIUI [C:\LECG\RevitAddins\LECG\LECG.csproj]
C:\Program Files\dotnet\sdk\8.0.415\Microsoft.Common.CurrentVersion.targets(2412,5): warning MSB3277:         C:\Program Files\Autodesk\Revit 2026\APIInterop.dll [C:\LECG\RevitAddins\LECG\LECG.csproj]
C:\Program Files\dotnet\sdk\8.0.415\Microsoft.Common.CurrentVersion.targets(2412,5): warning MSB3277:           Project file item includes which caused reference "C:\Program Files\Autodesk\Revit 2026\APIInterop.dll". [C:\LECG\RevitAddins\LECG\LECG.csproj]
C:\Program Files\dotnet\sdk\8.0.415\Microsoft.Common.CurrentVersion.targets(2412,5): warning MSB3277:             RevitAPIUI [C:\LECG\RevitAddins\LECG\LECG.csproj]
C:\Program Files\dotnet\sdk\8.0.415\Microsoft.Common.CurrentVersion.targets(2412,5): warning MSB3277:         C:\Program Files\Autodesk\Revit 2026\AddInManager.dll [C:\LECG\RevitAddins\LECG\LECG.csproj]
C:\Program Files\dotnet\sdk\8.0.415\Microsoft.Common.CurrentVersion.targets(2412,5): warning MSB3277:           Project file item includes which caused reference "C:\Program Files\Autodesk\Revit 2026\AddInManager.dll". [C:\LECG\RevitAddins\LECG\LECG.csproj]
C:\Program Files\dotnet\sdk\8.0.415\Microsoft.Common.CurrentVersion.targets(2412,5): warning MSB3277:             RevitAPIUI [C:\LECG\RevitAddins\LECG\LECG.csproj]
C:\Program Files\dotnet\sdk\8.0.415\Microsoft.Common.CurrentVersion.targets(2412,5): warning MSB3277:         C:\Program Files\Autodesk\Revit 2026\RevitUIAPI.dll [C:\LECG\RevitAddins\LECG\LECG.csproj]
C:\Program Files\dotnet\sdk\8.0.415\Microsoft.Common.CurrentVersion.targets(2412,5): warning MSB3277:           Project file item includes which caused reference "C:\Program Files\Autodesk\Revit 2026\RevitUIAPI.dll". [C:\LECG\RevitAddins\LECG\LECG.csproj]
C:\Program Files\dotnet\sdk\8.0.415\Microsoft.Common.CurrentVersion.targets(2412,5): warning MSB3277:             RevitAPIUI [C:\LECG\RevitAddins\LECG\LECG.csproj]
C:\Program Files\dotnet\sdk\8.0.415\Microsoft.Common.CurrentVersion.targets(2412,5): warning MSB3277:         C:\Program Files\Autodesk\Revit 2026\BuildingSystemsUIAPI.dll [C:\LECG\RevitAddins\LECG\LECG.csproj]
C:\Program Files\dotnet\sdk\8.0.415\Microsoft.Common.CurrentVersion.targets(2412,5): warning MSB3277:           Project file item includes which caused reference "C:\Program Files\Autodesk\Revit 2026\BuildingSystemsUIAPI.dll". [C:\LECG\RevitAddins\LECG\LECG.csproj]
C:\Program Files\dotnet\sdk\8.0.415\Microsoft.Common.CurrentVersion.targets(2412,5): warning MSB3277:             RevitAPIUI [C:\LECG\RevitAddins\LECG\LECG.csproj]
C:\Program Files\dotnet\sdk\8.0.415\Microsoft.Common.CurrentVersion.targets(2412,5): warning MSB3277:         C:\Program Files\Autodesk\Revit 2026\DesktopMFCAPI.dll [C:\LECG\RevitAddins\LECG\LECG.csproj]
C:\Program Files\dotnet\sdk\8.0.415\Microsoft.Common.CurrentVersion.targets(2412,5): warning MSB3277:           Project file item includes which caused reference "C:\Program Files\Autodesk\Revit 2026\DesktopMFCAPI.dll". [C:\LECG\RevitAddins\LECG\LECG.csproj]
C:\Program Files\dotnet\sdk\8.0.415\Microsoft.Common.CurrentVersion.targets(2412,5): warning MSB3277:             RevitAPIUI [C:\LECG\RevitAddins\LECG\LECG.csproj]
C:\Program Files\dotnet\sdk\8.0.415\Microsoft.Common.CurrentVersion.targets(2412,5): warning MSB3277:         C:\Program Files\Autodesk\Revit 2026\APIUIAPI.dll [C:\LECG\RevitAddins\LECG\LECG.csproj]
C:\Program Files\dotnet\sdk\8.0.415\Microsoft.Common.CurrentVersion.targets(2412,5): warning MSB3277:           Project file item includes which caused reference "C:\Program Files\Autodesk\Revit 2026\APIUIAPI.dll". [C:\LECG\RevitAddins\LECG\LECG.csproj]
C:\Program Files\dotnet\sdk\8.0.415\Microsoft.Common.CurrentVersion.targets(2412,5): warning MSB3277:             RevitAPIUI [C:\LECG\RevitAddins\LECG\LECG.csproj]
C:\Program Files\dotnet\sdk\8.0.415\Microsoft.Common.CurrentVersion.targets(2412,5): warning MSB3277:         C:\Program Files\Autodesk\Revit 2026\RevitMFCAPI.dll [C:\LECG\RevitAddins\LECG\LECG.csproj]
C:\Program Files\dotnet\sdk\8.0.415\Microsoft.Common.CurrentVersion.targets(2412,5): warning MSB3277:           Project file item includes which caused reference "C:\Program Files\Autodesk\Revit 2026\RevitMFCAPI.dll". [C:\LECG\RevitAddins\LECG\LECG.csproj]
C:\Program Files\dotnet\sdk\8.0.415\Microsoft.Common.CurrentVersion.targets(2412,5): warning MSB3277:             RevitAPIUI [C:\LECG\RevitAddins\LECG\LECG.csproj]
C:\Program Files\dotnet\sdk\8.0.415\Microsoft.Common.CurrentVersion.targets(2412,5): warning MSB3277:         C:\Program Files\Autodesk\Revit 2026\EssentialsUIAPI.dll [C:\LECG\RevitAddins\LECG\LECG.csproj]
C:\Program Files\dotnet\sdk\8.0.415\Microsoft.Common.CurrentVersion.targets(2412,5): warning MSB3277:           Project file item includes which caused reference "C:\Program Files\Autodesk\Revit 2026\EssentialsUIAPI.dll". [C:\LECG\RevitAddins\LECG\LECG.csproj]
C:\Program Files\dotnet\sdk\8.0.415\Microsoft.Common.CurrentVersion.targets(2412,5): warning MSB3277:             RevitAPIUI [C:\LECG\RevitAddins\LECG\LECG.csproj]
C:\Program Files\dotnet\sdk\8.0.415\Microsoft.Common.CurrentVersion.targets(2412,5): warning MSB3277:         C:\Program Files\Autodesk\Revit 2026\DetailUIAPI.dll [C:\LECG\RevitAddins\LECG\LECG.csproj]
C:\Program Files\dotnet\sdk\8.0.415\Microsoft.Common.CurrentVersion.targets(2412,5): warning MSB3277:           Project file item includes which caused reference "C:\Program Files\Autodesk\Revit 2026\DetailUIAPI.dll". [C:\LECG\RevitAddins\LECG\LECG.csproj]
C:\Program Files\dotnet\sdk\8.0.415\Microsoft.Common.CurrentVersion.targets(2412,5): warning MSB3277:             RevitAPIUI [C:\LECG\RevitAddins\LECG\LECG.csproj]
C:\Program Files\dotnet\sdk\8.0.415\Microsoft.Common.CurrentVersion.targets(2412,5): warning MSB3277:         C:\Program Files\Autodesk\Revit 2026\UIFrameworkServices.dll [C:\LECG\RevitAddins\LECG\LECG.csproj]
C:\Program Files\dotnet\sdk\8.0.415\Microsoft.Common.CurrentVersion.targets(2412,5): warning MSB3277:           Project file item includes which caused reference "C:\Program Files\Autodesk\Revit 2026\UIFrameworkServices.dll". [C:\LECG\RevitAddins\LECG\LECG.csproj]
C:\Program Files\dotnet\sdk\8.0.415\Microsoft.Common.CurrentVersion.targets(2412,5): warning MSB3277:             RevitAPIUI [C:\LECG\RevitAddins\LECG\LECG.csproj]
C:\Program Files\dotnet\sdk\8.0.415\Microsoft.Common.CurrentVersion.targets(2412,5): warning MSB3277:         C:\Program Files\Autodesk\Revit 2026\SSONET.dll [C:\LECG\RevitAddins\LECG\LECG.csproj]
C:\Program Files\dotnet\sdk\8.0.415\Microsoft.Common.CurrentVersion.targets(2412,5): warning MSB3277:           Project file item includes which caused reference "C:\Program Files\Autodesk\Revit 2026\SSONET.dll". [C:\LECG\RevitAddins\LECG\LECG.csproj]
C:\Program Files\dotnet\sdk\8.0.415\Microsoft.Common.CurrentVersion.targets(2412,5): warning MSB3277:             RevitAPIUI [C:\LECG\RevitAddins\LECG\LECG.csproj]
C:\LECG\RevitAddins\LECG\src\Services\SearchReplaceService.cs(10,7): warning CS0105: The using directive for 'Autodesk.Revit.DB' appeared previously in this namespace [C:\LECG\RevitAddins\LECG\LECG_ka3ls3xq_wpftmp.csproj]
C:\LECG\RevitAddins\LECG\src\Services\SearchReplaceService.cs(11,7): warning CS0105: The using directive for 'LECG.ViewModels' appeared previously in this namespace [C:\LECG\RevitAddins\LECG\LECG_ka3ls3xq_wpftmp.csproj]
C:\LECG\RevitAddins\LECG\src\Services\SearchReplaceService.cs(12,7): warning CS0105: The using directive for 'LECG.Configuration' appeared previously in this namespace [C:\LECG\RevitAddins\LECG\LECG_ka3ls3xq_wpftmp.csproj]
C:\LECG\RevitAddins\LECG\src\Services\SearchReplaceService.cs(13,7): warning CS0105: The using directive for 'LECG.Views' appeared previously in this namespace [C:\LECG\RevitAddins\LECG\LECG_ka3ls3xq_wpftmp.csproj]
C:\LECG\RevitAddins\LECG\src\Services\SearchReplaceService.cs(14,7): warning CS0105: The using directive for 'System.Diagnostics' appeared previously in this namespace [C:\LECG\RevitAddins\LECG\LECG_ka3ls3xq_wpftmp.csproj]
C:\LECG\RevitAddins\LECG\src\Services\SearchReplaceService.cs(15,7): warning CS0105: The using directive for 'System.Text.RegularExpressions' appeared previously in this namespace [C:\LECG\RevitAddins\LECG\LECG_ka3ls3xq_wpftmp.csproj]
C:\LECG\RevitAddins\LECG\src\Core\RelayCommand.cs(14,84): warning CS8625: Cannot convert null literal to non-nullable reference type. [C:\LECG\RevitAddins\LECG\LECG_ka3ls3xq_wpftmp.csproj]
C:\LECG\RevitAddins\LECG\src\Commands\ResetSlabsCommand.cs(122,28): warning CS0109: The member 'ResetSlabsCommand.GetLogContent()' does not hide an accessible member. The new keyword is not required. [C:\LECG\RevitAddins\LECG\LECG_ka3ls3xq_wpftmp.csproj]
C:\LECG\RevitAddins\LECG\src\ViewModels\SearchReplaceViewModel.cs(72,63): error CS0246: The type or namespace name 'Document' could not be found (are you missing a using directive or an assembly reference?) [C:\LECG\RevitAddins\LECG\LECG_ka3ls3xq_wpftmp.csproj]
C:\LECG\RevitAddins\LECG\src\ViewModels\SearchReplaceViewModel.cs(22,17): error CS0246: The type or namespace name 'Document' could not be found (are you missing a using directive or an assembly reference?) [C:\LECG\RevitAddins\LECG\LECG_ka3ls3xq_wpftmp.csproj]

Build FAILED.

C:\Program Files\dotnet\sdk\8.0.415\Microsoft.Common.CurrentVersion.targets(2412,5): warning MSB3277: Found conflicts between different versions of "Microsoft.VisualBasic" that could not be resolved. [C:\LECG\RevitAddins\LECG\LECG.csproj]
C:\Program Files\dotnet\sdk\8.0.415\Microsoft.Common.CurrentVersion.targets(2412,5): warning MSB3277: There was a conflict between "Microsoft.VisualBasic, Version=10.0.0.0, Culture=neutral, PublicKeyToken=b03f5f7f11d50a3a" and "Microsoft.VisualBasic, Version=10.1.0.0, Culture=neutral, PublicKeyToken=b03f5f7f11d50a3a". [C:\LECG\RevitAddins\LECG\LECG.csproj]
C:\Program Files\dotnet\sdk\8.0.415\Microsoft.Common.CurrentVersion.targets(2412,5): warning MSB3277:     "Microsoft.VisualBasic, Version=10.0.0.0, Culture=neutral, PublicKeyToken=b03f5f7f11d50a3a" was chosen because it was primary and "Microsoft.VisualBasic, Version=10.1.0.0, Culture=neutral, PublicKeyToken=b03f5f7f11d50a3a" was not. [C:\LECG\RevitAddins\LECG\LECG.csproj]
C:\Program Files\dotnet\sdk\8.0.415\Microsoft.Common.CurrentVersion.targets(2412,5): warning MSB3277:     References which depend on "Microsoft.VisualBasic, Version=10.0.0.0, Culture=neutral, PublicKeyToken=b03f5f7f11d50a3a" [C:\Program Files\dotnet\packs\Microsoft.NETCore.App.Ref\8.0.21\ref\net8.0\Microsoft.VisualBasic.dll]. [C:\LECG\RevitAddins\LECG\LECG.csproj]
C:\Program Files\dotnet\sdk\8.0.415\Microsoft.Common.CurrentVersion.targets(2412,5): warning MSB3277:         C:\Program Files\dotnet\packs\Microsoft.NETCore.App.Ref\8.0.21\ref\net8.0\Microsoft.VisualBasic.dll [C:\LECG\RevitAddins\LECG\LECG.csproj]
C:\Program Files\dotnet\sdk\8.0.415\Microsoft.Common.CurrentVersion.targets(2412,5): warning MSB3277:           Project file item includes which caused reference "C:\Program Files\dotnet\packs\Microsoft.NETCore.App.Ref\8.0.21\ref\net8.0\Microsoft.VisualBasic.dll". [C:\LECG\RevitAddins\LECG\LECG.csproj]
C:\Program Files\dotnet\sdk\8.0.415\Microsoft.Common.CurrentVersion.targets(2412,5): warning MSB3277:             C:\Program Files\dotnet\packs\Microsoft.NETCore.App.Ref\8.0.21\ref/net8.0/Microsoft.VisualBasic.dll [C:\LECG\RevitAddins\LECG\LECG.csproj]
C:\Program Files\dotnet\sdk\8.0.415\Microsoft.Common.CurrentVersion.targets(2412,5): warning MSB3277:     References which depend on or have been unified to "Microsoft.VisualBasic, Version=10.1.0.0, Culture=neutral, PublicKeyToken=b03f5f7f11d50a3a" []. [C:\LECG\RevitAddins\LECG\LECG.csproj]
C:\Program Files\dotnet\sdk\8.0.415\Microsoft.Common.CurrentVersion.targets(2412,5): warning MSB3277:         C:\Program Files\Autodesk\Revit 2026\RevitAPI.dll [C:\LECG\RevitAddins\LECG\LECG.csproj]
C:\Program Files\dotnet\sdk\8.0.415\Microsoft.Common.CurrentVersion.targets(2412,5): warning MSB3277:           Project file item includes which caused reference "C:\Program Files\Autodesk\Revit 2026\RevitAPI.dll". [C:\LECG\RevitAddins\LECG\LECG.csproj]
C:\Program Files\dotnet\sdk\8.0.415\Microsoft.Common.CurrentVersion.targets(2412,5): warning MSB3277:             RevitAPI [C:\LECG\RevitAddins\LECG\LECG.csproj]
C:\Program Files\dotnet\sdk\8.0.415\Microsoft.Common.CurrentVersion.targets(2412,5): warning MSB3277:             RevitAPIUI [C:\LECG\RevitAddins\LECG\LECG.csproj]
C:\Program Files\dotnet\sdk\8.0.415\Microsoft.Common.CurrentVersion.targets(2412,5): warning MSB3277:         C:\Program Files\Autodesk\Revit 2026\RevitAPIUI.dll [C:\LECG\RevitAddins\LECG\LECG.csproj]
C:\Program Files\dotnet\sdk\8.0.415\Microsoft.Common.CurrentVersion.targets(2412,5): warning MSB3277:           Project file item includes which caused reference "C:\Program Files\Autodesk\Revit 2026\RevitAPIUI.dll". [C:\LECG\RevitAddins\LECG\LECG.csproj]
C:\Program Files\dotnet\sdk\8.0.415\Microsoft.Common.CurrentVersion.targets(2412,5): warning MSB3277:             RevitAPIUI [C:\LECG\RevitAddins\LECG\LECG.csproj]
C:\Program Files\dotnet\sdk\8.0.415\Microsoft.Common.CurrentVersion.targets(2412,5): warning MSB3277:         C:\Program Files\Autodesk\Revit 2026\AdskRcManaged.dll [C:\LECG\RevitAddins\LECG\LECG.csproj]
C:\Program Files\dotnet\sdk\8.0.415\Microsoft.Common.CurrentVersion.targets(2412,5): warning MSB3277:           Project file item includes which caused reference "C:\Program Files\Autodesk\Revit 2026\AdskRcManaged.dll". [C:\LECG\RevitAddins\LECG\LECG.csproj]
C:\Program Files\dotnet\sdk\8.0.415\Microsoft.Common.CurrentVersion.targets(2412,5): warning MSB3277:             RevitAPI [C:\LECG\RevitAddins\LECG\LECG.csproj]
C:\Program Files\dotnet\sdk\8.0.415\Microsoft.Common.CurrentVersion.targets(2412,5): warning MSB3277:             RevitAPIUI [C:\LECG\RevitAddins\LECG\LECG.csproj]
C:\Program Files\dotnet\sdk\8.0.415\Microsoft.Common.CurrentVersion.targets(2412,5): warning MSB3277:         C:\Program Files\Autodesk\Revit 2026\RevitAPIFoundation.dll [C:\LECG\RevitAddins\LECG\LECG.csproj]
C:\Program Files\dotnet\sdk\8.0.415\Microsoft.Common.CurrentVersion.targets(2412,5): warning MSB3277:           Project file item includes which caused reference "C:\Program Files\Autodesk\Revit 2026\RevitAPIFoundation.dll". [C:\LECG\RevitAddins\LECG\LECG.csproj]
C:\Program Files\dotnet\sdk\8.0.415\Microsoft.Common.CurrentVersion.targets(2412,5): warning MSB3277:             RevitAPI [C:\LECG\RevitAddins\LECG\LECG.csproj]
C:\Program Files\dotnet\sdk\8.0.415\Microsoft.Common.CurrentVersion.targets(2412,5): warning MSB3277:             RevitAPIUI [C:\LECG\RevitAddins\LECG\LECG.csproj]
C:\Program Files\dotnet\sdk\8.0.415\Microsoft.Common.CurrentVersion.targets(2412,5): warning MSB3277:         C:\Program Files\Autodesk\Revit 2026\RevitDBAPI.dll [C:\LECG\RevitAddins\LECG\LECG.csproj]
C:\Program Files\dotnet\sdk\8.0.415\Microsoft.Common.CurrentVersion.targets(2412,5): warning MSB3277:           Project file item includes which caused reference "C:\Program Files\Autodesk\Revit 2026\RevitDBAPI.dll". [C:\LECG\RevitAddins\LECG\LECG.csproj]
C:\Program Files\dotnet\sdk\8.0.415\Microsoft.Common.CurrentVersion.targets(2412,5): warning MSB3277:             RevitAPI [C:\LECG\RevitAddins\LECG\LECG.csproj]
C:\Program Files\dotnet\sdk\8.0.415\Microsoft.Common.CurrentVersion.targets(2412,5): warning MSB3277:             RevitAPIUI [C:\LECG\RevitAddins\LECG\LECG.csproj]
C:\Program Files\dotnet\sdk\8.0.415\Microsoft.Common.CurrentVersion.targets(2412,5): warning MSB3277:         C:\Program Files\Autodesk\Revit 2026\RevitDBCoreAPI.dll [C:\LECG\RevitAddins\LECG\LECG.csproj]
C:\Program Files\dotnet\sdk\8.0.415\Microsoft.Common.CurrentVersion.targets(2412,5): warning MSB3277:           Project file item includes which caused reference "C:\Program Files\Autodesk\Revit 2026\RevitDBCoreAPI.dll". [C:\LECG\RevitAddins\LECG\LECG.csproj]
C:\Program Files\dotnet\sdk\8.0.415\Microsoft.Common.CurrentVersion.targets(2412,5): warning MSB3277:             RevitAPI [C:\LECG\RevitAddins\LECG\LECG.csproj]
C:\Program Files\dotnet\sdk\8.0.415\Microsoft.Common.CurrentVersion.targets(2412,5): warning MSB3277:             RevitAPIUI [C:\LECG\RevitAddins\LECG\LECG.csproj]
C:\Program Files\dotnet\sdk\8.0.415\Microsoft.Common.CurrentVersion.targets(2412,5): warning MSB3277:         C:\Program Files\Autodesk\Revit 2026\PersistenceDBAPI.dll [C:\LECG\RevitAddins\LECG\LECG.csproj]
C:\Program Files\dotnet\sdk\8.0.415\Microsoft.Common.CurrentVersion.targets(2412,5): warning MSB3277:           Project file item includes which caused reference "C:\Program Files\Autodesk\Revit 2026\PersistenceDBAPI.dll". [C:\LECG\RevitAddins\LECG\LECG.csproj]
C:\Program Files\dotnet\sdk\8.0.415\Microsoft.Common.CurrentVersion.targets(2412,5): warning MSB3277:             RevitAPI [C:\LECG\RevitAddins\LECG\LECG.csproj]
C:\Program Files\dotnet\sdk\8.0.415\Microsoft.Common.CurrentVersion.targets(2412,5): warning MSB3277:             RevitAPIUI [C:\LECG\RevitAddins\LECG\LECG.csproj]
C:\Program Files\dotnet\sdk\8.0.415\Microsoft.Common.CurrentVersion.targets(2412,5): warning MSB3277:         C:\Program Files\Autodesk\Revit 2026\UtilityAPI.dll [C:\LECG\RevitAddins\LECG\LECG.csproj]
C:\Program Files\dotnet\sdk\8.0.415\Microsoft.Common.CurrentVersion.targets(2412,5): warning MSB3277:           Project file item includes which caused reference "C:\Program Files\Autodesk\Revit 2026\UtilityAPI.dll". [C:\LECG\RevitAddins\LECG\LECG.csproj]
C:\Program Files\dotnet\sdk\8.0.415\Microsoft.Common.CurrentVersion.targets(2412,5): warning MSB3277:             RevitAPI [C:\LECG\RevitAddins\LECG\LECG.csproj]
C:\Program Files\dotnet\sdk\8.0.415\Microsoft.Common.CurrentVersion.targets(2412,5): warning MSB3277:             RevitAPIUI [C:\LECG\RevitAddins\LECG\LECG.csproj]
C:\Program Files\dotnet\sdk\8.0.415\Microsoft.Common.CurrentVersion.targets(2412,5): warning MSB3277:         C:\Program Files\Autodesk\Revit 2026\APIDBAPI.dll [C:\LECG\RevitAddins\LECG\LECG.csproj]
C:\Program Files\dotnet\sdk\8.0.415\Microsoft.Common.CurrentVersion.targets(2412,5): warning MSB3277:           Project file item includes which caused reference "C:\Program Files\Autodesk\Revit 2026\APIDBAPI.dll". [C:\LECG\RevitAddins\LECG\LECG.csproj]
C:\Program Files\dotnet\sdk\8.0.415\Microsoft.Common.CurrentVersion.targets(2412,5): warning MSB3277:             RevitAPI [C:\LECG\RevitAddins\LECG\LECG.csproj]
C:\Program Files\dotnet\sdk\8.0.415\Microsoft.Common.CurrentVersion.targets(2412,5): warning MSB3277:             RevitAPIUI [C:\LECG\RevitAddins\LECG\LECG.csproj]
C:\Program Files\dotnet\sdk\8.0.415\Microsoft.Common.CurrentVersion.targets(2412,5): warning MSB3277:         C:\Program Files\Autodesk\Revit 2026\GraphicsAPI.dll [C:\LECG\RevitAddins\LECG\LECG.csproj]
C:\Program Files\dotnet\sdk\8.0.415\Microsoft.Common.CurrentVersion.targets(2412,5): warning MSB3277:           Project file item includes which caused reference "C:\Program Files\Autodesk\Revit 2026\GraphicsAPI.dll". [C:\LECG\RevitAddins\LECG\LECG.csproj]
C:\Program Files\dotnet\sdk\8.0.415\Microsoft.Common.CurrentVersion.targets(2412,5): warning MSB3277:             RevitAPI [C:\LECG\RevitAddins\LECG\LECG.csproj]
C:\Program Files\dotnet\sdk\8.0.415\Microsoft.Common.CurrentVersion.targets(2412,5): warning MSB3277:             RevitAPIUI [C:\LECG\RevitAddins\LECG\LECG.csproj]
C:\Program Files\dotnet\sdk\8.0.415\Microsoft.Common.CurrentVersion.targets(2412,5): warning MSB3277:         C:\Program Files\Autodesk\Revit 2026\ElementGroupDBAPI.dll [C:\LECG\RevitAddins\LECG\LECG.csproj]
C:\Program Files\dotnet\sdk\8.0.415\Microsoft.Common.CurrentVersion.targets(2412,5): warning MSB3277:           Project file item includes which caused reference "C:\Program Files\Autodesk\Revit 2026\ElementGroupDBAPI.dll". [C:\LECG\RevitAddins\LECG\LECG.csproj]
C:\Program Files\dotnet\sdk\8.0.415\Microsoft.Common.CurrentVersion.targets(2412,5): warning MSB3277:             RevitAPI [C:\LECG\RevitAddins\LECG\LECG.csproj]
C:\Program Files\dotnet\sdk\8.0.415\Microsoft.Common.CurrentVersion.targets(2412,5): warning MSB3277:             RevitAPIUI [C:\LECG\RevitAddins\LECG\LECG.csproj]
C:\Program Files\dotnet\sdk\8.0.415\Microsoft.Common.CurrentVersion.targets(2412,5): warning MSB3277:         C:\Program Files\Autodesk\Revit 2026\EssentialsDBAPI.dll [C:\LECG\RevitAddins\LECG\LECG.csproj]
C:\Program Files\dotnet\sdk\8.0.415\Microsoft.Common.CurrentVersion.targets(2412,5): warning MSB3277:           Project file item includes which caused reference "C:\Program Files\Autodesk\Revit 2026\EssentialsDBAPI.dll". [C:\LECG\RevitAddins\LECG\LECG.csproj]
C:\Program Files\dotnet\sdk\8.0.415\Microsoft.Common.CurrentVersion.targets(2412,5): warning MSB3277:             RevitAPI [C:\LECG\RevitAddins\LECG\LECG.csproj]
C:\Program Files\dotnet\sdk\8.0.415\Microsoft.Common.CurrentVersion.targets(2412,5): warning MSB3277:             RevitAPIUI [C:\LECG\RevitAddins\LECG\LECG.csproj]
C:\Program Files\dotnet\sdk\8.0.415\Microsoft.Common.CurrentVersion.targets(2412,5): warning MSB3277:         C:\Program Files\Autodesk\Revit 2026\GeomUtilAPI.dll [C:\LECG\RevitAddins\LECG\LECG.csproj]
C:\Program Files\dotnet\sdk\8.0.415\Microsoft.Common.CurrentVersion.targets(2412,5): warning MSB3277:           Project file item includes which caused reference "C:\Program Files\Autodesk\Revit 2026\GeomUtilAPI.dll". [C:\LECG\RevitAddins\LECG\LECG.csproj]
C:\Program Files\dotnet\sdk\8.0.415\Microsoft.Common.CurrentVersion.targets(2412,5): warning MSB3277:             RevitAPI [C:\LECG\RevitAddins\LECG\LECG.csproj]
C:\Program Files\dotnet\sdk\8.0.415\Microsoft.Common.CurrentVersion.targets(2412,5): warning MSB3277:             RevitAPIUI [C:\LECG\RevitAddins\LECG\LECG.csproj]
C:\Program Files\dotnet\sdk\8.0.415\Microsoft.Common.CurrentVersion.targets(2412,5): warning MSB3277:         C:\Program Files\Autodesk\Revit 2026\FamilyDBAPI.dll [C:\LECG\RevitAddins\LECG\LECG.csproj]
C:\Program Files\dotnet\sdk\8.0.415\Microsoft.Common.CurrentVersion.targets(2412,5): warning MSB3277:           Project file item includes which caused reference "C:\Program Files\Autodesk\Revit 2026\FamilyDBAPI.dll". [C:\LECG\RevitAddins\LECG\LECG.csproj]
C:\Program Files\dotnet\sdk\8.0.415\Microsoft.Common.CurrentVersion.targets(2412,5): warning MSB3277:             RevitAPI [C:\LECG\RevitAddins\LECG\LECG.csproj]
C:\Program Files\dotnet\sdk\8.0.415\Microsoft.Common.CurrentVersion.targets(2412,5): warning MSB3277:             RevitAPIUI [C:\LECG\RevitAddins\LECG\LECG.csproj]
C:\Program Files\dotnet\sdk\8.0.415\Microsoft.Common.CurrentVersion.targets(2412,5): warning MSB3277:         C:\Program Files\Autodesk\Revit 2026\DetailDBAPI.dll [C:\LECG\RevitAddins\LECG\LECG.csproj]
C:\Program Files\dotnet\sdk\8.0.415\Microsoft.Common.CurrentVersion.targets(2412,5): warning MSB3277:           Project file item includes which caused reference "C:\Program Files\Autodesk\Revit 2026\DetailDBAPI.dll". [C:\LECG\RevitAddins\LECG\LECG.csproj]
C:\Program Files\dotnet\sdk\8.0.415\Microsoft.Common.CurrentVersion.targets(2412,5): warning MSB3277:             RevitAPI [C:\LECG\RevitAddins\LECG\LECG.csproj]
C:\Program Files\dotnet\sdk\8.0.415\Microsoft.Common.CurrentVersion.targets(2412,5): warning MSB3277:             RevitAPIUI [C:\LECG\RevitAddins\LECG\LECG.csproj]
C:\Program Files\dotnet\sdk\8.0.415\Microsoft.Common.CurrentVersion.targets(2412,5): warning MSB3277:         C:\Program Files\Autodesk\Revit 2026\CurtainGridFamilyDBAPI.dll [C:\LECG\RevitAddins\LECG\LECG.csproj]
C:\Program Files\dotnet\sdk\8.0.415\Microsoft.Common.CurrentVersion.targets(2412,5): warning MSB3277:           Project file item includes which caused reference "C:\Program Files\Autodesk\Revit 2026\CurtainGridFamilyDBAPI.dll". [C:\LECG\RevitAddins\LECG\LECG.csproj]
C:\Program Files\dotnet\sdk\8.0.415\Microsoft.Common.CurrentVersion.targets(2412,5): warning MSB3277:             RevitAPI [C:\LECG\RevitAddins\LECG\LECG.csproj]
C:\Program Files\dotnet\sdk\8.0.415\Microsoft.Common.CurrentVersion.targets(2412,5): warning MSB3277:             RevitAPIUI [C:\LECG\RevitAddins\LECG\LECG.csproj]
C:\Program Files\dotnet\sdk\8.0.415\Microsoft.Common.CurrentVersion.targets(2412,5): warning MSB3277:         C:\Program Files\Autodesk\Revit 2026\ArrayElemsDBAPI.dll [C:\LECG\RevitAddins\LECG\LECG.csproj]
C:\Program Files\dotnet\sdk\8.0.415\Microsoft.Common.CurrentVersion.targets(2412,5): warning MSB3277:           Project file item includes which caused reference "C:\Program Files\Autodesk\Revit 2026\ArrayElemsDBAPI.dll". [C:\LECG\RevitAddins\LECG\LECG.csproj]
C:\Program Files\dotnet\sdk\8.0.415\Microsoft.Common.CurrentVersion.targets(2412,5): warning MSB3277:             RevitAPI [C:\LECG\RevitAddins\LECG\LECG.csproj]
C:\Program Files\dotnet\sdk\8.0.415\Microsoft.Common.CurrentVersion.targets(2412,5): warning MSB3277:             RevitAPIUI [C:\LECG\RevitAddins\LECG\LECG.csproj]
C:\Program Files\dotnet\sdk\8.0.415\Microsoft.Common.CurrentVersion.targets(2412,5): warning MSB3277:         C:\Program Files\Autodesk\Revit 2026\EnergyAnalysisDBAPI.dll [C:\LECG\RevitAddins\LECG\LECG.csproj]
C:\Program Files\dotnet\sdk\8.0.415\Microsoft.Common.CurrentVersion.targets(2412,5): warning MSB3277:           Project file item includes which caused reference "C:\Program Files\Autodesk\Revit 2026\EnergyAnalysisDBAPI.dll". [C:\LECG\RevitAddins\LECG\LECG.csproj]
C:\Program Files\dotnet\sdk\8.0.415\Microsoft.Common.CurrentVersion.targets(2412,5): warning MSB3277:             RevitAPI [C:\LECG\RevitAddins\LECG\LECG.csproj]
C:\Program Files\dotnet\sdk\8.0.415\Microsoft.Common.CurrentVersion.targets(2412,5): warning MSB3277:             RevitAPIUI [C:\LECG\RevitAddins\LECG\LECG.csproj]
C:\Program Files\dotnet\sdk\8.0.415\Microsoft.Common.CurrentVersion.targets(2412,5): warning MSB3277:         C:\Program Files\Autodesk\Revit 2026\BuildingSystemsDBAPI.dll [C:\LECG\RevitAddins\LECG\LECG.csproj]
C:\Program Files\dotnet\sdk\8.0.415\Microsoft.Common.CurrentVersion.targets(2412,5): warning MSB3277:           Project file item includes which caused reference "C:\Program Files\Autodesk\Revit 2026\BuildingSystemsDBAPI.dll". [C:\LECG\RevitAddins\LECG\LECG.csproj]
C:\Program Files\dotnet\sdk\8.0.415\Microsoft.Common.CurrentVersion.targets(2412,5): warning MSB3277:             RevitAPI [C:\LECG\RevitAddins\LECG\LECG.csproj]
C:\Program Files\dotnet\sdk\8.0.415\Microsoft.Common.CurrentVersion.targets(2412,5): warning MSB3277:             RevitAPIUI [C:\LECG\RevitAddins\LECG\LECG.csproj]
C:\Program Files\dotnet\sdk\8.0.415\Microsoft.Common.CurrentVersion.targets(2412,5): warning MSB3277:         C:\Program Files\Autodesk\Revit 2026\HostObjDBAPI.dll [C:\LECG\RevitAddins\LECG\LECG.csproj]
C:\Program Files\dotnet\sdk\8.0.415\Microsoft.Common.CurrentVersion.targets(2412,5): warning MSB3277:           Project file item includes which caused reference "C:\Program Files\Autodesk\Revit 2026\HostObjDBAPI.dll". [C:\LECG\RevitAddins\LECG\LECG.csproj]
C:\Program Files\dotnet\sdk\8.0.415\Microsoft.Common.CurrentVersion.targets(2412,5): warning MSB3277:             RevitAPI [C:\LECG\RevitAddins\LECG\LECG.csproj]
C:\Program Files\dotnet\sdk\8.0.415\Microsoft.Common.CurrentVersion.targets(2412,5): warning MSB3277:             RevitAPIUI [C:\LECG\RevitAddins\LECG\LECG.csproj]
C:\Program Files\dotnet\sdk\8.0.415\Microsoft.Common.CurrentVersion.targets(2412,5): warning MSB3277:         C:\Program Files\Autodesk\Revit 2026\RoomAreaPlanDBAPI.dll [C:\LECG\RevitAddins\LECG\LECG.csproj]
C:\Program Files\dotnet\sdk\8.0.415\Microsoft.Common.CurrentVersion.targets(2412,5): warning MSB3277:           Project file item includes which caused reference "C:\Program Files\Autodesk\Revit 2026\RoomAreaPlanDBAPI.dll". [C:\LECG\RevitAddins\LECG\LECG.csproj]
C:\Program Files\dotnet\sdk\8.0.415\Microsoft.Common.CurrentVersion.targets(2412,5): warning MSB3277:             RevitAPI [C:\LECG\RevitAddins\LECG\LECG.csproj]
C:\Program Files\dotnet\sdk\8.0.415\Microsoft.Common.CurrentVersion.targets(2412,5): warning MSB3277:             RevitAPIUI [C:\LECG\RevitAddins\LECG\LECG.csproj]
C:\Program Files\dotnet\sdk\8.0.415\Microsoft.Common.CurrentVersion.targets(2412,5): warning MSB3277:         C:\Program Files\Autodesk\Revit 2026\SiteDBAPI.dll [C:\LECG\RevitAddins\LECG\LECG.csproj]
C:\Program Files\dotnet\sdk\8.0.415\Microsoft.Common.CurrentVersion.targets(2412,5): warning MSB3277:           Project file item includes which caused reference "C:\Program Files\Autodesk\Revit 2026\SiteDBAPI.dll". [C:\LECG\RevitAddins\LECG\LECG.csproj]
C:\Program Files\dotnet\sdk\8.0.415\Microsoft.Common.CurrentVersion.targets(2412,5): warning MSB3277:             RevitAPI [C:\LECG\RevitAddins\LECG\LECG.csproj]
C:\Program Files\dotnet\sdk\8.0.415\Microsoft.Common.CurrentVersion.targets(2412,5): warning MSB3277:             RevitAPIUI [C:\LECG\RevitAddins\LECG\LECG.csproj]
C:\Program Files\dotnet\sdk\8.0.415\Microsoft.Common.CurrentVersion.targets(2412,5): warning MSB3277:         C:\Program Files\Autodesk\Revit 2026\SculptingDBAPI.dll [C:\LECG\RevitAddins\LECG\LECG.csproj]
C:\Program Files\dotnet\sdk\8.0.415\Microsoft.Common.CurrentVersion.targets(2412,5): warning MSB3277:           Project file item includes which caused reference "C:\Program Files\Autodesk\Revit 2026\SculptingDBAPI.dll". [C:\LECG\RevitAddins\LECG\LECG.csproj]
C:\Program Files\dotnet\sdk\8.0.415\Microsoft.Common.CurrentVersion.targets(2412,5): warning MSB3277:             RevitAPI [C:\LECG\RevitAddins\LECG\LECG.csproj]
C:\Program Files\dotnet\sdk\8.0.415\Microsoft.Common.CurrentVersion.targets(2412,5): warning MSB3277:             RevitAPIUI [C:\LECG\RevitAddins\LECG\LECG.csproj]
C:\Program Files\dotnet\sdk\8.0.415\Microsoft.Common.CurrentVersion.targets(2412,5): warning MSB3277:         C:\Program Files\Autodesk\Revit 2026\StructuralDBAPI.dll [C:\LECG\RevitAddins\LECG\LECG.csproj]
C:\Program Files\dotnet\sdk\8.0.415\Microsoft.Common.CurrentVersion.targets(2412,5): warning MSB3277:           Project file item includes which caused reference "C:\Program Files\Autodesk\Revit 2026\StructuralDBAPI.dll". [C:\LECG\RevitAddins\LECG\LECG.csproj]
C:\Program Files\dotnet\sdk\8.0.415\Microsoft.Common.CurrentVersion.targets(2412,5): warning MSB3277:             RevitAPI [C:\LECG\RevitAddins\LECG\LECG.csproj]
C:\Program Files\dotnet\sdk\8.0.415\Microsoft.Common.CurrentVersion.targets(2412,5): warning MSB3277:             RevitAPIUI [C:\LECG\RevitAddins\LECG\LECG.csproj]
C:\Program Files\dotnet\sdk\8.0.415\Microsoft.Common.CurrentVersion.targets(2412,5): warning MSB3277:         C:\Program Files\Autodesk\Revit 2026\InterfaceAPI.dll [C:\LECG\RevitAddins\LECG\LECG.csproj]
C:\Program Files\dotnet\sdk\8.0.415\Microsoft.Common.CurrentVersion.targets(2412,5): warning MSB3277:           Project file item includes which caused reference "C:\Program Files\Autodesk\Revit 2026\InterfaceAPI.dll". [C:\LECG\RevitAddins\LECG\LECG.csproj]
C:\Program Files\dotnet\sdk\8.0.415\Microsoft.Common.CurrentVersion.targets(2412,5): warning MSB3277:             RevitAPI [C:\LECG\RevitAddins\LECG\LECG.csproj]
C:\Program Files\dotnet\sdk\8.0.415\Microsoft.Common.CurrentVersion.targets(2412,5): warning MSB3277:             RevitAPIUI [C:\LECG\RevitAddins\LECG\LECG.csproj]
C:\Program Files\dotnet\sdk\8.0.415\Microsoft.Common.CurrentVersion.targets(2412,5): warning MSB3277:         C:\Program Files\Autodesk\Revit 2026\InterfaceUtilAPI.dll [C:\LECG\RevitAddins\LECG\LECG.csproj]
C:\Program Files\dotnet\sdk\8.0.415\Microsoft.Common.CurrentVersion.targets(2412,5): warning MSB3277:           Project file item includes which caused reference "C:\Program Files\Autodesk\Revit 2026\InterfaceUtilAPI.dll". [C:\LECG\RevitAddins\LECG\LECG.csproj]
C:\Program Files\dotnet\sdk\8.0.415\Microsoft.Common.CurrentVersion.targets(2412,5): warning MSB3277:             RevitAPI [C:\LECG\RevitAddins\LECG\LECG.csproj]
C:\Program Files\dotnet\sdk\8.0.415\Microsoft.Common.CurrentVersion.targets(2412,5): warning MSB3277:             RevitAPIUI [C:\LECG\RevitAddins\LECG\LECG.csproj]
C:\Program Files\dotnet\sdk\8.0.415\Microsoft.Common.CurrentVersion.targets(2412,5): warning MSB3277:         C:\Program Files\Autodesk\Revit 2026\RebarDBAPI.dll [C:\LECG\RevitAddins\LECG\LECG.csproj]
C:\Program Files\dotnet\sdk\8.0.415\Microsoft.Common.CurrentVersion.targets(2412,5): warning MSB3277:           Project file item includes which caused reference "C:\Program Files\Autodesk\Revit 2026\RebarDBAPI.dll". [C:\LECG\RevitAddins\LECG\LECG.csproj]
C:\Program Files\dotnet\sdk\8.0.415\Microsoft.Common.CurrentVersion.targets(2412,5): warning MSB3277:             RevitAPI [C:\LECG\RevitAddins\LECG\LECG.csproj]
C:\Program Files\dotnet\sdk\8.0.415\Microsoft.Common.CurrentVersion.targets(2412,5): warning MSB3277:             RevitAPIUI [C:\LECG\RevitAddins\LECG\LECG.csproj]
C:\Program Files\dotnet\sdk\8.0.415\Microsoft.Common.CurrentVersion.targets(2412,5): warning MSB3277:         C:\Program Files\Autodesk\Revit 2026\StructuralAnalysisDBAPI.dll [C:\LECG\RevitAddins\LECG\LECG.csproj]
C:\Program Files\dotnet\sdk\8.0.415\Microsoft.Common.CurrentVersion.targets(2412,5): warning MSB3277:           Project file item includes which caused reference "C:\Program Files\Autodesk\Revit 2026\StructuralAnalysisDBAPI.dll". [C:\LECG\RevitAddins\LECG\LECG.csproj]
C:\Program Files\dotnet\sdk\8.0.415\Microsoft.Common.CurrentVersion.targets(2412,5): warning MSB3277:             RevitAPI [C:\LECG\RevitAddins\LECG\LECG.csproj]
C:\Program Files\dotnet\sdk\8.0.415\Microsoft.Common.CurrentVersion.targets(2412,5): warning MSB3277:             RevitAPIUI [C:\LECG\RevitAddins\LECG\LECG.csproj]
C:\Program Files\dotnet\sdk\8.0.415\Microsoft.Common.CurrentVersion.targets(2412,5): warning MSB3277:         C:\Program Files\Autodesk\Revit 2026\MassingDBAPI.dll [C:\LECG\RevitAddins\LECG\LECG.csproj]
C:\Program Files\dotnet\sdk\8.0.415\Microsoft.Common.CurrentVersion.targets(2412,5): warning MSB3277:           Project file item includes which caused reference "C:\Program Files\Autodesk\Revit 2026\MassingDBAPI.dll". [C:\LECG\RevitAddins\LECG\LECG.csproj]
C:\Program Files\dotnet\sdk\8.0.415\Microsoft.Common.CurrentVersion.targets(2412,5): warning MSB3277:             RevitAPI [C:\LECG\RevitAddins\LECG\LECG.csproj]
C:\Program Files\dotnet\sdk\8.0.415\Microsoft.Common.CurrentVersion.targets(2412,5): warning MSB3277:             RevitAPIUI [C:\LECG\RevitAddins\LECG\LECG.csproj]
C:\Program Files\dotnet\sdk\8.0.415\Microsoft.Common.CurrentVersion.targets(2412,5): warning MSB3277:         C:\Program Files\Autodesk\Revit 2026\AssemblyDBAPI.dll [C:\LECG\RevitAddins\LECG\LECG.csproj]
C:\Program Files\dotnet\sdk\8.0.415\Microsoft.Common.CurrentVersion.targets(2412,5): warning MSB3277:           Project file item includes which caused reference "C:\Program Files\Autodesk\Revit 2026\AssemblyDBAPI.dll". [C:\LECG\RevitAddins\LECG\LECG.csproj]
C:\Program Files\dotnet\sdk\8.0.415\Microsoft.Common.CurrentVersion.targets(2412,5): warning MSB3277:             RevitAPI [C:\LECG\RevitAddins\LECG\LECG.csproj]
C:\Program Files\dotnet\sdk\8.0.415\Microsoft.Common.CurrentVersion.targets(2412,5): warning MSB3277:             RevitAPIUI [C:\LECG\RevitAddins\LECG\LECG.csproj]
C:\Program Files\dotnet\sdk\8.0.415\Microsoft.Common.CurrentVersion.targets(2412,5): warning MSB3277:         C:\Program Files\Autodesk\Revit 2026\DPartDBAPI.dll [C:\LECG\RevitAddins\LECG\LECG.csproj]
C:\Program Files\dotnet\sdk\8.0.415\Microsoft.Common.CurrentVersion.targets(2412,5): warning MSB3277:           Project file item includes which caused reference "C:\Program Files\Autodesk\Revit 2026\DPartDBAPI.dll". [C:\LECG\RevitAddins\LECG\LECG.csproj]
C:\Program Files\dotnet\sdk\8.0.415\Microsoft.Common.CurrentVersion.targets(2412,5): warning MSB3277:             RevitAPI [C:\LECG\RevitAddins\LECG\LECG.csproj]
C:\Program Files\dotnet\sdk\8.0.415\Microsoft.Common.CurrentVersion.targets(2412,5): warning MSB3277:             RevitAPIUI [C:\LECG\RevitAddins\LECG\LECG.csproj]
C:\Program Files\dotnet\sdk\8.0.415\Microsoft.Common.CurrentVersion.targets(2412,5): warning MSB3277:         C:\Program Files\Autodesk\Revit 2026\NumberingDBAPI.dll [C:\LECG\RevitAddins\LECG\LECG.csproj]
C:\Program Files\dotnet\sdk\8.0.415\Microsoft.Common.CurrentVersion.targets(2412,5): warning MSB3277:           Project file item includes which caused reference "C:\Program Files\Autodesk\Revit 2026\NumberingDBAPI.dll". [C:\LECG\RevitAddins\LECG\LECG.csproj]
C:\Program Files\dotnet\sdk\8.0.415\Microsoft.Common.CurrentVersion.targets(2412,5): warning MSB3277:             RevitAPI [C:\LECG\RevitAddins\LECG\LECG.csproj]
C:\Program Files\dotnet\sdk\8.0.415\Microsoft.Common.CurrentVersion.targets(2412,5): warning MSB3277:             RevitAPIUI [C:\LECG\RevitAddins\LECG\LECG.csproj]
C:\Program Files\dotnet\sdk\8.0.415\Microsoft.Common.CurrentVersion.targets(2412,5): warning MSB3277:         C:\Program Files\Autodesk\Revit 2026\PointCloudAccessAPI.dll [C:\LECG\RevitAddins\LECG\LECG.csproj]
C:\Program Files\dotnet\sdk\8.0.415\Microsoft.Common.CurrentVersion.targets(2412,5): warning MSB3277:           Project file item includes which caused reference "C:\Program Files\Autodesk\Revit 2026\PointCloudAccessAPI.dll". [C:\LECG\RevitAddins\LECG\LECG.csproj]
C:\Program Files\dotnet\sdk\8.0.415\Microsoft.Common.CurrentVersion.targets(2412,5): warning MSB3277:             RevitAPI [C:\LECG\RevitAddins\LECG\LECG.csproj]
C:\Program Files\dotnet\sdk\8.0.415\Microsoft.Common.CurrentVersion.targets(2412,5): warning MSB3277:             RevitAPIUI [C:\LECG\RevitAddins\LECG\LECG.csproj]
C:\Program Files\dotnet\sdk\8.0.415\Microsoft.Common.CurrentVersion.targets(2412,5): warning MSB3277:         C:\Program Files\Autodesk\Revit 2026\StairRampDBAPI.dll [C:\LECG\RevitAddins\LECG\LECG.csproj]
C:\Program Files\dotnet\sdk\8.0.415\Microsoft.Common.CurrentVersion.targets(2412,5): warning MSB3277:           Project file item includes which caused reference "C:\Program Files\Autodesk\Revit 2026\StairRampDBAPI.dll". [C:\LECG\RevitAddins\LECG\LECG.csproj]
C:\Program Files\dotnet\sdk\8.0.415\Microsoft.Common.CurrentVersion.targets(2412,5): warning MSB3277:             RevitAPI [C:\LECG\RevitAddins\LECG\LECG.csproj]
C:\Program Files\dotnet\sdk\8.0.415\Microsoft.Common.CurrentVersion.targets(2412,5): warning MSB3277:             RevitAPIUI [C:\LECG\RevitAddins\LECG\LECG.csproj]
C:\Program Files\dotnet\sdk\8.0.415\Microsoft.Common.CurrentVersion.targets(2412,5): warning MSB3277:         C:\Program Files\Autodesk\Revit 2026\AnalysisAppsDBAPI.dll [C:\LECG\RevitAddins\LECG\LECG.csproj]
C:\Program Files\dotnet\sdk\8.0.415\Microsoft.Common.CurrentVersion.targets(2412,5): warning MSB3277:           Project file item includes which caused reference "C:\Program Files\Autodesk\Revit 2026\AnalysisAppsDBAPI.dll". [C:\LECG\RevitAddins\LECG\LECG.csproj]
C:\Program Files\dotnet\sdk\8.0.415\Microsoft.Common.CurrentVersion.targets(2412,5): warning MSB3277:             RevitAPI [C:\LECG\RevitAddins\LECG\LECG.csproj]
C:\Program Files\dotnet\sdk\8.0.415\Microsoft.Common.CurrentVersion.targets(2412,5): warning MSB3277:             RevitAPIUI [C:\LECG\RevitAddins\LECG\LECG.csproj]
C:\Program Files\dotnet\sdk\8.0.415\Microsoft.Common.CurrentVersion.targets(2412,5): warning MSB3277:         C:\Program Files\Autodesk\Revit 2026\MaterialDBAPI.dll [C:\LECG\RevitAddins\LECG\LECG.csproj]
C:\Program Files\dotnet\sdk\8.0.415\Microsoft.Common.CurrentVersion.targets(2412,5): warning MSB3277:           Project file item includes which caused reference "C:\Program Files\Autodesk\Revit 2026\MaterialDBAPI.dll". [C:\LECG\RevitAddins\LECG\LECG.csproj]
C:\Program Files\dotnet\sdk\8.0.415\Microsoft.Common.CurrentVersion.targets(2412,5): warning MSB3277:             RevitAPI [C:\LECG\RevitAddins\LECG\LECG.csproj]
C:\Program Files\dotnet\sdk\8.0.415\Microsoft.Common.CurrentVersion.targets(2412,5): warning MSB3277:             RevitAPIUI [C:\LECG\RevitAddins\LECG\LECG.csproj]
C:\Program Files\dotnet\sdk\8.0.415\Microsoft.Common.CurrentVersion.targets(2412,5): warning MSB3277:         C:\Program Files\Autodesk\Revit 2026\IntfATFAPI.dll [C:\LECG\RevitAddins\LECG\LECG.csproj]
C:\Program Files\dotnet\sdk\8.0.415\Microsoft.Common.CurrentVersion.targets(2412,5): warning MSB3277:           Project file item includes which caused reference "C:\Program Files\Autodesk\Revit 2026\IntfATFAPI.dll". [C:\LECG\RevitAddins\LECG\LECG.csproj]
C:\Program Files\dotnet\sdk\8.0.415\Microsoft.Common.CurrentVersion.targets(2412,5): warning MSB3277:             RevitAPI [C:\LECG\RevitAddins\LECG\LECG.csproj]
C:\Program Files\dotnet\sdk\8.0.415\Microsoft.Common.CurrentVersion.targets(2412,5): warning MSB3277:             RevitAPIUI [C:\LECG\RevitAddins\LECG\LECG.csproj]
C:\Program Files\dotnet\sdk\8.0.415\Microsoft.Common.CurrentVersion.targets(2412,5): warning MSB3277:         C:\Program Files\Autodesk\Revit 2026\TextEngineAPI.dll [C:\LECG\RevitAddins\LECG\LECG.csproj]
C:\Program Files\dotnet\sdk\8.0.415\Microsoft.Common.CurrentVersion.targets(2412,5): warning MSB3277:           Project file item includes which caused reference "C:\Program Files\Autodesk\Revit 2026\TextEngineAPI.dll". [C:\LECG\RevitAddins\LECG\LECG.csproj]
C:\Program Files\dotnet\sdk\8.0.415\Microsoft.Common.CurrentVersion.targets(2412,5): warning MSB3277:             RevitAPI [C:\LECG\RevitAddins\LECG\LECG.csproj]
C:\Program Files\dotnet\sdk\8.0.415\Microsoft.Common.CurrentVersion.targets(2412,5): warning MSB3277:             RevitAPIUI [C:\LECG\RevitAddins\LECG\LECG.csproj]
C:\Program Files\dotnet\sdk\8.0.415\Microsoft.Common.CurrentVersion.targets(2412,5): warning MSB3277:         C:\Program Files\Autodesk\Revit 2026\InfrastructureDBAPI.dll [C:\LECG\RevitAddins\LECG\LECG.csproj]
C:\Program Files\dotnet\sdk\8.0.415\Microsoft.Common.CurrentVersion.targets(2412,5): warning MSB3277:           Project file item includes which caused reference "C:\Program Files\Autodesk\Revit 2026\InfrastructureDBAPI.dll". [C:\LECG\RevitAddins\LECG\LECG.csproj]
C:\Program Files\dotnet\sdk\8.0.415\Microsoft.Common.CurrentVersion.targets(2412,5): warning MSB3277:             RevitAPI [C:\LECG\RevitAddins\LECG\LECG.csproj]
C:\Program Files\dotnet\sdk\8.0.415\Microsoft.Common.CurrentVersion.targets(2412,5): warning MSB3277:             RevitAPIUI [C:\LECG\RevitAddins\LECG\LECG.csproj]
C:\Program Files\dotnet\sdk\8.0.415\Microsoft.Common.CurrentVersion.targets(2412,5): warning MSB3277:         C:\Program Files\Autodesk\Revit 2026\ATFRevitCoreAPI.dll [C:\LECG\RevitAddins\LECG\LECG.csproj]
C:\Program Files\dotnet\sdk\8.0.415\Microsoft.Common.CurrentVersion.targets(2412,5): warning MSB3277:           Project file item includes which caused reference "C:\Program Files\Autodesk\Revit 2026\ATFRevitCoreAPI.dll". [C:\LECG\RevitAddins\LECG\LECG.csproj]
C:\Program Files\dotnet\sdk\8.0.415\Microsoft.Common.CurrentVersion.targets(2412,5): warning MSB3277:             RevitAPI [C:\LECG\RevitAddins\LECG\LECG.csproj]
C:\Program Files\dotnet\sdk\8.0.415\Microsoft.Common.CurrentVersion.targets(2412,5): warning MSB3277:             RevitAPIUI [C:\LECG\RevitAddins\LECG\LECG.csproj]
C:\Program Files\dotnet\sdk\8.0.415\Microsoft.Common.CurrentVersion.targets(2412,5): warning MSB3277:         C:\Program Files\Autodesk\Revit 2026\DBManagedServices.dll [C:\LECG\RevitAddins\LECG\LECG.csproj]
C:\Program Files\dotnet\sdk\8.0.415\Microsoft.Common.CurrentVersion.targets(2412,5): warning MSB3277:           Project file item includes which caused reference "C:\Program Files\Autodesk\Revit 2026\DBManagedServices.dll". [C:\LECG\RevitAddins\LECG\LECG.csproj]
C:\Program Files\dotnet\sdk\8.0.415\Microsoft.Common.CurrentVersion.targets(2412,5): warning MSB3277:             RevitAPI [C:\LECG\RevitAddins\LECG\LECG.csproj]
C:\Program Files\dotnet\sdk\8.0.415\Microsoft.Common.CurrentVersion.targets(2412,5): warning MSB3277:             RevitAPIUI [C:\LECG\RevitAddins\LECG\LECG.csproj]
C:\Program Files\dotnet\sdk\8.0.415\Microsoft.Common.CurrentVersion.targets(2412,5): warning MSB3277:         C:\Program Files\Autodesk\Revit 2026\APIInterop.dll [C:\LECG\RevitAddins\LECG\LECG.csproj]
C:\Program Files\dotnet\sdk\8.0.415\Microsoft.Common.CurrentVersion.targets(2412,5): warning MSB3277:           Project file item includes which caused reference "C:\Program Files\Autodesk\Revit 2026\APIInterop.dll". [C:\LECG\RevitAddins\LECG\LECG.csproj]
C:\Program Files\dotnet\sdk\8.0.415\Microsoft.Common.CurrentVersion.targets(2412,5): warning MSB3277:             RevitAPIUI [C:\LECG\RevitAddins\LECG\LECG.csproj]
C:\Program Files\dotnet\sdk\8.0.415\Microsoft.Common.CurrentVersion.targets(2412,5): warning MSB3277:         C:\Program Files\Autodesk\Revit 2026\AddInManager.dll [C:\LECG\RevitAddins\LECG\LECG.csproj]
C:\Program Files\dotnet\sdk\8.0.415\Microsoft.Common.CurrentVersion.targets(2412,5): warning MSB3277:           Project file item includes which caused reference "C:\Program Files\Autodesk\Revit 2026\AddInManager.dll". [C:\LECG\RevitAddins\LECG\LECG.csproj]
C:\Program Files\dotnet\sdk\8.0.415\Microsoft.Common.CurrentVersion.targets(2412,5): warning MSB3277:             RevitAPIUI [C:\LECG\RevitAddins\LECG\LECG.csproj]
C:\Program Files\dotnet\sdk\8.0.415\Microsoft.Common.CurrentVersion.targets(2412,5): warning MSB3277:         C:\Program Files\Autodesk\Revit 2026\RevitUIAPI.dll [C:\LECG\RevitAddins\LECG\LECG.csproj]
C:\Program Files\dotnet\sdk\8.0.415\Microsoft.Common.CurrentVersion.targets(2412,5): warning MSB3277:           Project file item includes which caused reference "C:\Program Files\Autodesk\Revit 2026\RevitUIAPI.dll". [C:\LECG\RevitAddins\LECG\LECG.csproj]
C:\Program Files\dotnet\sdk\8.0.415\Microsoft.Common.CurrentVersion.targets(2412,5): warning MSB3277:             RevitAPIUI [C:\LECG\RevitAddins\LECG\LECG.csproj]
C:\Program Files\dotnet\sdk\8.0.415\Microsoft.Common.CurrentVersion.targets(2412,5): warning MSB3277:         C:\Program Files\Autodesk\Revit 2026\BuildingSystemsUIAPI.dll [C:\LECG\RevitAddins\LECG\LECG.csproj]
C:\Program Files\dotnet\sdk\8.0.415\Microsoft.Common.CurrentVersion.targets(2412,5): warning MSB3277:           Project file item includes which caused reference "C:\Program Files\Autodesk\Revit 2026\BuildingSystemsUIAPI.dll". [C:\LECG\RevitAddins\LECG\LECG.csproj]
C:\Program Files\dotnet\sdk\8.0.415\Microsoft.Common.CurrentVersion.targets(2412,5): warning MSB3277:             RevitAPIUI [C:\LECG\RevitAddins\LECG\LECG.csproj]
C:\Program Files\dotnet\sdk\8.0.415\Microsoft.Common.CurrentVersion.targets(2412,5): warning MSB3277:         C:\Program Files\Autodesk\Revit 2026\DesktopMFCAPI.dll [C:\LECG\RevitAddins\LECG\LECG.csproj]
C:\Program Files\dotnet\sdk\8.0.415\Microsoft.Common.CurrentVersion.targets(2412,5): warning MSB3277:           Project file item includes which caused reference "C:\Program Files\Autodesk\Revit 2026\DesktopMFCAPI.dll". [C:\LECG\RevitAddins\LECG\LECG.csproj]
C:\Program Files\dotnet\sdk\8.0.415\Microsoft.Common.CurrentVersion.targets(2412,5): warning MSB3277:             RevitAPIUI [C:\LECG\RevitAddins\LECG\LECG.csproj]
C:\Program Files\dotnet\sdk\8.0.415\Microsoft.Common.CurrentVersion.targets(2412,5): warning MSB3277:         C:\Program Files\Autodesk\Revit 2026\APIUIAPI.dll [C:\LECG\RevitAddins\LECG\LECG.csproj]
C:\Program Files\dotnet\sdk\8.0.415\Microsoft.Common.CurrentVersion.targets(2412,5): warning MSB3277:           Project file item includes which caused reference "C:\Program Files\Autodesk\Revit 2026\APIUIAPI.dll". [C:\LECG\RevitAddins\LECG\LECG.csproj]
C:\Program Files\dotnet\sdk\8.0.415\Microsoft.Common.CurrentVersion.targets(2412,5): warning MSB3277:             RevitAPIUI [C:\LECG\RevitAddins\LECG\LECG.csproj]
C:\Program Files\dotnet\sdk\8.0.415\Microsoft.Common.CurrentVersion.targets(2412,5): warning MSB3277:         C:\Program Files\Autodesk\Revit 2026\RevitMFCAPI.dll [C:\LECG\RevitAddins\LECG\LECG.csproj]
C:\Program Files\dotnet\sdk\8.0.415\Microsoft.Common.CurrentVersion.targets(2412,5): warning MSB3277:           Project file item includes which caused reference "C:\Program Files\Autodesk\Revit 2026\RevitMFCAPI.dll". [C:\LECG\RevitAddins\LECG\LECG.csproj]
C:\Program Files\dotnet\sdk\8.0.415\Microsoft.Common.CurrentVersion.targets(2412,5): warning MSB3277:             RevitAPIUI [C:\LECG\RevitAddins\LECG\LECG.csproj]
C:\Program Files\dotnet\sdk\8.0.415\Microsoft.Common.CurrentVersion.targets(2412,5): warning MSB3277:         C:\Program Files\Autodesk\Revit 2026\EssentialsUIAPI.dll [C:\LECG\RevitAddins\LECG\LECG.csproj]
C:\Program Files\dotnet\sdk\8.0.415\Microsoft.Common.CurrentVersion.targets(2412,5): warning MSB3277:           Project file item includes which caused reference "C:\Program Files\Autodesk\Revit 2026\EssentialsUIAPI.dll". [C:\LECG\RevitAddins\LECG\LECG.csproj]
C:\Program Files\dotnet\sdk\8.0.415\Microsoft.Common.CurrentVersion.targets(2412,5): warning MSB3277:             RevitAPIUI [C:\LECG\RevitAddins\LECG\LECG.csproj]
C:\Program Files\dotnet\sdk\8.0.415\Microsoft.Common.CurrentVersion.targets(2412,5): warning MSB3277:         C:\Program Files\Autodesk\Revit 2026\DetailUIAPI.dll [C:\LECG\RevitAddins\LECG\LECG.csproj]
C:\Program Files\dotnet\sdk\8.0.415\Microsoft.Common.CurrentVersion.targets(2412,5): warning MSB3277:           Project file item includes which caused reference "C:\Program Files\Autodesk\Revit 2026\DetailUIAPI.dll". [C:\LECG\RevitAddins\LECG\LECG.csproj]
C:\Program Files\dotnet\sdk\8.0.415\Microsoft.Common.CurrentVersion.targets(2412,5): warning MSB3277:             RevitAPIUI [C:\LECG\RevitAddins\LECG\LECG.csproj]
C:\Program Files\dotnet\sdk\8.0.415\Microsoft.Common.CurrentVersion.targets(2412,5): warning MSB3277:         C:\Program Files\Autodesk\Revit 2026\UIFrameworkServices.dll [C:\LECG\RevitAddins\LECG\LECG.csproj]
C:\Program Files\dotnet\sdk\8.0.415\Microsoft.Common.CurrentVersion.targets(2412,5): warning MSB3277:           Project file item includes which caused reference "C:\Program Files\Autodesk\Revit 2026\UIFrameworkServices.dll". [C:\LECG\RevitAddins\LECG\LECG.csproj]
C:\Program Files\dotnet\sdk\8.0.415\Microsoft.Common.CurrentVersion.targets(2412,5): warning MSB3277:             RevitAPIUI [C:\LECG\RevitAddins\LECG\LECG.csproj]
C:\Program Files\dotnet\sdk\8.0.415\Microsoft.Common.CurrentVersion.targets(2412,5): warning MSB3277:         C:\Program Files\Autodesk\Revit 2026\SSONET.dll [C:\LECG\RevitAddins\LECG\LECG.csproj]
C:\Program Files\dotnet\sdk\8.0.415\Microsoft.Common.CurrentVersion.targets(2412,5): warning MSB3277:           Project file item includes which caused reference "C:\Program Files\Autodesk\Revit 2026\SSONET.dll". [C:\LECG\RevitAddins\LECG\LECG.csproj]
C:\Program Files\dotnet\sdk\8.0.415\Microsoft.Common.CurrentVersion.targets(2412,5): warning MSB3277:             RevitAPIUI [C:\LECG\RevitAddins\LECG\LECG.csproj]
C:\Program Files\dotnet\sdk\8.0.415\Microsoft.Common.CurrentVersion.targets(2412,5): warning MSB3277: Found conflicts between different versions of "System.Drawing" that could not be resolved. [C:\LECG\RevitAddins\LECG\LECG.csproj]
C:\Program Files\dotnet\sdk\8.0.415\Microsoft.Common.CurrentVersion.targets(2412,5): warning MSB3277: There was a conflict between "System.Drawing, Version=4.0.0.0, Culture=neutral, PublicKeyToken=b03f5f7f11d50a3a" and "System.Drawing, Version=8.0.0.0, Culture=neutral, PublicKeyToken=b03f5f7f11d50a3a". [C:\LECG\RevitAddins\LECG\LECG.csproj]
C:\Program Files\dotnet\sdk\8.0.415\Microsoft.Common.CurrentVersion.targets(2412,5): warning MSB3277:     "System.Drawing, Version=4.0.0.0, Culture=neutral, PublicKeyToken=b03f5f7f11d50a3a" was chosen because it was primary and "System.Drawing, Version=8.0.0.0, Culture=neutral, PublicKeyToken=b03f5f7f11d50a3a" was not. [C:\LECG\RevitAddins\LECG\LECG.csproj]
C:\Program Files\dotnet\sdk\8.0.415\Microsoft.Common.CurrentVersion.targets(2412,5): warning MSB3277:     References which depend on "System.Drawing, Version=4.0.0.0, Culture=neutral, PublicKeyToken=b03f5f7f11d50a3a" [C:\Program Files\dotnet\packs\Microsoft.NETCore.App.Ref\8.0.21\ref\net8.0\System.Drawing.dll]. [C:\LECG\RevitAddins\LECG\LECG.csproj]
C:\Program Files\dotnet\sdk\8.0.415\Microsoft.Common.CurrentVersion.targets(2412,5): warning MSB3277:         C:\Program Files\dotnet\packs\Microsoft.NETCore.App.Ref\8.0.21\ref\net8.0\System.Drawing.dll [C:\LECG\RevitAddins\LECG\LECG.csproj]
C:\Program Files\dotnet\sdk\8.0.415\Microsoft.Common.CurrentVersion.targets(2412,5): warning MSB3277:           Project file item includes which caused reference "C:\Program Files\dotnet\packs\Microsoft.NETCore.App.Ref\8.0.21\ref\net8.0\System.Drawing.dll". [C:\LECG\RevitAddins\LECG\LECG.csproj]
C:\Program Files\dotnet\sdk\8.0.415\Microsoft.Common.CurrentVersion.targets(2412,5): warning MSB3277:             C:\Program Files\dotnet\packs\Microsoft.NETCore.App.Ref\8.0.21\ref/net8.0/System.Drawing.dll [C:\LECG\RevitAddins\LECG\LECG.csproj]
C:\Program Files\dotnet\sdk\8.0.415\Microsoft.Common.CurrentVersion.targets(2412,5): warning MSB3277:     References which depend on or have been unified to "System.Drawing, Version=8.0.0.0, Culture=neutral, PublicKeyToken=b03f5f7f11d50a3a" []. [C:\LECG\RevitAddins\LECG\LECG.csproj]
C:\Program Files\dotnet\sdk\8.0.415\Microsoft.Common.CurrentVersion.targets(2412,5): warning MSB3277:         C:\Program Files\Autodesk\Revit 2026\RevitAPI.dll [C:\LECG\RevitAddins\LECG\LECG.csproj]
C:\Program Files\dotnet\sdk\8.0.415\Microsoft.Common.CurrentVersion.targets(2412,5): warning MSB3277:           Project file item includes which caused reference "C:\Program Files\Autodesk\Revit 2026\RevitAPI.dll". [C:\LECG\RevitAddins\LECG\LECG.csproj]
C:\Program Files\dotnet\sdk\8.0.415\Microsoft.Common.CurrentVersion.targets(2412,5): warning MSB3277:             RevitAPI [C:\LECG\RevitAddins\LECG\LECG.csproj]
C:\Program Files\dotnet\sdk\8.0.415\Microsoft.Common.CurrentVersion.targets(2412,5): warning MSB3277:             RevitAPIUI [C:\LECG\RevitAddins\LECG\LECG.csproj]
C:\Program Files\dotnet\sdk\8.0.415\Microsoft.Common.CurrentVersion.targets(2412,5): warning MSB3277:         C:\Program Files\Autodesk\Revit 2026\RevitAPIUI.dll [C:\LECG\RevitAddins\LECG\LECG.csproj]
C:\Program Files\dotnet\sdk\8.0.415\Microsoft.Common.CurrentVersion.targets(2412,5): warning MSB3277:           Project file item includes which caused reference "C:\Program Files\Autodesk\Revit 2026\RevitAPIUI.dll". [C:\LECG\RevitAddins\LECG\LECG.csproj]
C:\Program Files\dotnet\sdk\8.0.415\Microsoft.Common.CurrentVersion.targets(2412,5): warning MSB3277:             RevitAPIUI [C:\LECG\RevitAddins\LECG\LECG.csproj]
C:\Program Files\dotnet\sdk\8.0.415\Microsoft.Common.CurrentVersion.targets(2412,5): warning MSB3277:         C:\Program Files\Autodesk\Revit 2026\AdskRcManaged.dll [C:\LECG\RevitAddins\LECG\LECG.csproj]
C:\Program Files\dotnet\sdk\8.0.415\Microsoft.Common.CurrentVersion.targets(2412,5): warning MSB3277:           Project file item includes which caused reference "C:\Program Files\Autodesk\Revit 2026\AdskRcManaged.dll". [C:\LECG\RevitAddins\LECG\LECG.csproj]
C:\Program Files\dotnet\sdk\8.0.415\Microsoft.Common.CurrentVersion.targets(2412,5): warning MSB3277:             RevitAPI [C:\LECG\RevitAddins\LECG\LECG.csproj]
C:\Program Files\dotnet\sdk\8.0.415\Microsoft.Common.CurrentVersion.targets(2412,5): warning MSB3277:             RevitAPIUI [C:\LECG\RevitAddins\LECG\LECG.csproj]
C:\Program Files\dotnet\sdk\8.0.415\Microsoft.Common.CurrentVersion.targets(2412,5): warning MSB3277:         C:\Program Files\Autodesk\Revit 2026\RevitAPIFoundation.dll [C:\LECG\RevitAddins\LECG\LECG.csproj]
C:\Program Files\dotnet\sdk\8.0.415\Microsoft.Common.CurrentVersion.targets(2412,5): warning MSB3277:           Project file item includes which caused reference "C:\Program Files\Autodesk\Revit 2026\RevitAPIFoundation.dll". [C:\LECG\RevitAddins\LECG\LECG.csproj]
C:\Program Files\dotnet\sdk\8.0.415\Microsoft.Common.CurrentVersion.targets(2412,5): warning MSB3277:             RevitAPI [C:\LECG\RevitAddins\LECG\LECG.csproj]
C:\Program Files\dotnet\sdk\8.0.415\Microsoft.Common.CurrentVersion.targets(2412,5): warning MSB3277:             RevitAPIUI [C:\LECG\RevitAddins\LECG\LECG.csproj]
C:\Program Files\dotnet\sdk\8.0.415\Microsoft.Common.CurrentVersion.targets(2412,5): warning MSB3277:         C:\Program Files\Autodesk\Revit 2026\RevitDBAPI.dll [C:\LECG\RevitAddins\LECG\LECG.csproj]
C:\Program Files\dotnet\sdk\8.0.415\Microsoft.Common.CurrentVersion.targets(2412,5): warning MSB3277:           Project file item includes which caused reference "C:\Program Files\Autodesk\Revit 2026\RevitDBAPI.dll". [C:\LECG\RevitAddins\LECG\LECG.csproj]
C:\Program Files\dotnet\sdk\8.0.415\Microsoft.Common.CurrentVersion.targets(2412,5): warning MSB3277:             RevitAPI [C:\LECG\RevitAddins\LECG\LECG.csproj]
C:\Program Files\dotnet\sdk\8.0.415\Microsoft.Common.CurrentVersion.targets(2412,5): warning MSB3277:             RevitAPIUI [C:\LECG\RevitAddins\LECG\LECG.csproj]
C:\Program Files\dotnet\sdk\8.0.415\Microsoft.Common.CurrentVersion.targets(2412,5): warning MSB3277:         C:\Program Files\Autodesk\Revit 2026\RevitDBCoreAPI.dll [C:\LECG\RevitAddins\LECG\LECG.csproj]
C:\Program Files\dotnet\sdk\8.0.415\Microsoft.Common.CurrentVersion.targets(2412,5): warning MSB3277:           Project file item includes which caused reference "C:\Program Files\Autodesk\Revit 2026\RevitDBCoreAPI.dll". [C:\LECG\RevitAddins\LECG\LECG.csproj]
C:\Program Files\dotnet\sdk\8.0.415\Microsoft.Common.CurrentVersion.targets(2412,5): warning MSB3277:             RevitAPI [C:\LECG\RevitAddins\LECG\LECG.csproj]
C:\Program Files\dotnet\sdk\8.0.415\Microsoft.Common.CurrentVersion.targets(2412,5): warning MSB3277:             RevitAPIUI [C:\LECG\RevitAddins\LECG\LECG.csproj]
C:\Program Files\dotnet\sdk\8.0.415\Microsoft.Common.CurrentVersion.targets(2412,5): warning MSB3277:         C:\Program Files\Autodesk\Revit 2026\PersistenceDBAPI.dll [C:\LECG\RevitAddins\LECG\LECG.csproj]
C:\Program Files\dotnet\sdk\8.0.415\Microsoft.Common.CurrentVersion.targets(2412,5): warning MSB3277:           Project file item includes which caused reference "C:\Program Files\Autodesk\Revit 2026\PersistenceDBAPI.dll". [C:\LECG\RevitAddins\LECG\LECG.csproj]
C:\Program Files\dotnet\sdk\8.0.415\Microsoft.Common.CurrentVersion.targets(2412,5): warning MSB3277:             RevitAPI [C:\LECG\RevitAddins\LECG\LECG.csproj]
C:\Program Files\dotnet\sdk\8.0.415\Microsoft.Common.CurrentVersion.targets(2412,5): warning MSB3277:             RevitAPIUI [C:\LECG\RevitAddins\LECG\LECG.csproj]
C:\Program Files\dotnet\sdk\8.0.415\Microsoft.Common.CurrentVersion.targets(2412,5): warning MSB3277:         C:\Program Files\Autodesk\Revit 2026\UtilityAPI.dll [C:\LECG\RevitAddins\LECG\LECG.csproj]
C:\Program Files\dotnet\sdk\8.0.415\Microsoft.Common.CurrentVersion.targets(2412,5): warning MSB3277:           Project file item includes which caused reference "C:\Program Files\Autodesk\Revit 2026\UtilityAPI.dll". [C:\LECG\RevitAddins\LECG\LECG.csproj]
C:\Program Files\dotnet\sdk\8.0.415\Microsoft.Common.CurrentVersion.targets(2412,5): warning MSB3277:             RevitAPI [C:\LECG\RevitAddins\LECG\LECG.csproj]
C:\Program Files\dotnet\sdk\8.0.415\Microsoft.Common.CurrentVersion.targets(2412,5): warning MSB3277:             RevitAPIUI [C:\LECG\RevitAddins\LECG\LECG.csproj]
C:\Program Files\dotnet\sdk\8.0.415\Microsoft.Common.CurrentVersion.targets(2412,5): warning MSB3277:         C:\Program Files\Autodesk\Revit 2026\APIDBAPI.dll [C:\LECG\RevitAddins\LECG\LECG.csproj]
C:\Program Files\dotnet\sdk\8.0.415\Microsoft.Common.CurrentVersion.targets(2412,5): warning MSB3277:           Project file item includes which caused reference "C:\Program Files\Autodesk\Revit 2026\APIDBAPI.dll". [C:\LECG\RevitAddins\LECG\LECG.csproj]
C:\Program Files\dotnet\sdk\8.0.415\Microsoft.Common.CurrentVersion.targets(2412,5): warning MSB3277:             RevitAPI [C:\LECG\RevitAddins\LECG\LECG.csproj]
C:\Program Files\dotnet\sdk\8.0.415\Microsoft.Common.CurrentVersion.targets(2412,5): warning MSB3277:             RevitAPIUI [C:\LECG\RevitAddins\LECG\LECG.csproj]
C:\Program Files\dotnet\sdk\8.0.415\Microsoft.Common.CurrentVersion.targets(2412,5): warning MSB3277:         C:\Program Files\Autodesk\Revit 2026\GraphicsAPI.dll [C:\LECG\RevitAddins\LECG\LECG.csproj]
C:\Program Files\dotnet\sdk\8.0.415\Microsoft.Common.CurrentVersion.targets(2412,5): warning MSB3277:           Project file item includes which caused reference "C:\Program Files\Autodesk\Revit 2026\GraphicsAPI.dll". [C:\LECG\RevitAddins\LECG\LECG.csproj]
C:\Program Files\dotnet\sdk\8.0.415\Microsoft.Common.CurrentVersion.targets(2412,5): warning MSB3277:             RevitAPI [C:\LECG\RevitAddins\LECG\LECG.csproj]
C:\Program Files\dotnet\sdk\8.0.415\Microsoft.Common.CurrentVersion.targets(2412,5): warning MSB3277:             RevitAPIUI [C:\LECG\RevitAddins\LECG\LECG.csproj]
C:\Program Files\dotnet\sdk\8.0.415\Microsoft.Common.CurrentVersion.targets(2412,5): warning MSB3277:         C:\Program Files\Autodesk\Revit 2026\ElementGroupDBAPI.dll [C:\LECG\RevitAddins\LECG\LECG.csproj]
C:\Program Files\dotnet\sdk\8.0.415\Microsoft.Common.CurrentVersion.targets(2412,5): warning MSB3277:           Project file item includes which caused reference "C:\Program Files\Autodesk\Revit 2026\ElementGroupDBAPI.dll". [C:\LECG\RevitAddins\LECG\LECG.csproj]
C:\Program Files\dotnet\sdk\8.0.415\Microsoft.Common.CurrentVersion.targets(2412,5): warning MSB3277:             RevitAPI [C:\LECG\RevitAddins\LECG\LECG.csproj]
C:\Program Files\dotnet\sdk\8.0.415\Microsoft.Common.CurrentVersion.targets(2412,5): warning MSB3277:             RevitAPIUI [C:\LECG\RevitAddins\LECG\LECG.csproj]
C:\Program Files\dotnet\sdk\8.0.415\Microsoft.Common.CurrentVersion.targets(2412,5): warning MSB3277:         C:\Program Files\Autodesk\Revit 2026\EssentialsDBAPI.dll [C:\LECG\RevitAddins\LECG\LECG.csproj]
C:\Program Files\dotnet\sdk\8.0.415\Microsoft.Common.CurrentVersion.targets(2412,5): warning MSB3277:           Project file item includes which caused reference "C:\Program Files\Autodesk\Revit 2026\EssentialsDBAPI.dll". [C:\LECG\RevitAddins\LECG\LECG.csproj]
C:\Program Files\dotnet\sdk\8.0.415\Microsoft.Common.CurrentVersion.targets(2412,5): warning MSB3277:             RevitAPI [C:\LECG\RevitAddins\LECG\LECG.csproj]
C:\Program Files\dotnet\sdk\8.0.415\Microsoft.Common.CurrentVersion.targets(2412,5): warning MSB3277:             RevitAPIUI [C:\LECG\RevitAddins\LECG\LECG.csproj]
C:\Program Files\dotnet\sdk\8.0.415\Microsoft.Common.CurrentVersion.targets(2412,5): warning MSB3277:         C:\Program Files\Autodesk\Revit 2026\GeomUtilAPI.dll [C:\LECG\RevitAddins\LECG\LECG.csproj]
C:\Program Files\dotnet\sdk\8.0.415\Microsoft.Common.CurrentVersion.targets(2412,5): warning MSB3277:           Project file item includes which caused reference "C:\Program Files\Autodesk\Revit 2026\GeomUtilAPI.dll". [C:\LECG\RevitAddins\LECG\LECG.csproj]
C:\Program Files\dotnet\sdk\8.0.415\Microsoft.Common.CurrentVersion.targets(2412,5): warning MSB3277:             RevitAPI [C:\LECG\RevitAddins\LECG\LECG.csproj]
C:\Program Files\dotnet\sdk\8.0.415\Microsoft.Common.CurrentVersion.targets(2412,5): warning MSB3277:             RevitAPIUI [C:\LECG\RevitAddins\LECG\LECG.csproj]
C:\Program Files\dotnet\sdk\8.0.415\Microsoft.Common.CurrentVersion.targets(2412,5): warning MSB3277:         C:\Program Files\Autodesk\Revit 2026\FamilyDBAPI.dll [C:\LECG\RevitAddins\LECG\LECG.csproj]
C:\Program Files\dotnet\sdk\8.0.415\Microsoft.Common.CurrentVersion.targets(2412,5): warning MSB3277:           Project file item includes which caused reference "C:\Program Files\Autodesk\Revit 2026\FamilyDBAPI.dll". [C:\LECG\RevitAddins\LECG\LECG.csproj]
C:\Program Files\dotnet\sdk\8.0.415\Microsoft.Common.CurrentVersion.targets(2412,5): warning MSB3277:             RevitAPI [C:\LECG\RevitAddins\LECG\LECG.csproj]
C:\Program Files\dotnet\sdk\8.0.415\Microsoft.Common.CurrentVersion.targets(2412,5): warning MSB3277:             RevitAPIUI [C:\LECG\RevitAddins\LECG\LECG.csproj]
C:\Program Files\dotnet\sdk\8.0.415\Microsoft.Common.CurrentVersion.targets(2412,5): warning MSB3277:         C:\Program Files\Autodesk\Revit 2026\DetailDBAPI.dll [C:\LECG\RevitAddins\LECG\LECG.csproj]
C:\Program Files\dotnet\sdk\8.0.415\Microsoft.Common.CurrentVersion.targets(2412,5): warning MSB3277:           Project file item includes which caused reference "C:\Program Files\Autodesk\Revit 2026\DetailDBAPI.dll". [C:\LECG\RevitAddins\LECG\LECG.csproj]
C:\Program Files\dotnet\sdk\8.0.415\Microsoft.Common.CurrentVersion.targets(2412,5): warning MSB3277:             RevitAPI [C:\LECG\RevitAddins\LECG\LECG.csproj]
C:\Program Files\dotnet\sdk\8.0.415\Microsoft.Common.CurrentVersion.targets(2412,5): warning MSB3277:             RevitAPIUI [C:\LECG\RevitAddins\LECG\LECG.csproj]
C:\Program Files\dotnet\sdk\8.0.415\Microsoft.Common.CurrentVersion.targets(2412,5): warning MSB3277:         C:\Program Files\Autodesk\Revit 2026\CurtainGridFamilyDBAPI.dll [C:\LECG\RevitAddins\LECG\LECG.csproj]
C:\Program Files\dotnet\sdk\8.0.415\Microsoft.Common.CurrentVersion.targets(2412,5): warning MSB3277:           Project file item includes which caused reference "C:\Program Files\Autodesk\Revit 2026\CurtainGridFamilyDBAPI.dll". [C:\LECG\RevitAddins\LECG\LECG.csproj]
C:\Program Files\dotnet\sdk\8.0.415\Microsoft.Common.CurrentVersion.targets(2412,5): warning MSB3277:             RevitAPI [C:\LECG\RevitAddins\LECG\LECG.csproj]
C:\Program Files\dotnet\sdk\8.0.415\Microsoft.Common.CurrentVersion.targets(2412,5): warning MSB3277:             RevitAPIUI [C:\LECG\RevitAddins\LECG\LECG.csproj]
C:\Program Files\dotnet\sdk\8.0.415\Microsoft.Common.CurrentVersion.targets(2412,5): warning MSB3277:         C:\Program Files\Autodesk\Revit 2026\ArrayElemsDBAPI.dll [C:\LECG\RevitAddins\LECG\LECG.csproj]
C:\Program Files\dotnet\sdk\8.0.415\Microsoft.Common.CurrentVersion.targets(2412,5): warning MSB3277:           Project file item includes which caused reference "C:\Program Files\Autodesk\Revit 2026\ArrayElemsDBAPI.dll". [C:\LECG\RevitAddins\LECG\LECG.csproj]
C:\Program Files\dotnet\sdk\8.0.415\Microsoft.Common.CurrentVersion.targets(2412,5): warning MSB3277:             RevitAPI [C:\LECG\RevitAddins\LECG\LECG.csproj]
C:\Program Files\dotnet\sdk\8.0.415\Microsoft.Common.CurrentVersion.targets(2412,5): warning MSB3277:             RevitAPIUI [C:\LECG\RevitAddins\LECG\LECG.csproj]
C:\Program Files\dotnet\sdk\8.0.415\Microsoft.Common.CurrentVersion.targets(2412,5): warning MSB3277:         C:\Program Files\Autodesk\Revit 2026\EnergyAnalysisDBAPI.dll [C:\LECG\RevitAddins\LECG\LECG.csproj]
C:\Program Files\dotnet\sdk\8.0.415\Microsoft.Common.CurrentVersion.targets(2412,5): warning MSB3277:           Project file item includes which caused reference "C:\Program Files\Autodesk\Revit 2026\EnergyAnalysisDBAPI.dll". [C:\LECG\RevitAddins\LECG\LECG.csproj]
C:\Program Files\dotnet\sdk\8.0.415\Microsoft.Common.CurrentVersion.targets(2412,5): warning MSB3277:             RevitAPI [C:\LECG\RevitAddins\LECG\LECG.csproj]
C:\Program Files\dotnet\sdk\8.0.415\Microsoft.Common.CurrentVersion.targets(2412,5): warning MSB3277:             RevitAPIUI [C:\LECG\RevitAddins\LECG\LECG.csproj]
C:\Program Files\dotnet\sdk\8.0.415\Microsoft.Common.CurrentVersion.targets(2412,5): warning MSB3277:         C:\Program Files\Autodesk\Revit 2026\BuildingSystemsDBAPI.dll [C:\LECG\RevitAddins\LECG\LECG.csproj]
C:\Program Files\dotnet\sdk\8.0.415\Microsoft.Common.CurrentVersion.targets(2412,5): warning MSB3277:           Project file item includes which caused reference "C:\Program Files\Autodesk\Revit 2026\BuildingSystemsDBAPI.dll". [C:\LECG\RevitAddins\LECG\LECG.csproj]
C:\Program Files\dotnet\sdk\8.0.415\Microsoft.Common.CurrentVersion.targets(2412,5): warning MSB3277:             RevitAPI [C:\LECG\RevitAddins\LECG\LECG.csproj]
C:\Program Files\dotnet\sdk\8.0.415\Microsoft.Common.CurrentVersion.targets(2412,5): warning MSB3277:             RevitAPIUI [C:\LECG\RevitAddins\LECG\LECG.csproj]
C:\Program Files\dotnet\sdk\8.0.415\Microsoft.Common.CurrentVersion.targets(2412,5): warning MSB3277:         C:\Program Files\Autodesk\Revit 2026\HostObjDBAPI.dll [C:\LECG\RevitAddins\LECG\LECG.csproj]
C:\Program Files\dotnet\sdk\8.0.415\Microsoft.Common.CurrentVersion.targets(2412,5): warning MSB3277:           Project file item includes which caused reference "C:\Program Files\Autodesk\Revit 2026\HostObjDBAPI.dll". [C:\LECG\RevitAddins\LECG\LECG.csproj]
C:\Program Files\dotnet\sdk\8.0.415\Microsoft.Common.CurrentVersion.targets(2412,5): warning MSB3277:             RevitAPI [C:\LECG\RevitAddins\LECG\LECG.csproj]
C:\Program Files\dotnet\sdk\8.0.415\Microsoft.Common.CurrentVersion.targets(2412,5): warning MSB3277:             RevitAPIUI [C:\LECG\RevitAddins\LECG\LECG.csproj]
C:\Program Files\dotnet\sdk\8.0.415\Microsoft.Common.CurrentVersion.targets(2412,5): warning MSB3277:         C:\Program Files\Autodesk\Revit 2026\RoomAreaPlanDBAPI.dll [C:\LECG\RevitAddins\LECG\LECG.csproj]
C:\Program Files\dotnet\sdk\8.0.415\Microsoft.Common.CurrentVersion.targets(2412,5): warning MSB3277:           Project file item includes which caused reference "C:\Program Files\Autodesk\Revit 2026\RoomAreaPlanDBAPI.dll". [C:\LECG\RevitAddins\LECG\LECG.csproj]
C:\Program Files\dotnet\sdk\8.0.415\Microsoft.Common.CurrentVersion.targets(2412,5): warning MSB3277:             RevitAPI [C:\LECG\RevitAddins\LECG\LECG.csproj]
C:\Program Files\dotnet\sdk\8.0.415\Microsoft.Common.CurrentVersion.targets(2412,5): warning MSB3277:             RevitAPIUI [C:\LECG\RevitAddins\LECG\LECG.csproj]
C:\Program Files\dotnet\sdk\8.0.415\Microsoft.Common.CurrentVersion.targets(2412,5): warning MSB3277:         C:\Program Files\Autodesk\Revit 2026\SiteDBAPI.dll [C:\LECG\RevitAddins\LECG\LECG.csproj]
C:\Program Files\dotnet\sdk\8.0.415\Microsoft.Common.CurrentVersion.targets(2412,5): warning MSB3277:           Project file item includes which caused reference "C:\Program Files\Autodesk\Revit 2026\SiteDBAPI.dll". [C:\LECG\RevitAddins\LECG\LECG.csproj]
C:\Program Files\dotnet\sdk\8.0.415\Microsoft.Common.CurrentVersion.targets(2412,5): warning MSB3277:             RevitAPI [C:\LECG\RevitAddins\LECG\LECG.csproj]
C:\Program Files\dotnet\sdk\8.0.415\Microsoft.Common.CurrentVersion.targets(2412,5): warning MSB3277:             RevitAPIUI [C:\LECG\RevitAddins\LECG\LECG.csproj]
C:\Program Files\dotnet\sdk\8.0.415\Microsoft.Common.CurrentVersion.targets(2412,5): warning MSB3277:         C:\Program Files\Autodesk\Revit 2026\SculptingDBAPI.dll [C:\LECG\RevitAddins\LECG\LECG.csproj]
C:\Program Files\dotnet\sdk\8.0.415\Microsoft.Common.CurrentVersion.targets(2412,5): warning MSB3277:           Project file item includes which caused reference "C:\Program Files\Autodesk\Revit 2026\SculptingDBAPI.dll". [C:\LECG\RevitAddins\LECG\LECG.csproj]
C:\Program Files\dotnet\sdk\8.0.415\Microsoft.Common.CurrentVersion.targets(2412,5): warning MSB3277:             RevitAPI [C:\LECG\RevitAddins\LECG\LECG.csproj]
C:\Program Files\dotnet\sdk\8.0.415\Microsoft.Common.CurrentVersion.targets(2412,5): warning MSB3277:             RevitAPIUI [C:\LECG\RevitAddins\LECG\LECG.csproj]
C:\Program Files\dotnet\sdk\8.0.415\Microsoft.Common.CurrentVersion.targets(2412,5): warning MSB3277:         C:\Program Files\Autodesk\Revit 2026\StructuralDBAPI.dll [C:\LECG\RevitAddins\LECG\LECG.csproj]
C:\Program Files\dotnet\sdk\8.0.415\Microsoft.Common.CurrentVersion.targets(2412,5): warning MSB3277:           Project file item includes which caused reference "C:\Program Files\Autodesk\Revit 2026\StructuralDBAPI.dll". [C:\LECG\RevitAddins\LECG\LECG.csproj]
C:\Program Files\dotnet\sdk\8.0.415\Microsoft.Common.CurrentVersion.targets(2412,5): warning MSB3277:             RevitAPI [C:\LECG\RevitAddins\LECG\LECG.csproj]
C:\Program Files\dotnet\sdk\8.0.415\Microsoft.Common.CurrentVersion.targets(2412,5): warning MSB3277:             RevitAPIUI [C:\LECG\RevitAddins\LECG\LECG.csproj]
C:\Program Files\dotnet\sdk\8.0.415\Microsoft.Common.CurrentVersion.targets(2412,5): warning MSB3277:         C:\Program Files\Autodesk\Revit 2026\InterfaceAPI.dll [C:\LECG\RevitAddins\LECG\LECG.csproj]
C:\Program Files\dotnet\sdk\8.0.415\Microsoft.Common.CurrentVersion.targets(2412,5): warning MSB3277:           Project file item includes which caused reference "C:\Program Files\Autodesk\Revit 2026\InterfaceAPI.dll". [C:\LECG\RevitAddins\LECG\LECG.csproj]
C:\Program Files\dotnet\sdk\8.0.415\Microsoft.Common.CurrentVersion.targets(2412,5): warning MSB3277:             RevitAPI [C:\LECG\RevitAddins\LECG\LECG.csproj]
C:\Program Files\dotnet\sdk\8.0.415\Microsoft.Common.CurrentVersion.targets(2412,5): warning MSB3277:             RevitAPIUI [C:\LECG\RevitAddins\LECG\LECG.csproj]
C:\Program Files\dotnet\sdk\8.0.415\Microsoft.Common.CurrentVersion.targets(2412,5): warning MSB3277:         C:\Program Files\Autodesk\Revit 2026\InterfaceUtilAPI.dll [C:\LECG\RevitAddins\LECG\LECG.csproj]
C:\Program Files\dotnet\sdk\8.0.415\Microsoft.Common.CurrentVersion.targets(2412,5): warning MSB3277:           Project file item includes which caused reference "C:\Program Files\Autodesk\Revit 2026\InterfaceUtilAPI.dll". [C:\LECG\RevitAddins\LECG\LECG.csproj]
C:\Program Files\dotnet\sdk\8.0.415\Microsoft.Common.CurrentVersion.targets(2412,5): warning MSB3277:             RevitAPI [C:\LECG\RevitAddins\LECG\LECG.csproj]
C:\Program Files\dotnet\sdk\8.0.415\Microsoft.Common.CurrentVersion.targets(2412,5): warning MSB3277:             RevitAPIUI [C:\LECG\RevitAddins\LECG\LECG.csproj]
C:\Program Files\dotnet\sdk\8.0.415\Microsoft.Common.CurrentVersion.targets(2412,5): warning MSB3277:         C:\Program Files\Autodesk\Revit 2026\RebarDBAPI.dll [C:\LECG\RevitAddins\LECG\LECG.csproj]
C:\Program Files\dotnet\sdk\8.0.415\Microsoft.Common.CurrentVersion.targets(2412,5): warning MSB3277:           Project file item includes which caused reference "C:\Program Files\Autodesk\Revit 2026\RebarDBAPI.dll". [C:\LECG\RevitAddins\LECG\LECG.csproj]
C:\Program Files\dotnet\sdk\8.0.415\Microsoft.Common.CurrentVersion.targets(2412,5): warning MSB3277:             RevitAPI [C:\LECG\RevitAddins\LECG\LECG.csproj]
C:\Program Files\dotnet\sdk\8.0.415\Microsoft.Common.CurrentVersion.targets(2412,5): warning MSB3277:             RevitAPIUI [C:\LECG\RevitAddins\LECG\LECG.csproj]
C:\Program Files\dotnet\sdk\8.0.415\Microsoft.Common.CurrentVersion.targets(2412,5): warning MSB3277:         C:\Program Files\Autodesk\Revit 2026\StructuralAnalysisDBAPI.dll [C:\LECG\RevitAddins\LECG\LECG.csproj]
C:\Program Files\dotnet\sdk\8.0.415\Microsoft.Common.CurrentVersion.targets(2412,5): warning MSB3277:           Project file item includes which caused reference "C:\Program Files\Autodesk\Revit 2026\StructuralAnalysisDBAPI.dll". [C:\LECG\RevitAddins\LECG\LECG.csproj]
C:\Program Files\dotnet\sdk\8.0.415\Microsoft.Common.CurrentVersion.targets(2412,5): warning MSB3277:             RevitAPI [C:\LECG\RevitAddins\LECG\LECG.csproj]
C:\Program Files\dotnet\sdk\8.0.415\Microsoft.Common.CurrentVersion.targets(2412,5): warning MSB3277:             RevitAPIUI [C:\LECG\RevitAddins\LECG\LECG.csproj]
C:\Program Files\dotnet\sdk\8.0.415\Microsoft.Common.CurrentVersion.targets(2412,5): warning MSB3277:         C:\Program Files\Autodesk\Revit 2026\MassingDBAPI.dll [C:\LECG\RevitAddins\LECG\LECG.csproj]
C:\Program Files\dotnet\sdk\8.0.415\Microsoft.Common.CurrentVersion.targets(2412,5): warning MSB3277:           Project file item includes which caused reference "C:\Program Files\Autodesk\Revit 2026\MassingDBAPI.dll". [C:\LECG\RevitAddins\LECG\LECG.csproj]
C:\Program Files\dotnet\sdk\8.0.415\Microsoft.Common.CurrentVersion.targets(2412,5): warning MSB3277:             RevitAPI [C:\LECG\RevitAddins\LECG\LECG.csproj]
C:\Program Files\dotnet\sdk\8.0.415\Microsoft.Common.CurrentVersion.targets(2412,5): warning MSB3277:             RevitAPIUI [C:\LECG\RevitAddins\LECG\LECG.csproj]
C:\Program Files\dotnet\sdk\8.0.415\Microsoft.Common.CurrentVersion.targets(2412,5): warning MSB3277:         C:\Program Files\Autodesk\Revit 2026\AssemblyDBAPI.dll [C:\LECG\RevitAddins\LECG\LECG.csproj]
C:\Program Files\dotnet\sdk\8.0.415\Microsoft.Common.CurrentVersion.targets(2412,5): warning MSB3277:           Project file item includes which caused reference "C:\Program Files\Autodesk\Revit 2026\AssemblyDBAPI.dll". [C:\LECG\RevitAddins\LECG\LECG.csproj]
C:\Program Files\dotnet\sdk\8.0.415\Microsoft.Common.CurrentVersion.targets(2412,5): warning MSB3277:             RevitAPI [C:\LECG\RevitAddins\LECG\LECG.csproj]
C:\Program Files\dotnet\sdk\8.0.415\Microsoft.Common.CurrentVersion.targets(2412,5): warning MSB3277:             RevitAPIUI [C:\LECG\RevitAddins\LECG\LECG.csproj]
C:\Program Files\dotnet\sdk\8.0.415\Microsoft.Common.CurrentVersion.targets(2412,5): warning MSB3277:         C:\Program Files\Autodesk\Revit 2026\DPartDBAPI.dll [C:\LECG\RevitAddins\LECG\LECG.csproj]
C:\Program Files\dotnet\sdk\8.0.415\Microsoft.Common.CurrentVersion.targets(2412,5): warning MSB3277:           Project file item includes which caused reference "C:\Program Files\Autodesk\Revit 2026\DPartDBAPI.dll". [C:\LECG\RevitAddins\LECG\LECG.csproj]
C:\Program Files\dotnet\sdk\8.0.415\Microsoft.Common.CurrentVersion.targets(2412,5): warning MSB3277:             RevitAPI [C:\LECG\RevitAddins\LECG\LECG.csproj]
C:\Program Files\dotnet\sdk\8.0.415\Microsoft.Common.CurrentVersion.targets(2412,5): warning MSB3277:             RevitAPIUI [C:\LECG\RevitAddins\LECG\LECG.csproj]
C:\Program Files\dotnet\sdk\8.0.415\Microsoft.Common.CurrentVersion.targets(2412,5): warning MSB3277:         C:\Program Files\Autodesk\Revit 2026\NumberingDBAPI.dll [C:\LECG\RevitAddins\LECG\LECG.csproj]
C:\Program Files\dotnet\sdk\8.0.415\Microsoft.Common.CurrentVersion.targets(2412,5): warning MSB3277:           Project file item includes which caused reference "C:\Program Files\Autodesk\Revit 2026\NumberingDBAPI.dll". [C:\LECG\RevitAddins\LECG\LECG.csproj]
C:\Program Files\dotnet\sdk\8.0.415\Microsoft.Common.CurrentVersion.targets(2412,5): warning MSB3277:             RevitAPI [C:\LECG\RevitAddins\LECG\LECG.csproj]
C:\Program Files\dotnet\sdk\8.0.415\Microsoft.Common.CurrentVersion.targets(2412,5): warning MSB3277:             RevitAPIUI [C:\LECG\RevitAddins\LECG\LECG.csproj]
C:\Program Files\dotnet\sdk\8.0.415\Microsoft.Common.CurrentVersion.targets(2412,5): warning MSB3277:         C:\Program Files\Autodesk\Revit 2026\PointCloudAccessAPI.dll [C:\LECG\RevitAddins\LECG\LECG.csproj]
C:\Program Files\dotnet\sdk\8.0.415\Microsoft.Common.CurrentVersion.targets(2412,5): warning MSB3277:           Project file item includes which caused reference "C:\Program Files\Autodesk\Revit 2026\PointCloudAccessAPI.dll". [C:\LECG\RevitAddins\LECG\LECG.csproj]
C:\Program Files\dotnet\sdk\8.0.415\Microsoft.Common.CurrentVersion.targets(2412,5): warning MSB3277:             RevitAPI [C:\LECG\RevitAddins\LECG\LECG.csproj]
C:\Program Files\dotnet\sdk\8.0.415\Microsoft.Common.CurrentVersion.targets(2412,5): warning MSB3277:             RevitAPIUI [C:\LECG\RevitAddins\LECG\LECG.csproj]
C:\Program Files\dotnet\sdk\8.0.415\Microsoft.Common.CurrentVersion.targets(2412,5): warning MSB3277:         C:\Program Files\Autodesk\Revit 2026\StairRampDBAPI.dll [C:\LECG\RevitAddins\LECG\LECG.csproj]
C:\Program Files\dotnet\sdk\8.0.415\Microsoft.Common.CurrentVersion.targets(2412,5): warning MSB3277:           Project file item includes which caused reference "C:\Program Files\Autodesk\Revit 2026\StairRampDBAPI.dll". [C:\LECG\RevitAddins\LECG\LECG.csproj]
C:\Program Files\dotnet\sdk\8.0.415\Microsoft.Common.CurrentVersion.targets(2412,5): warning MSB3277:             RevitAPI [C:\LECG\RevitAddins\LECG\LECG.csproj]
C:\Program Files\dotnet\sdk\8.0.415\Microsoft.Common.CurrentVersion.targets(2412,5): warning MSB3277:             RevitAPIUI [C:\LECG\RevitAddins\LECG\LECG.csproj]
C:\Program Files\dotnet\sdk\8.0.415\Microsoft.Common.CurrentVersion.targets(2412,5): warning MSB3277:         C:\Program Files\Autodesk\Revit 2026\AnalysisAppsDBAPI.dll [C:\LECG\RevitAddins\LECG\LECG.csproj]
C:\Program Files\dotnet\sdk\8.0.415\Microsoft.Common.CurrentVersion.targets(2412,5): warning MSB3277:           Project file item includes which caused reference "C:\Program Files\Autodesk\Revit 2026\AnalysisAppsDBAPI.dll". [C:\LECG\RevitAddins\LECG\LECG.csproj]
C:\Program Files\dotnet\sdk\8.0.415\Microsoft.Common.CurrentVersion.targets(2412,5): warning MSB3277:             RevitAPI [C:\LECG\RevitAddins\LECG\LECG.csproj]
C:\Program Files\dotnet\sdk\8.0.415\Microsoft.Common.CurrentVersion.targets(2412,5): warning MSB3277:             RevitAPIUI [C:\LECG\RevitAddins\LECG\LECG.csproj]
C:\Program Files\dotnet\sdk\8.0.415\Microsoft.Common.CurrentVersion.targets(2412,5): warning MSB3277:         C:\Program Files\Autodesk\Revit 2026\MaterialDBAPI.dll [C:\LECG\RevitAddins\LECG\LECG.csproj]
C:\Program Files\dotnet\sdk\8.0.415\Microsoft.Common.CurrentVersion.targets(2412,5): warning MSB3277:           Project file item includes which caused reference "C:\Program Files\Autodesk\Revit 2026\MaterialDBAPI.dll". [C:\LECG\RevitAddins\LECG\LECG.csproj]
C:\Program Files\dotnet\sdk\8.0.415\Microsoft.Common.CurrentVersion.targets(2412,5): warning MSB3277:             RevitAPI [C:\LECG\RevitAddins\LECG\LECG.csproj]
C:\Program Files\dotnet\sdk\8.0.415\Microsoft.Common.CurrentVersion.targets(2412,5): warning MSB3277:             RevitAPIUI [C:\LECG\RevitAddins\LECG\LECG.csproj]
C:\Program Files\dotnet\sdk\8.0.415\Microsoft.Common.CurrentVersion.targets(2412,5): warning MSB3277:         C:\Program Files\Autodesk\Revit 2026\IntfATFAPI.dll [C:\LECG\RevitAddins\LECG\LECG.csproj]
C:\Program Files\dotnet\sdk\8.0.415\Microsoft.Common.CurrentVersion.targets(2412,5): warning MSB3277:           Project file item includes which caused reference "C:\Program Files\Autodesk\Revit 2026\IntfATFAPI.dll". [C:\LECG\RevitAddins\LECG\LECG.csproj]
C:\Program Files\dotnet\sdk\8.0.415\Microsoft.Common.CurrentVersion.targets(2412,5): warning MSB3277:             RevitAPI [C:\LECG\RevitAddins\LECG\LECG.csproj]
C:\Program Files\dotnet\sdk\8.0.415\Microsoft.Common.CurrentVersion.targets(2412,5): warning MSB3277:             RevitAPIUI [C:\LECG\RevitAddins\LECG\LECG.csproj]
C:\Program Files\dotnet\sdk\8.0.415\Microsoft.Common.CurrentVersion.targets(2412,5): warning MSB3277:         C:\Program Files\Autodesk\Revit 2026\TextEngineAPI.dll [C:\LECG\RevitAddins\LECG\LECG.csproj]
C:\Program Files\dotnet\sdk\8.0.415\Microsoft.Common.CurrentVersion.targets(2412,5): warning MSB3277:           Project file item includes which caused reference "C:\Program Files\Autodesk\Revit 2026\TextEngineAPI.dll". [C:\LECG\RevitAddins\LECG\LECG.csproj]
C:\Program Files\dotnet\sdk\8.0.415\Microsoft.Common.CurrentVersion.targets(2412,5): warning MSB3277:             RevitAPI [C:\LECG\RevitAddins\LECG\LECG.csproj]
C:\Program Files\dotnet\sdk\8.0.415\Microsoft.Common.CurrentVersion.targets(2412,5): warning MSB3277:             RevitAPIUI [C:\LECG\RevitAddins\LECG\LECG.csproj]
C:\Program Files\dotnet\sdk\8.0.415\Microsoft.Common.CurrentVersion.targets(2412,5): warning MSB3277:         C:\Program Files\Autodesk\Revit 2026\InfrastructureDBAPI.dll [C:\LECG\RevitAddins\LECG\LECG.csproj]
C:\Program Files\dotnet\sdk\8.0.415\Microsoft.Common.CurrentVersion.targets(2412,5): warning MSB3277:           Project file item includes which caused reference "C:\Program Files\Autodesk\Revit 2026\InfrastructureDBAPI.dll". [C:\LECG\RevitAddins\LECG\LECG.csproj]
C:\Program Files\dotnet\sdk\8.0.415\Microsoft.Common.CurrentVersion.targets(2412,5): warning MSB3277:             RevitAPI [C:\LECG\RevitAddins\LECG\LECG.csproj]
C:\Program Files\dotnet\sdk\8.0.415\Microsoft.Common.CurrentVersion.targets(2412,5): warning MSB3277:             RevitAPIUI [C:\LECG\RevitAddins\LECG\LECG.csproj]
C:\Program Files\dotnet\sdk\8.0.415\Microsoft.Common.CurrentVersion.targets(2412,5): warning MSB3277:         C:\Program Files\Autodesk\Revit 2026\ATFRevitCoreAPI.dll [C:\LECG\RevitAddins\LECG\LECG.csproj]
C:\Program Files\dotnet\sdk\8.0.415\Microsoft.Common.CurrentVersion.targets(2412,5): warning MSB3277:           Project file item includes which caused reference "C:\Program Files\Autodesk\Revit 2026\ATFRevitCoreAPI.dll". [C:\LECG\RevitAddins\LECG\LECG.csproj]
C:\Program Files\dotnet\sdk\8.0.415\Microsoft.Common.CurrentVersion.targets(2412,5): warning MSB3277:             RevitAPI [C:\LECG\RevitAddins\LECG\LECG.csproj]
C:\Program Files\dotnet\sdk\8.0.415\Microsoft.Common.CurrentVersion.targets(2412,5): warning MSB3277:             RevitAPIUI [C:\LECG\RevitAddins\LECG\LECG.csproj]
C:\Program Files\dotnet\sdk\8.0.415\Microsoft.Common.CurrentVersion.targets(2412,5): warning MSB3277:         C:\Program Files\Autodesk\Revit 2026\DBManagedServices.dll [C:\LECG\RevitAddins\LECG\LECG.csproj]
C:\Program Files\dotnet\sdk\8.0.415\Microsoft.Common.CurrentVersion.targets(2412,5): warning MSB3277:           Project file item includes which caused reference "C:\Program Files\Autodesk\Revit 2026\DBManagedServices.dll". [C:\LECG\RevitAddins\LECG\LECG.csproj]
C:\Program Files\dotnet\sdk\8.0.415\Microsoft.Common.CurrentVersion.targets(2412,5): warning MSB3277:             RevitAPI [C:\LECG\RevitAddins\LECG\LECG.csproj]
C:\Program Files\dotnet\sdk\8.0.415\Microsoft.Common.CurrentVersion.targets(2412,5): warning MSB3277:             RevitAPIUI [C:\LECG\RevitAddins\LECG\LECG.csproj]
C:\Program Files\dotnet\sdk\8.0.415\Microsoft.Common.CurrentVersion.targets(2412,5): warning MSB3277:         C:\Program Files\Autodesk\Revit 2026\APIInterop.dll [C:\LECG\RevitAddins\LECG\LECG.csproj]
C:\Program Files\dotnet\sdk\8.0.415\Microsoft.Common.CurrentVersion.targets(2412,5): warning MSB3277:           Project file item includes which caused reference "C:\Program Files\Autodesk\Revit 2026\APIInterop.dll". [C:\LECG\RevitAddins\LECG\LECG.csproj]
C:\Program Files\dotnet\sdk\8.0.415\Microsoft.Common.CurrentVersion.targets(2412,5): warning MSB3277:             RevitAPIUI [C:\LECG\RevitAddins\LECG\LECG.csproj]
C:\Program Files\dotnet\sdk\8.0.415\Microsoft.Common.CurrentVersion.targets(2412,5): warning MSB3277:         C:\Program Files\Autodesk\Revit 2026\AddInManager.dll [C:\LECG\RevitAddins\LECG\LECG.csproj]
C:\Program Files\dotnet\sdk\8.0.415\Microsoft.Common.CurrentVersion.targets(2412,5): warning MSB3277:           Project file item includes which caused reference "C:\Program Files\Autodesk\Revit 2026\AddInManager.dll". [C:\LECG\RevitAddins\LECG\LECG.csproj]
C:\Program Files\dotnet\sdk\8.0.415\Microsoft.Common.CurrentVersion.targets(2412,5): warning MSB3277:             RevitAPIUI [C:\LECG\RevitAddins\LECG\LECG.csproj]
C:\Program Files\dotnet\sdk\8.0.415\Microsoft.Common.CurrentVersion.targets(2412,5): warning MSB3277:         C:\Program Files\Autodesk\Revit 2026\RevitUIAPI.dll [C:\LECG\RevitAddins\LECG\LECG.csproj]
C:\Program Files\dotnet\sdk\8.0.415\Microsoft.Common.CurrentVersion.targets(2412,5): warning MSB3277:           Project file item includes which caused reference "C:\Program Files\Autodesk\Revit 2026\RevitUIAPI.dll". [C:\LECG\RevitAddins\LECG\LECG.csproj]
C:\Program Files\dotnet\sdk\8.0.415\Microsoft.Common.CurrentVersion.targets(2412,5): warning MSB3277:             RevitAPIUI [C:\LECG\RevitAddins\LECG\LECG.csproj]
C:\Program Files\dotnet\sdk\8.0.415\Microsoft.Common.CurrentVersion.targets(2412,5): warning MSB3277:         C:\Program Files\Autodesk\Revit 2026\BuildingSystemsUIAPI.dll [C:\LECG\RevitAddins\LECG\LECG.csproj]
C:\Program Files\dotnet\sdk\8.0.415\Microsoft.Common.CurrentVersion.targets(2412,5): warning MSB3277:           Project file item includes which caused reference "C:\Program Files\Autodesk\Revit 2026\BuildingSystemsUIAPI.dll". [C:\LECG\RevitAddins\LECG\LECG.csproj]
C:\Program Files\dotnet\sdk\8.0.415\Microsoft.Common.CurrentVersion.targets(2412,5): warning MSB3277:             RevitAPIUI [C:\LECG\RevitAddins\LECG\LECG.csproj]
C:\Program Files\dotnet\sdk\8.0.415\Microsoft.Common.CurrentVersion.targets(2412,5): warning MSB3277:         C:\Program Files\Autodesk\Revit 2026\DesktopMFCAPI.dll [C:\LECG\RevitAddins\LECG\LECG.csproj]
C:\Program Files\dotnet\sdk\8.0.415\Microsoft.Common.CurrentVersion.targets(2412,5): warning MSB3277:           Project file item includes which caused reference "C:\Program Files\Autodesk\Revit 2026\DesktopMFCAPI.dll". [C:\LECG\RevitAddins\LECG\LECG.csproj]
C:\Program Files\dotnet\sdk\8.0.415\Microsoft.Common.CurrentVersion.targets(2412,5): warning MSB3277:             RevitAPIUI [C:\LECG\RevitAddins\LECG\LECG.csproj]
C:\Program Files\dotnet\sdk\8.0.415\Microsoft.Common.CurrentVersion.targets(2412,5): warning MSB3277:         C:\Program Files\Autodesk\Revit 2026\APIUIAPI.dll [C:\LECG\RevitAddins\LECG\LECG.csproj]
C:\Program Files\dotnet\sdk\8.0.415\Microsoft.Common.CurrentVersion.targets(2412,5): warning MSB3277:           Project file item includes which caused reference "C:\Program Files\Autodesk\Revit 2026\APIUIAPI.dll". [C:\LECG\RevitAddins\LECG\LECG.csproj]
C:\Program Files\dotnet\sdk\8.0.415\Microsoft.Common.CurrentVersion.targets(2412,5): warning MSB3277:             RevitAPIUI [C:\LECG\RevitAddins\LECG\LECG.csproj]
C:\Program Files\dotnet\sdk\8.0.415\Microsoft.Common.CurrentVersion.targets(2412,5): warning MSB3277:         C:\Program Files\Autodesk\Revit 2026\RevitMFCAPI.dll [C:\LECG\RevitAddins\LECG\LECG.csproj]
C:\Program Files\dotnet\sdk\8.0.415\Microsoft.Common.CurrentVersion.targets(2412,5): warning MSB3277:           Project file item includes which caused reference "C:\Program Files\Autodesk\Revit 2026\RevitMFCAPI.dll". [C:\LECG\RevitAddins\LECG\LECG.csproj]
C:\Program Files\dotnet\sdk\8.0.415\Microsoft.Common.CurrentVersion.targets(2412,5): warning MSB3277:             RevitAPIUI [C:\LECG\RevitAddins\LECG\LECG.csproj]
C:\Program Files\dotnet\sdk\8.0.415\Microsoft.Common.CurrentVersion.targets(2412,5): warning MSB3277:         C:\Program Files\Autodesk\Revit 2026\EssentialsUIAPI.dll [C:\LECG\RevitAddins\LECG\LECG.csproj]
C:\Program Files\dotnet\sdk\8.0.415\Microsoft.Common.CurrentVersion.targets(2412,5): warning MSB3277:           Project file item includes which caused reference "C:\Program Files\Autodesk\Revit 2026\EssentialsUIAPI.dll". [C:\LECG\RevitAddins\LECG\LECG.csproj]
C:\Program Files\dotnet\sdk\8.0.415\Microsoft.Common.CurrentVersion.targets(2412,5): warning MSB3277:             RevitAPIUI [C:\LECG\RevitAddins\LECG\LECG.csproj]
C:\Program Files\dotnet\sdk\8.0.415\Microsoft.Common.CurrentVersion.targets(2412,5): warning MSB3277:         C:\Program Files\Autodesk\Revit 2026\DetailUIAPI.dll [C:\LECG\RevitAddins\LECG\LECG.csproj]
C:\Program Files\dotnet\sdk\8.0.415\Microsoft.Common.CurrentVersion.targets(2412,5): warning MSB3277:           Project file item includes which caused reference "C:\Program Files\Autodesk\Revit 2026\DetailUIAPI.dll". [C:\LECG\RevitAddins\LECG\LECG.csproj]
C:\Program Files\dotnet\sdk\8.0.415\Microsoft.Common.CurrentVersion.targets(2412,5): warning MSB3277:             RevitAPIUI [C:\LECG\RevitAddins\LECG\LECG.csproj]
C:\Program Files\dotnet\sdk\8.0.415\Microsoft.Common.CurrentVersion.targets(2412,5): warning MSB3277:         C:\Program Files\Autodesk\Revit 2026\UIFrameworkServices.dll [C:\LECG\RevitAddins\LECG\LECG.csproj]
C:\Program Files\dotnet\sdk\8.0.415\Microsoft.Common.CurrentVersion.targets(2412,5): warning MSB3277:           Project file item includes which caused reference "C:\Program Files\Autodesk\Revit 2026\UIFrameworkServices.dll". [C:\LECG\RevitAddins\LECG\LECG.csproj]
C:\Program Files\dotnet\sdk\8.0.415\Microsoft.Common.CurrentVersion.targets(2412,5): warning MSB3277:             RevitAPIUI [C:\LECG\RevitAddins\LECG\LECG.csproj]
C:\Program Files\dotnet\sdk\8.0.415\Microsoft.Common.CurrentVersion.targets(2412,5): warning MSB3277:         C:\Program Files\Autodesk\Revit 2026\SSONET.dll [C:\LECG\RevitAddins\LECG\LECG.csproj]
C:\Program Files\dotnet\sdk\8.0.415\Microsoft.Common.CurrentVersion.targets(2412,5): warning MSB3277:           Project file item includes which caused reference "C:\Program Files\Autodesk\Revit 2026\SSONET.dll". [C:\LECG\RevitAddins\LECG\LECG.csproj]
C:\Program Files\dotnet\sdk\8.0.415\Microsoft.Common.CurrentVersion.targets(2412,5): warning MSB3277:             RevitAPIUI [C:\LECG\RevitAddins\LECG\LECG.csproj]
C:\LECG\RevitAddins\LECG\src\Services\SearchReplaceService.cs(10,7): warning CS0105: The using directive for 'Autodesk.Revit.DB' appeared previously in this namespace [C:\LECG\RevitAddins\LECG\LECG_ka3ls3xq_wpftmp.csproj]
C:\LECG\RevitAddins\LECG\src\Services\SearchReplaceService.cs(11,7): warning CS0105: The using directive for 'LECG.ViewModels' appeared previously in this namespace [C:\LECG\RevitAddins\LECG\LECG_ka3ls3xq_wpftmp.csproj]
C:\LECG\RevitAddins\LECG\src\Services\SearchReplaceService.cs(12,7): warning CS0105: The using directive for 'LECG.Configuration' appeared previously in this namespace [C:\LECG\RevitAddins\LECG\LECG_ka3ls3xq_wpftmp.csproj]
C:\LECG\RevitAddins\LECG\src\Services\SearchReplaceService.cs(13,7): warning CS0105: The using directive for 'LECG.Views' appeared previously in this namespace [C:\LECG\RevitAddins\LECG\LECG_ka3ls3xq_wpftmp.csproj]
C:\LECG\RevitAddins\LECG\src\Services\SearchReplaceService.cs(14,7): warning CS0105: The using directive for 'System.Diagnostics' appeared previously in this namespace [C:\LECG\RevitAddins\LECG\LECG_ka3ls3xq_wpftmp.csproj]
C:\LECG\RevitAddins\LECG\src\Services\SearchReplaceService.cs(15,7): warning CS0105: The using directive for 'System.Text.RegularExpressions' appeared previously in this namespace [C:\LECG\RevitAddins\LECG\LECG_ka3ls3xq_wpftmp.csproj]
C:\LECG\RevitAddins\LECG\src\Core\RelayCommand.cs(14,84): warning CS8625: Cannot convert null literal to non-nullable reference type. [C:\LECG\RevitAddins\LECG\LECG_ka3ls3xq_wpftmp.csproj]
C:\LECG\RevitAddins\LECG\src\Commands\ResetSlabsCommand.cs(122,28): warning CS0109: The member 'ResetSlabsCommand.GetLogContent()' does not hide an accessible member. The new keyword is not required. [C:\LECG\RevitAddins\LECG\LECG_ka3ls3xq_wpftmp.csproj]
C:\LECG\RevitAddins\LECG\src\ViewModels\SearchReplaceViewModel.cs(72,63): error CS0246: The type or namespace name 'Document' could not be found (are you missing a using directive or an assembly reference?) [C:\LECG\RevitAddins\LECG\LECG_ka3ls3xq_wpftmp.csproj]
C:\LECG\RevitAddins\LECG\src\ViewModels\SearchReplaceViewModel.cs(22,17): error CS0246: The type or namespace name 'Document' could not be found (are you missing a using directive or an assembly reference?) [C:\LECG\RevitAddins\LECG\LECG_ka3ls3xq_wpftmp.csproj]
    10 Warning(s)
    2 Error(s)

Time Elapsed 00:00:00.86
