  Determining projects to restore...
  All projects are up-to-date for restore.
C:\LECG\RevitAddins\LECG\src\Commands\ConvertSharedCommand.cs(122,37): error CS0535: 'ConvertSharedCommand.FamilyLoadedOptions' does not implement interface member 'IFamilyLoadOptions.OnSharedFamilyFound(Family, bool, out FamilySource, out bool)' [C:\LECG\RevitAddins\LECG\LECG_q0ob5hhn_wpftmp.csproj]

Build FAILED.

C:\LECG\RevitAddins\LECG\src\Commands\ConvertSharedCommand.cs(122,37): error CS0535: 'ConvertSharedCommand.FamilyLoadedOptions' does not implement interface member 'IFamilyLoadOptions.OnSharedFamilyFound(Family, bool, out FamilySource, out bool)' [C:\LECG\RevitAddins\LECG\LECG_q0ob5hhn_wpftmp.csproj]
    0 Warning(s)
    1 Error(s)

Time Elapsed 00:00:01.08
