
     3>c:\LECG\RevitAddins\LE
CG\src\Services\BatchRenameEx
ecutionService.cs(28,53): 
error CS0103: The name 
'total' does not exist in 
the current context [c:\LECG\
RevitAddins\LECG\LECG_gczq4pl
j_wpftmp.csproj]
     3>c:\LECG\RevitAddins\LE
CG\src\Services\BatchRenameEx
ecutionService.cs(39,25): 
error CS0103: The name 
'current' does not exist in 
the current context [c:\LECG\
RevitAddins\LECG\LECG_gczq4pl
j_wpftmp.csproj]
     3>c:\LECG\RevitAddins\LE
CG\src\Services\BatchRenameEx
ecutionService.cs(40,50): 
error CS0103: The name 
'current' does not exist in 
the current context [c:\LECG\
RevitAddins\LECG\LECG_gczq4pl
j_wpftmp.csproj]
     3>c:\LECG\RevitAddins\LE
CG\src\Services\BatchRenameEx
ecutionService.cs(40,60): 
error CS0103: The name 
'total' does not exist in 
the current context [c:\LECG\
RevitAddins\LECG\LECG_gczq4pl
j_wpftmp.csproj]
     3>c:\LECG\RevitAddins\LE
CG\src\Services\BatchRenameEx
ecutionService.cs(63,41): 
error CS0103: The name 
'count' does not exist in 
the current context [c:\LECG\
RevitAddins\LECG\LECG_gczq4pl
j_wpftmp.csproj]
     3>c:\LECG\RevitAddins\LE
CG\src\Services\BatchRenameEx
ecutionService.cs(74,49): 
error CS0103: The name 
'count' does not exist in 
the current context [c:\LECG\
RevitAddins\LECG\LECG_gczq4pl
j_wpftmp.csproj]
     3>c:\LECG\RevitAddins\LE
CG\src\Services\BatchRenameEx
ecutionService.cs(97,37): 
error CS0103: The name 
'count' does not exist in 
the current context [c:\LECG\
RevitAddins\LECG\LECG_gczq4pl
j_wpftmp.csproj]
     3>c:\LECG\RevitAddins\LE
CG\src\Services\BatchRenameEx
ecutionService.cs(119,21): 
error CS0103: The name 
'current' does not exist in 
the current context [c:\LECG\
RevitAddins\LECG\LECG_gczq4pl
j_wpftmp.csproj]
     3>c:\LECG\RevitAddins\LE
CG\src\Services\BatchRenameEx
ecutionService.cs(120,46): 
error CS0103: The name 
'current' does not exist in 
the current context [c:\LECG\
RevitAddins\LECG\LECG_gczq4pl
j_wpftmp.csproj]
     3>c:\LECG\RevitAddins\LE
CG\src\Services\BatchRenameEx
ecutionService.cs(120,56): 
error CS0103: The name 
'total' does not exist in 
the current context [c:\LECG\
RevitAddins\LECG\LECG_gczq4pl
j_wpftmp.csproj]
     3>c:\LECG\RevitAddins\LE
CG\src\Services\BatchRenameEx
ecutionService.cs(158,41): 
error CS0103: The name 
'count' does not exist in 
the current context [c:\LECG\
RevitAddins\LECG\LECG_gczq4pl
j_wpftmp.csproj]
     3>c:\LECG\RevitAddins\LE
CG\src\Services\BatchRenameEx
ecutionService.cs(178,66): 
error CS0103: The name 
'count' does not exist in 
the current context [c:\LECG\
RevitAddins\LECG\LECG_gczq4pl
j_wpftmp.csproj]
     3>c:\LECG\RevitAddins\LE
CG\src\Services\BatchRenameEx
ecutionService.cs(181,20): 
error CS0103: The name 
'count' does not exist in 
the current context [c:\LECG\
RevitAddins\LECG\LECG_gczq4pl
j_wpftmp.csproj]
         c:\LECG\RevitAddins\
LECG\src\Services\BatchRename
ExecutionService.cs(28,53): 
error CS0103: The name 
'total' does not exist in 
the current context [c:\LECG\
RevitAddins\LECG\LECG_gczq4pl
j_wpftmp.csproj]
         c:\LECG\RevitAddins\
LECG\src\Services\BatchRename
ExecutionService.cs(39,25): 
error CS0103: The name 
'current' does not exist in 
the current context [c:\LECG\
RevitAddins\LECG\LECG_gczq4pl
j_wpftmp.csproj]
         c:\LECG\RevitAddins\
LECG\src\Services\BatchRename
ExecutionService.cs(40,50): 
error CS0103: The name 
'current' does not exist in 
the current context [c:\LECG\
RevitAddins\LECG\LECG_gczq4pl
j_wpftmp.csproj]
         c:\LECG\RevitAddins\
LECG\src\Services\BatchRename
ExecutionService.cs(40,60): 
error CS0103: The name 
'total' does not exist in 
the current context [c:\LECG\
RevitAddins\LECG\LECG_gczq4pl
j_wpftmp.csproj]
         c:\LECG\RevitAddins\
LECG\src\Services\BatchRename
ExecutionService.cs(63,41): 
error CS0103: The name 
'count' does not exist in 
the current context [c:\LECG\
RevitAddins\LECG\LECG_gczq4pl
j_wpftmp.csproj]
         c:\LECG\RevitAddins\
LECG\src\Services\BatchRename
ExecutionService.cs(74,49): 
error CS0103: The name 
'count' does not exist in 
the current context [c:\LECG\
RevitAddins\LECG\LECG_gczq4pl
j_wpftmp.csproj]
         c:\LECG\RevitAddins\
LECG\src\Services\BatchRename
ExecutionService.cs(97,37): 
error CS0103: The name 
'count' does not exist in 
the current context [c:\LECG\
RevitAddins\LECG\LECG_gczq4pl
j_wpftmp.csproj]
         c:\LECG\RevitAddins\
LECG\src\Services\BatchRename
ExecutionService.cs(119,21): 
error CS0103: The name 
'current' does not exist in 
the current context [c:\LECG\
RevitAddins\LECG\LECG_gczq4pl
j_wpftmp.csproj]
         c:\LECG\RevitAddins\
LECG\src\Services\BatchRename
ExecutionService.cs(120,46): 
error CS0103: The name 
'current' does not exist in 
the current context [c:\LECG\
RevitAddins\LECG\LECG_gczq4pl
j_wpftmp.csproj]
         c:\LECG\RevitAddins\
LECG\src\Services\BatchRename
ExecutionService.cs(120,56): 
error CS0103: The name 
'total' does not exist in 
the current context [c:\LECG\
RevitAddins\LECG\LECG_gczq4pl
j_wpftmp.csproj]
         c:\LECG\RevitAddins\
LECG\src\Services\BatchRename
ExecutionService.cs(158,41): 
error CS0103: The name 
'count' does not exist in 
the current context [c:\LECG\
RevitAddins\LECG\LECG_gczq4pl
j_wpftmp.csproj]
         c:\LECG\RevitAddins\
LECG\src\Services\BatchRename
ExecutionService.cs(178,66): 
error CS0103: The name 
'count' does not exist in 
the current context [c:\LECG\
RevitAddins\LECG\LECG_gczq4pl
j_wpftmp.csproj]
         c:\LECG\RevitAddins\
LECG\src\Services\BatchRename
ExecutionService.cs(181,20): 
error CS0103: The name 
'count' does not exist in 
the current context [c:\LECG\
RevitAddins\LECG\LECG_gczq4pl
j_wpftmp.csproj]


